Archive member included to satisfy reference by file (symbol)

.\CortexM3\ARM_GCC_541\Debug\Design01.a(CyDmac.o)
                              .\CortexM3\ARM_GCC_541\Debug\Cm3Start.o (CyDmacConfigure)
.\CortexM3\ARM_GCC_541\Debug\Design01.a(CyLib.o)
                              .\CortexM3\ARM_GCC_541\Debug\Cm3Start.o (CyHalt)
.\CortexM3\ARM_GCC_541\Debug\Design01.a(cyPm.o)
                              .\CortexM3\ARM_GCC_541\Debug\Design01.a(CyLib.o) (CyPmReadStatus)
.\CortexM3\ARM_GCC_541\Debug\Design01.a(isr_CKP_counter.o)
                              .\CortexM3\ARM_GCC_541\Debug\main.o (isr_CKP_counter_Start)
.\CortexM3\ARM_GCC_541\Debug\Design01.a(Timer_Sytem.o)
                              .\CortexM3\ARM_GCC_541\Debug\Design01.a(isr_CKP_counter.o) (Timer_Sytem_ReadCounter)
.\CortexM3\ARM_GCC_541\Debug\Design01.a(Timer_1.o)
                              .\CortexM3\ARM_GCC_541\Debug\main.o (Timer_1_WritePeriod)
.\CortexM3\ARM_GCC_541\Debug\Design01.a(Control_Reg_1.o)
                              .\CortexM3\ARM_GCC_541\Debug\Design01.a(isr_CKP_counter.o) (Control_Reg_1_Write)
.\CortexM3\ARM_GCC_541\Debug\Design01.a(isr_Not_Runing.o)
                              .\CortexM3\ARM_GCC_541\Debug\main.o (isr_Not_Runing_Start)
.\CortexM3\ARM_GCC_541\Debug\Design01.a(Thermistor_1.o)
                              .\CortexM3\ARM_GCC_541\Debug\fancontroller.o (Thermistor_1_GetTemperature)
.\CortexM3\ARM_GCC_541\Debug\Design01.a(VDAC8_1.o)
                              .\CortexM3\ARM_GCC_541\Debug\main.o (VDAC8_1_Start)
.\CortexM3\ARM_GCC_541\Debug\Design01.a(ADC_DelSig_1.o)
                              .\CortexM3\ARM_GCC_541\Debug\main.o (ADC_DelSig_1_Start)
.\CortexM3\ARM_GCC_541\Debug\Design01.a(ADC_DelSig_1_INT.o)
                              .\CortexM3\ARM_GCC_541\Debug\Design01.a(ADC_DelSig_1.o) (ADC_DelSig_1_ISR1)
.\CortexM3\ARM_GCC_541\Debug\Design01.a(Opamp_1.o)
                              .\CortexM3\ARM_GCC_541\Debug\main.o (Opamp_1_Start)
.\CortexM3\ARM_GCC_541\Debug\Design01.a(AMux_1.o)
                              .\CortexM3\ARM_GCC_541\Debug\main.o (AMux_1_Start)
.\CortexM3\ARM_GCC_541\Debug\Design01.a(ADC_DelSig_1_Ext_CP_Clk.o)
                              .\CortexM3\ARM_GCC_541\Debug\Design01.a(ADC_DelSig_1.o) (ADC_DelSig_1_Ext_CP_Clk_SetModeRegister)
.\CortexM3\ARM_GCC_541\Debug\Design01.a(ADC_DelSig_1_theACLK.o)
                              .\CortexM3\ARM_GCC_541\Debug\Design01.a(ADC_DelSig_1.o) (ADC_DelSig_1_theACLK_SetModeRegister)
.\CortexM3\ARM_GCC_541\Debug\Design01.a(PWM_1_FANCONTROLLER.o)
                              .\CortexM3\ARM_GCC_541\Debug\main.o (PWM_1_FANCONTROLLER_Enable)
.\CortexM3\ARM_GCC_541\Debug\Design01.a(Control_Reg_2.o)
                              .\CortexM3\ARM_GCC_541\Debug\Design01.a(isr_CKP_counter.o) (Control_Reg_2_Write)
.\CortexM3\ARM_GCC_541\Debug\Design01.a(MASS_AIRFLOW.o)
                              .\CortexM3\ARM_GCC_541\Debug\main.o (MASS_AIRFLOW_Start)
.\CortexM3\ARM_GCC_541\Debug\Design01.a(Glow_Plug_pin.o)
                              .\CortexM3\ARM_GCC_541\Debug\main.o (Glow_Plug_pin_Write)
.\CortexM3\ARM_GCC_541\Debug\Design01.a(Battery_interlock.o)
                              .\CortexM3\ARM_GCC_541\Debug\main.o (Battery_interlock_Write)
.\CortexM3\ARM_GCC_541\Debug\Design01.a(Crank_Signal.o)
                              .\CortexM3\ARM_GCC_541\Debug\main.o (Crank_Signal_Start)
.\CortexM3\ARM_GCC_541\Debug\Design01.a(Cam_signal.o)
                              .\CortexM3\ARM_GCC_541\Debug\main.o (Cam_signal_Start)
.\CortexM3\ARM_GCC_541\Debug\Design01.a(Crank_Signal_Wave1_DMA_dma.o)
                              .\CortexM3\ARM_GCC_541\Debug\Design01.a(Crank_Signal.o) (Crank_Signal_Wave1_DMA_DmaInitialize)
.\CortexM3\ARM_GCC_541\Debug\Design01.a(Crank_Signal_Wave2_DMA_dma.o)
                              .\CortexM3\ARM_GCC_541\Debug\Design01.a(Crank_Signal.o) (Crank_Signal_Wave2_DMA_DmaInitialize)
.\CortexM3\ARM_GCC_541\Debug\Design01.a(Crank_Signal_VDAC8.o)
                              .\CortexM3\ARM_GCC_541\Debug\Design01.a(Crank_Signal.o) (Crank_Signal_VDAC8_Enable)
.\CortexM3\ARM_GCC_541\Debug\Design01.a(Crank_Signal_BuffAmp.o)
                              .\CortexM3\ARM_GCC_541\Debug\Design01.a(Crank_Signal.o) (Crank_Signal_BuffAmp_Enable)
.\CortexM3\ARM_GCC_541\Debug\Design01.a(Cam_signal_Wave1_DMA_dma.o)
                              .\CortexM3\ARM_GCC_541\Debug\Design01.a(Cam_signal.o) (Cam_signal_Wave1_DMA_DmaInitialize)
.\CortexM3\ARM_GCC_541\Debug\Design01.a(Cam_signal_Wave2_DMA_dma.o)
                              .\CortexM3\ARM_GCC_541\Debug\Design01.a(Cam_signal.o) (Cam_signal_Wave2_DMA_DmaInitialize)
.\CortexM3\ARM_GCC_541\Debug\Design01.a(Cam_signal_VDAC8.o)
                              .\CortexM3\ARM_GCC_541\Debug\Design01.a(Cam_signal.o) (Cam_signal_VDAC8_Enable)
.\CortexM3\ARM_GCC_541\Debug\Design01.a(Cam_signal_BuffAmp.o)
[...]
Memory Configuration

Name             Origin             Length             Attributes
rom              0x00000000         0x00040000         xr
ram              0x1fff8000         0x00010000         xrw
*default*        0x00000000         0xffffffff

Linker script and memory map

LOAD c:/program files (x86)/cypress/psoc creator/4.1/psoc creator/import/gnu/arm/5.4.1/bin/../lib/gcc/arm-none-eabi/5.4.1/armv7-m/crti.o
LOAD c:/program files (x86)/cypress/psoc creator/4.1/psoc creator/import/gnu/arm/5.4.1/bin/../lib/gcc/arm-none-eabi/5.4.1/armv7-m/crtbegin.o
LOAD c:/program files (x86)/cypress/psoc creator/4.1/psoc creator/import/gnu/arm/5.4.1/bin/../lib/gcc/arm-none-eabi/5.4.1/../../../../arm-none-eabi/lib/armv7-m/crt0.o
START GROUP
LOAD .\CortexM3\ARM_GCC_541\Debug\main.o
LOAD .\CortexM3\ARM_GCC_541\Debug\measurement.o
LOAD .\CortexM3\ARM_GCC_541\Debug\removeOffsetNoise.o
LOAD .\CortexM3\ARM_GCC_541\Debug\fancontroller.o
LOAD .\CortexM3\ARM_GCC_541\Debug\glowplugcontroller.o
LOAD .\CortexM3\ARM_GCC_541\Debug\cyfitter_cfg.o
LOAD .\CortexM3\ARM_GCC_541\Debug\cymetadata.o
LOAD .\CortexM3\ARM_GCC_541\Debug\Cm3Start.o
LOAD .\CortexM3\ARM_GCC_541\Debug\Design01.a
LOAD C:\Program Files (x86)\Cypress\PSoC Creator\4.1\PSoC Creator\psoc\content\cycomponentlibrary\CyComponentLibrary.cylib\CortexM3\ARM_GCC_541\Debug\CyComponentLibrary.a
LOAD c:/program files (x86)/cypress/psoc creator/4.1/psoc creator/import/gnu/arm/5.4.1/bin/../lib/gcc/arm-none-eabi/5.4.1/../../../../arm-none-eabi/lib/armv7-m\libm.a
END GROUP
START GROUP
LOAD c:/program files (x86)/cypress/psoc creator/4.1/psoc creator/import/gnu/arm/5.4.1/bin/../lib/gcc/arm-none-eabi/5.4.1/armv7-m\libgcc.a
LOAD c:/program files (x86)/cypress/psoc creator/4.1/psoc creator/import/gnu/arm/5.4.1/bin/../lib/gcc/arm-none-eabi/5.4.1/../../../../arm-none-eabi/lib/armv7-m\libg_nano.a
LOAD c:/program files (x86)/cypress/psoc creator/4.1/psoc creator/import/gnu/arm/5.4.1/bin/../lib/gcc/arm-none-eabi/5.4.1/../../../../arm-none-eabi/lib/armv7-m\libc_nano.a
END GROUP
START GROUP
LOAD c:/program files (x86)/cypress/psoc creator/4.1/psoc creator/import/gnu/arm/5.4.1/bin/../lib/gcc/arm-none-eabi/5.4.1/armv7-m\libgcc.a
LOAD c:/program files (x86)/cypress/psoc creator/4.1/psoc creator/import/gnu/arm/5.4.1/bin/../lib/gcc/arm-none-eabi/5.4.1/../../../../arm-none-eabi/lib/armv7-m\libc_nano.a
END GROUP
LOAD c:/program files (x86)/cypress/psoc creator/4.1/psoc creator/import/gnu/arm/5.4.1/bin/../lib/gcc/arm-none-eabi/5.4.1/armv7-m/crtend.o
LOAD c:/program files (x86)/cypress/psoc creator/4.1/psoc creator/import/gnu/arm/5.4.1/bin/../lib/gcc/arm-none-eabi/5.4.1/armv7-m/crtn.o
START GROUP
LOAD c:/program files (x86)/cypress/psoc creator/4.1/psoc creator/import/gnu/arm/5.4.1/bin/../lib/gcc/arm-none-eabi/5.4.1/armv7-m\libgcc.a
LOAD c:/program files (x86)/cypress/psoc creator/4.1/psoc creator/import/gnu/arm/5.4.1/bin/../lib/gcc/arm-none-eabi/5.4.1/../../../../arm-none-eabi/lib/armv7-m\libc.a
LOAD c:/program files (x86)/cypress/psoc creator/4.1/psoc creator/import/gnu/arm/5.4.1/bin/../lib/gcc/arm-none-eabi/5.4.1/../../../../arm-none-eabi/lib/armv7-m\libnosys.a
END GROUP
                0x00000000                CY_APPL_ORIGIN = 0x0
                0x00000100                CY_FLASH_ROW_SIZE = 0x100
                0x00000020                CY_ECC_ROW_SIZE = 0x20
                0x00000000                CY_EE_IN_BTLDR = 0x0
                0x00000000                CY_APPL_LOADABLE = 0x0
                0x00000800                CY_EE_SIZE = 0x800
                0x00000001                CY_APPL_NUM = 0x1
                0x00000001                CY_APPL_MAX = 0x1
                0x00000040                CY_METADATA_SIZE = 0x40
                0x00000000                CY_APPL_LOADABLE = 0x0
                0x00000000                CY_CHECKSUM_EXCLUDE_SIZE = ALIGN (0x0, CY_FLASH_ROW_SIZE)
                [!provide]                PROVIDE (__cy_heap_start, _end)
                0x00000001                PROVIDE (__cy_region_num, ((__cy_regions_end - __cy_regions) / 0x10))
                0x20008000                PROVIDE (__cy_stack, (ORIGIN (ram) + LENGTH (ram)))
                [!provide]                PROVIDE (__cy_heap_end, (__cy_stack - 0x800))

.cybootloader   0x00000000        0x0
 *(.cybootloader)
                0x00000000                appl1_start = CY_APPL_ORIGIN?CY_APPL_ORIGIN:ALIGN (CY_FLASH_ROW_SIZE)
                0x0001ff00                appl2_start = (appl1_start + ALIGN ((((LENGTH (rom) - appl1_start) - (0x2 * CY_FLASH_ROW_SIZE)) / 0x2), CY_FLASH_ROW_SIZE))
                0x00000000                appl_start = (CY_APPL_NUM == 0x1)?appl1_start:appl2_start
                0x00000000                ecc_offset = ((appl_start / CY_FLASH_ROW_SIZE) * CY_ECC_ROW_SIZE)
                0x00000000                ee_offset = (CY_APPL_LOADABLE && ! (CY_EE_IN_BTLDR))?((CY_EE_SIZE / CY_APPL_MAX) * (CY_APPL_NUM - 0x1)):0x0
                0x00000800                ee_size = (CY_APPL_LOADABLE && ! (CY_EE_IN_BTLDR))?(CY_EE_SIZE / CY_APPL_MAX):CY_EE_SIZE
                [!provide]                PROVIDE (CY_ECC_OFFSET, ecc_offset)

.text           0x00000000     0x461a
 CREATE_OBJECT_SYMBOLS
                0x00000000                PROVIDE (__cy_interrupt_vector, RomVectors)
 *(.romvectors)
 .romvectors    0x00000000       0x10 .\CortexM3\ARM_GCC_541\Debug\Cm3Start.o
                0x00000000                RomVectors
                0x00000001                ASSERT ((. != __cy_interrupt_vector), No interrupt vector)
                0x00000001                ASSERT (CY_APPL_ORIGIN?(SIZEOF (.cybootloader) <= CY_APPL_ORIGIN):0x1, Wrong image location)
                0x00000010                PROVIDE (__cy_reset, Reset)
 *(.text.Reset)
 .text.Reset    0x00000010       0x18 .\CortexM3\ARM_GCC_541\Debug\Cm3Start.o
                0x00000010                Reset
                0x00000001                ASSERT ((. != __cy_reset), No reset code)
 *(.dma_init)
                0x00000001                ASSERT ((((appl_start + .) <= 0x10000) || 0x1), DMA Init must be within the first 64k of flash)
 *(.text .text.* .gnu.linkonce.t.*)
 .text          0x00000028       0x5c c:/program files (x86)/cypress/psoc creator/4.1/psoc creator/import/gnu/arm/5.4.1/bin/../lib/gcc/arm-none-eabi/5.4.1/armv7-m/crtbegin.o
 .text.main     0x00000084       0xe4 .\CortexM3\ARM_GCC_541\Debug\main.o
                0x00000084                main
 .text.MeasureResistorVoltage
                0x00000168       0x28 .\CortexM3\ARM_GCC_541\Debug\measurement.o
                0x00000168                MeasureResistorVoltage
 .text.FilterSignal
                0x00000190       0x3c .\CortexM3\ARM_GCC_541\Debug\removeOffsetNoise.o
                0x00000190                FilterSignal
 .text.GetOffset
                0x000001cc       0x18 .\CortexM3\ARM_GCC_541\Debug\removeOffsetNoise.o
                0x000001cc                GetOffset
 .text.GetTemp  0x000001e4       0x58 .\CortexM3\ARM_GCC_541\Debug\fancontroller.o
                0x000001e4                GetTemp
 .text.CheckTemp
                0x0000023c       0x24 .\CortexM3\ARM_GCC_541\Debug\fancontroller.o
                0x0000023c                CheckTemp
 .text.SetFanSpeed
                0x00000260       0x10 .\CortexM3\ARM_GCC_541\Debug\fancontroller.o
                0x00000260                SetFanSpeed
 .text.GetFanSpeed
                0x00000270       0x6c .\CortexM3\ARM_GCC_541\Debug\fancontroller.o
                0x00000270                GetFanSpeed
 .text.Glowglowplugs
                0x000002dc       0x84 .\CortexM3\ARM_GCC_541\Debug\glowplugcontroller.o
                0x000002dc                Glowglowplugs
 .text.CyClockStartupError
                0x00000360        0x4 .\CortexM3\ARM_GCC_541\Debug\cyfitter_cfg.o
 .text.cfg_write_bytes32
                0x00000364       0x34 .\CortexM3\ARM_GCC_541\Debug\cyfitter_cfg.o
 .text.AnalogSetDefault
                0x00000398       0x88 .\CortexM3\ARM_GCC_541\Debug\cyfitter_cfg.o
 .text.CYMEMZERO
                0x00000420        0xc .\CortexM3\ARM_GCC_541\Debug\cyfitter_cfg.o
 .text.CYCONFIGCPY
                0x0000042c        0x8 .\CortexM3\ARM_GCC_541\Debug\cyfitter_cfg.o
 .text.ClockSetup
                0x00000434      0x110 .\CortexM3\ARM_GCC_541\Debug\cyfitter_cfg.o
 .text.AMux_1_CYAMUXSIDE_A_Set
                0x00000544       0x1c .\CortexM3\ARM_GCC_541\Debug\cyfitter_cfg.o
                0x00000544                AMux_1_CYAMUXSIDE_A_Set
 .text.AMux_1_CYAMUXSIDE_A_Unset
                0x00000560       0x1c .\CortexM3\ARM_GCC_541\Debug\cyfitter_cfg.o
                0x00000560                AMux_1_CYAMUXSIDE_A_Unset
 .text.AMux_1_CYAMUXSIDE_B_Set
                0x0000057c       0x38 .\CortexM3\ARM_GCC_541\Debug\cyfitter_cfg.o
                0x0000057c                AMux_1_CYAMUXSIDE_B_Set
 .text.AMux_1_CYAMUXSIDE_B_Unset
                0x000005b4       0x3c .\CortexM3\ARM_GCC_541\Debug\cyfitter_cfg.o
                0x000005b4                AMux_1_CYAMUXSIDE_B_Unset
 .text.cyfitter_cfg
                0x000005f0      0x12c .\CortexM3\ARM_GCC_541\Debug\cyfitter_cfg.o
                0x000005f0                cyfitter_cfg
 .text.IntDefaultHandler
                0x0000071c       0x10 .\CortexM3\ARM_GCC_541\Debug\Cm3Start.o
                0x0000071c                IntDefaultHandler
 .text.Start_c  0x0000072c       0x4c .\CortexM3\ARM_GCC_541\Debug\Cm3Start.o
                0x0000072c                Start_c
 .text.initialize_psoc
                0x00000778       0x6c .\CortexM3\ARM_GCC_541\Debug\Cm3Start.o
                0x00000778                initialize_psoc
 .text.CyDmacConfigure
                0x000007e4       0x34 .\CortexM3\ARM_GCC_541\Debug\Design01.a(CyDmac.o)
                0x000007e4                CyDmacConfigure
 .text.CyDmaChEnable
                0x00000818       0x38 .\CortexM3\ARM_GCC_541\Debug\Design01.a(CyDmac.o)
                0x00000818                CyDmaChEnable
 .text.CyDmaChPriority
                0x00000850       0x24 .\CortexM3\ARM_GCC_541\Debug\Design01.a(CyDmac.o)
                0x00000850                CyDmaChPriority
 .text.CyDmaChSetExtendedAddress
                0x00000874       0x34 .\CortexM3\ARM_GCC_541\Debug\Design01.a(CyDmac.o)
                0x00000874                CyDmaChSetExtendedAddress
 .text.CyDmaChSetInitialTd
                0x000008a8       0x18 .\CortexM3\ARM_GCC_541\Debug\Design01.a(CyDmac.o)
                0x000008a8                CyDmaChSetInitialTd
 .text.CyDmaChSetConfiguration
                0x000008c0       0x44 .\CortexM3\ARM_GCC_541\Debug\Design01.a(CyDmac.o)
                0x000008c0                CyDmaChSetConfiguration
 .text.CyDmaTdAllocate
                0x00000904       0x34 .\CortexM3\ARM_GCC_541\Debug\Design01.a(CyDmac.o)
                0x00000904                CyDmaTdAllocate
 .text.CyDmaTdSetConfiguration
                0x00000938       0x28 .\CortexM3\ARM_GCC_541\Debug\Design01.a(CyDmac.o)
                0x00000938                CyDmaTdSetConfiguration
 .text.CyDmaTdSetAddress
                0x00000960       0x1c .\CortexM3\ARM_GCC_541\Debug\Design01.a(CyDmac.o)
                0x00000960                CyDmaTdSetAddress
 .text.CyHalt   0x0000097c        0x4 .\CortexM3\ARM_GCC_541\Debug\Design01.a(CyLib.o)
                0x0000097c                CyHalt
 .text.CyDelay  0x00000980       0x2c .\CortexM3\ARM_GCC_541\Debug\Design01.a(CyLib.o)
                0x00000980                CyDelay
 .text.CyDelayUs
                0x000009ac       0x14 .\CortexM3\ARM_GCC_541\Debug\Design01.a(CyLib.o)
                0x000009ac                CyDelayUs
 .text.CyIntSetVector
                0x000009c0       0x28 .\CortexM3\ARM_GCC_541\Debug\Design01.a(CyLib.o)
                0x000009c0                CyIntSetVector
 .text.CyIntSetPriority
                0x000009e8       0x30 .\CortexM3\ARM_GCC_541\Debug\Design01.a(CyLib.o)
                0x000009e8                CyIntSetPriority
 .text.isr_CKP_counter_Interrupt
                0x00000a18       0xf0 .\CortexM3\ARM_GCC_541\Debug\Design01.a(isr_CKP_counter.o)
                0x00000a18                isr_CKP_counter_Interrupt
 .text.isr_CKP_counter_SetVector
                0x00000b08        0xc .\CortexM3\ARM_GCC_541\Debug\Design01.a(isr_CKP_counter.o)
                0x00000b08                isr_CKP_counter_SetVector
 .text.isr_CKP_counter_SetPriority
                0x00000b14       0x10 .\CortexM3\ARM_GCC_541\Debug\Design01.a(isr_CKP_counter.o)
                0x00000b14                isr_CKP_counter_SetPriority
 .text.isr_CKP_counter_Enable
                0x00000b24        0xc .\CortexM3\ARM_GCC_541\Debug\Design01.a(isr_CKP_counter.o)
                0x00000b24                isr_CKP_counter_Enable
 .text.isr_CKP_counter_Disable
                0x00000b30        0xc .\CortexM3\ARM_GCC_541\Debug\Design01.a(isr_CKP_counter.o)
                0x00000b30                isr_CKP_counter_Disable
 .text.isr_CKP_counter_Start
                0x00000b3c       0x1c .\CortexM3\ARM_GCC_541\Debug\Design01.a(isr_CKP_counter.o)
                0x00000b3c                isr_CKP_counter_Start
 .text.Timer_Sytem_Enable
                0x00000b58       0x10 .\CortexM3\ARM_GCC_541\Debug\Design01.a(Timer_Sytem.o)
                0x00000b58                Timer_Sytem_Enable
 .text.Timer_Sytem_SetInterruptMode
                0x00000b68        0xc .\CortexM3\ARM_GCC_541\Debug\Design01.a(Timer_Sytem.o)
                0x00000b68                Timer_Sytem_SetInterruptMode
 .text.Timer_Sytem_ReadStatusRegister
                0x00000b74        0xc .\CortexM3\ARM_GCC_541\Debug\Design01.a(Timer_Sytem.o)
                0x00000b74                Timer_Sytem_ReadStatusRegister
 .text.Timer_Sytem_WritePeriod
                0x00000b80       0x10 .\CortexM3\ARM_GCC_541\Debug\Design01.a(Timer_Sytem.o)
                0x00000b80                Timer_Sytem_WritePeriod
 .text.Timer_Sytem_ReadCapture
                0x00000b90       0x10 .\CortexM3\ARM_GCC_541\Debug\Design01.a(Timer_Sytem.o)
                0x00000b90                Timer_Sytem_ReadCapture
 .text.Timer_Sytem_WriteCounter
                0x00000ba0       0x10 .\CortexM3\ARM_GCC_541\Debug\Design01.a(Timer_Sytem.o)
                0x00000ba0                Timer_Sytem_WriteCounter
 .text.Timer_Sytem_ReadCounter
                0x00000bb0       0x18 .\CortexM3\ARM_GCC_541\Debug\Design01.a(Timer_Sytem.o)
                0x00000bb0                Timer_Sytem_ReadCounter
 .text.Timer_Sytem_ClearFIFO
                0x00000bc8       0x14 .\CortexM3\ARM_GCC_541\Debug\Design01.a(Timer_Sytem.o)
                0x00000bc8                Timer_Sytem_ClearFIFO
 .text.Timer_Sytem_Init
                0x00000bdc       0x34 .\CortexM3\ARM_GCC_541\Debug\Design01.a(Timer_Sytem.o)
                0x00000bdc                Timer_Sytem_Init
 .text.Timer_Sytem_Start
                0x00000c10       0x1c .\CortexM3\ARM_GCC_541\Debug\Design01.a(Timer_Sytem.o)
                0x00000c10                Timer_Sytem_Start
 .text.Timer_1_Enable
                0x00000c2c       0x28 .\CortexM3\ARM_GCC_541\Debug\Design01.a(Timer_1.o)
                0x00000c2c                Timer_1_Enable
 .text.Timer_1_SetInterruptMode
                0x00000c54        0xc .\CortexM3\ARM_GCC_541\Debug\Design01.a(Timer_1.o)
                0x00000c54                Timer_1_SetInterruptMode
 .text.Timer_1_WritePeriod
                0x00000c60        0xc .\CortexM3\ARM_GCC_541\Debug\Design01.a(Timer_1.o)
                0x00000c60                Timer_1_WritePeriod
 .text.Timer_1_WriteCounter
                0x00000c6c        0xc .\CortexM3\ARM_GCC_541\Debug\Design01.a(Timer_1.o)
                0x00000c6c                Timer_1_WriteCounter
 .text.Timer_1_Init
                0x00000c78       0x68 .\CortexM3\ARM_GCC_541\Debug\Design01.a(Timer_1.o)
                0x00000c78                Timer_1_Init
 .text.Timer_1_Start
                0x00000ce0       0x1c .\CortexM3\ARM_GCC_541\Debug\Design01.a(Timer_1.o)
                0x00000ce0                Timer_1_Start
 .text.Control_Reg_1_Write
                0x00000cfc        0xc .\CortexM3\ARM_GCC_541\Debug\Design01.a(Control_Reg_1.o)
                0x00000cfc                Control_Reg_1_Write
 .text.isr_Not_Runing_Interrupt
                0x00000d08       0x14 .\CortexM3\ARM_GCC_541\Debug\Design01.a(isr_Not_Runing.o)
                0x00000d08                isr_Not_Runing_Interrupt
 .text.isr_Not_Runing_SetVector
                0x00000d1c        0xc .\CortexM3\ARM_GCC_541\Debug\Design01.a(isr_Not_Runing.o)
                0x00000d1c                isr_Not_Runing_SetVector
 .text.isr_Not_Runing_SetPriority
                0x00000d28       0x10 .\CortexM3\ARM_GCC_541\Debug\Design01.a(isr_Not_Runing.o)
                0x00000d28                isr_Not_Runing_SetPriority
 .text.isr_Not_Runing_Enable
                0x00000d38        0xc .\CortexM3\ARM_GCC_541\Debug\Design01.a(isr_Not_Runing.o)
                0x00000d38                isr_Not_Runing_Enable
 .text.isr_Not_Runing_Disable
                0x00000d44        0xc .\CortexM3\ARM_GCC_541\Debug\Design01.a(isr_Not_Runing.o)
                0x00000d44                isr_Not_Runing_Disable
 .text.isr_Not_Runing_Start
                0x00000d50       0x1c .\CortexM3\ARM_GCC_541\Debug\Design01.a(isr_Not_Runing.o)
                0x00000d50                isr_Not_Runing_Start
 *fill*         0x00000d6c        0x4 
 .text.Thermistor_1_GetTemperature
                0x00000d70       0xc0 .\CortexM3\ARM_GCC_541\Debug\Design01.a(Thermistor_1.o)
                0x00000d70                Thermistor_1_GetTemperature
 .text.VDAC8_1_Enable
                0x00000e30       0x1c .\CortexM3\ARM_GCC_541\Debug\Design01.a(VDAC8_1.o)
                0x00000e30                VDAC8_1_Enable
 .text.VDAC8_1_SetSpeed
                0x00000e4c       0x1c .\CortexM3\ARM_GCC_541\Debug\Design01.a(VDAC8_1.o)
                0x00000e4c                VDAC8_1_SetSpeed
 .text.VDAC8_1_SetValue
                0x00000e68        0xc .\CortexM3\ARM_GCC_541\Debug\Design01.a(VDAC8_1.o)
                0x00000e68                VDAC8_1_SetValue
 .text.VDAC8_1_DacTrim
                0x00000e74       0x24 .\CortexM3\ARM_GCC_541\Debug\Design01.a(VDAC8_1.o)
                0x00000e74                VDAC8_1_DacTrim
 .text.VDAC8_1_SetRange
                0x00000e98       0x20 .\CortexM3\ARM_GCC_541\Debug\Design01.a(VDAC8_1.o)
                0x00000e98                VDAC8_1_SetRange
 .text.VDAC8_1_Init
                0x00000eb8       0x20 .\CortexM3\ARM_GCC_541\Debug\Design01.a(VDAC8_1.o)
                0x00000eb8                VDAC8_1_Init
 .text.VDAC8_1_Start
                0x00000ed8       0x24 .\CortexM3\ARM_GCC_541\Debug\Design01.a(VDAC8_1.o)
                0x00000ed8                VDAC8_1_Start
 .text.ADC_DelSig_1_GainCompensation
                0x00000efc       0xe0 .\CortexM3\ARM_GCC_541\Debug\Design01.a(ADC_DelSig_1.o)
 .text.ADC_DelSig_1_SetDSMRef0Reg
                0x00000fdc       0x4c .\CortexM3\ARM_GCC_541\Debug\Design01.a(ADC_DelSig_1.o)
 .text.ADC_DelSig_1_InitConfig
                0x00001028      0x32c .\CortexM3\ARM_GCC_541\Debug\Design01.a(ADC_DelSig_1.o)
 .text.ADC_DelSig_1_Init
                0x00001354      0x108 .\CortexM3\ARM_GCC_541\Debug\Design01.a(ADC_DelSig_1.o)
                0x00001354                ADC_DelSig_1_Init
 .text.ADC_DelSig_1_Enable
                0x0000145c       0xd8 .\CortexM3\ARM_GCC_541\Debug\Design01.a(ADC_DelSig_1.o)
                0x0000145c                ADC_DelSig_1_Enable
 .text.ADC_DelSig_1_Start
                0x00001534       0x28 .\CortexM3\ARM_GCC_541\Debug\Design01.a(ADC_DelSig_1.o)
                0x00001534                ADC_DelSig_1_Start
 .text.ADC_DelSig_1_StartConvert
                0x0000155c       0x10 .\CortexM3\ARM_GCC_541\Debug\Design01.a(ADC_DelSig_1.o)
                0x0000155c                ADC_DelSig_1_StartConvert
 .text.ADC_DelSig_1_IsEndConversion
                0x0000156c       0x30 .\CortexM3\ARM_GCC_541\Debug\Design01.a(ADC_DelSig_1.o)
                0x0000156c                ADC_DelSig_1_IsEndConversion
 .text.ADC_DelSig_1_GetResult32
                0x0000159c       0x6c .\CortexM3\ARM_GCC_541\Debug\Design01.a(ADC_DelSig_1.o)
                0x0000159c                ADC_DelSig_1_GetResult32
 .text.ADC_DelSig_1_ISR1
                0x00001608        0x4 .\CortexM3\ARM_GCC_541\Debug\Design01.a(ADC_DelSig_1_INT.o)
                0x00001608                ADC_DelSig_1_ISR1
 .text.ADC_DelSig_1_ISR2
                0x0000160c        0x4 .\CortexM3\ARM_GCC_541\Debug\Design01.a(ADC_DelSig_1_INT.o)
                0x0000160c                ADC_DelSig_1_ISR2
 .text.ADC_DelSig_1_ISR3
                0x00001610        0x4 .\CortexM3\ARM_GCC_541\Debug\Design01.a(ADC_DelSig_1_INT.o)
                0x00001610                ADC_DelSig_1_ISR3
 .text.ADC_DelSig_1_ISR4
                0x00001614        0x4 .\CortexM3\ARM_GCC_541\Debug\Design01.a(ADC_DelSig_1_INT.o)
                0x00001614                ADC_DelSig_1_ISR4
 .text.Opamp_1_Enable
                0x00001618       0x28 .\CortexM3\ARM_GCC_541\Debug\Design01.a(Opamp_1.o)
                0x00001618                Opamp_1_Enable
 .text.Opamp_1_SetPower
                0x00001640       0x1c .\CortexM3\ARM_GCC_541\Debug\Design01.a(Opamp_1.o)
                0x00001640                Opamp_1_SetPower
 .text.Opamp_1_Init
                0x0000165c        0xc .\CortexM3\ARM_GCC_541\Debug\Design01.a(Opamp_1.o)
                0x0000165c                Opamp_1_Init
 .text.Opamp_1_Start
                0x00001668       0x1c .\CortexM3\ARM_GCC_541\Debug\Design01.a(Opamp_1.o)
                0x00001668                Opamp_1_Start
 .text.AMux_1_Start
                0x00001684       0x28 .\CortexM3\ARM_GCC_541\Debug\Design01.a(AMux_1.o)
                0x00001684                AMux_1_Start
 .text.AMux_1_Disconnect
                0x000016ac       0x10 .\CortexM3\ARM_GCC_541\Debug\Design01.a(AMux_1.o)
                0x000016ac                AMux_1_Disconnect
 .text.AMux_1_FastSelect
                0x000016bc       0x28 .\CortexM3\ARM_GCC_541\Debug\Design01.a(AMux_1.o)
                0x000016bc                AMux_1_FastSelect
 .text.ADC_DelSig_1_Ext_CP_Clk_GetDividerRegister
                0x000016e4        0xc .\CortexM3\ARM_GCC_541\Debug\Design01.a(ADC_DelSig_1_Ext_CP_Clk.o)
                0x000016e4                ADC_DelSig_1_Ext_CP_Clk_GetDividerRegister
 .text.ADC_DelSig_1_Ext_CP_Clk_SetModeRegister
                0x000016f0       0x14 .\CortexM3\ARM_GCC_541\Debug\Design01.a(ADC_DelSig_1_Ext_CP_Clk.o)
                0x000016f0                ADC_DelSig_1_Ext_CP_Clk_SetModeRegister
 .text.ADC_DelSig_1_Ext_CP_Clk_GetSourceRegister
                0x00001704       0x10 .\CortexM3\ARM_GCC_541\Debug\Design01.a(ADC_DelSig_1_Ext_CP_Clk.o)
                0x00001704                ADC_DelSig_1_Ext_CP_Clk_GetSourceRegister
 .text.ADC_DelSig_1_Ext_CP_Clk_SetDividerRegister
                0x00001714       0xd8 .\CortexM3\ARM_GCC_541\Debug\Design01.a(ADC_DelSig_1_Ext_CP_Clk.o)
                0x00001714                ADC_DelSig_1_Ext_CP_Clk_SetDividerRegister
 .text.ADC_DelSig_1_theACLK_GetDividerRegister
                0x000017ec        0xc .\CortexM3\ARM_GCC_541\Debug\Design01.a(ADC_DelSig_1_theACLK.o)
                0x000017ec                ADC_DelSig_1_theACLK_GetDividerRegister
 .text.ADC_DelSig_1_theACLK_SetModeRegister
                0x000017f8       0x14 .\CortexM3\ARM_GCC_541\Debug\Design01.a(ADC_DelSig_1_theACLK.o)
                0x000017f8                ADC_DelSig_1_theACLK_SetModeRegister
 .text.ADC_DelSig_1_theACLK_GetSourceRegister
                0x0000180c       0x10 .\CortexM3\ARM_GCC_541\Debug\Design01.a(ADC_DelSig_1_theACLK.o)
                0x0000180c                ADC_DelSig_1_theACLK_GetSourceRegister
 .text.ADC_DelSig_1_theACLK_SetDividerRegister
                0x0000181c       0xd8 .\CortexM3\ARM_GCC_541\Debug\Design01.a(ADC_DelSig_1_theACLK.o)
                0x0000181c                ADC_DelSig_1_theACLK_SetDividerRegister
 .text.PWM_1_FANCONTROLLER_Enable
                0x000018f4       0x10 .\CortexM3\ARM_GCC_541\Debug\Design01.a(PWM_1_FANCONTROLLER.o)
                0x000018f4                PWM_1_FANCONTROLLER_Enable
 .text.PWM_1_FANCONTROLLER_WriteCounter
                0x00001904        0xc .\CortexM3\ARM_GCC_541\Debug\Design01.a(PWM_1_FANCONTROLLER.o)
                0x00001904                PWM_1_FANCONTROLLER_WriteCounter
 .text.PWM_1_FANCONTROLLER_WritePeriod
                0x00001910        0xc .\CortexM3\ARM_GCC_541\Debug\Design01.a(PWM_1_FANCONTROLLER.o)
                0x00001910                PWM_1_FANCONTROLLER_WritePeriod
 .text.PWM_1_FANCONTROLLER_WriteCompare
                0x0000191c        0xc .\CortexM3\ARM_GCC_541\Debug\Design01.a(PWM_1_FANCONTROLLER.o)
                0x0000191c                PWM_1_FANCONTROLLER_WriteCompare
 .text.PWM_1_FANCONTROLLER_SetInterruptMode
                0x00001928        0xc .\CortexM3\ARM_GCC_541\Debug\Design01.a(PWM_1_FANCONTROLLER.o)
                0x00001928                PWM_1_FANCONTROLLER_SetInterruptMode
 .text.PWM_1_FANCONTROLLER_ReadStatusRegister
                0x00001934        0xc .\CortexM3\ARM_GCC_541\Debug\Design01.a(PWM_1_FANCONTROLLER.o)
                0x00001934                PWM_1_FANCONTROLLER_ReadStatusRegister
 .text.PWM_1_FANCONTROLLER_ReadCapture
                0x00001940        0xc .\CortexM3\ARM_GCC_541\Debug\Design01.a(PWM_1_FANCONTROLLER.o)
                0x00001940                PWM_1_FANCONTROLLER_ReadCapture
 .text.PWM_1_FANCONTROLLER_ClearFIFO
                0x0000194c       0x14 .\CortexM3\ARM_GCC_541\Debug\Design01.a(PWM_1_FANCONTROLLER.o)
                0x0000194c                PWM_1_FANCONTROLLER_ClearFIFO
 .text.PWM_1_FANCONTROLLER_Init
                0x00001960       0x50 .\CortexM3\ARM_GCC_541\Debug\Design01.a(PWM_1_FANCONTROLLER.o)
                0x00001960                PWM_1_FANCONTROLLER_Init
 .text.PWM_1_FANCONTROLLER_Start
                0x000019b0       0x1c .\CortexM3\ARM_GCC_541\Debug\Design01.a(PWM_1_FANCONTROLLER.o)
                0x000019b0                PWM_1_FANCONTROLLER_Start
 .text.Control_Reg_2_Write
                0x000019cc        0xc .\CortexM3\ARM_GCC_541\Debug\Design01.a(Control_Reg_2.o)
                0x000019cc                Control_Reg_2_Write
 .text.MASS_AIRFLOW_Enable
                0x000019d8       0x1c .\CortexM3\ARM_GCC_541\Debug\Design01.a(MASS_AIRFLOW.o)
                0x000019d8                MASS_AIRFLOW_Enable
 .text.MASS_AIRFLOW_SetSpeed
                0x000019f4       0x1c .\CortexM3\ARM_GCC_541\Debug\Design01.a(MASS_AIRFLOW.o)
                0x000019f4                MASS_AIRFLOW_SetSpeed
 .text.MASS_AIRFLOW_SetValue
                0x00001a10        0xc .\CortexM3\ARM_GCC_541\Debug\Design01.a(MASS_AIRFLOW.o)
                0x00001a10                MASS_AIRFLOW_SetValue
 .text.MASS_AIRFLOW_DacTrim
                0x00001a1c       0x24 .\CortexM3\ARM_GCC_541\Debug\Design01.a(MASS_AIRFLOW.o)
                0x00001a1c                MASS_AIRFLOW_DacTrim
 .text.MASS_AIRFLOW_SetRange
                0x00001a40       0x20 .\CortexM3\ARM_GCC_541\Debug\Design01.a(MASS_AIRFLOW.o)
                0x00001a40                MASS_AIRFLOW_SetRange
 .text.MASS_AIRFLOW_Init
                0x00001a60       0x20 .\CortexM3\ARM_GCC_541\Debug\Design01.a(MASS_AIRFLOW.o)
                0x00001a60                MASS_AIRFLOW_Init
 .text.MASS_AIRFLOW_Start
                0x00001a80       0x24 .\CortexM3\ARM_GCC_541\Debug\Design01.a(MASS_AIRFLOW.o)
                0x00001a80                MASS_AIRFLOW_Start
 .text.Glow_Plug_pin_Write
                0x00001aa4       0x18 .\CortexM3\ARM_GCC_541\Debug\Design01.a(Glow_Plug_pin.o)
                0x00001aa4                Glow_Plug_pin_Write
 .text.Battery_interlock_Write
                0x00001abc       0x18 .\CortexM3\ARM_GCC_541\Debug\Design01.a(Battery_interlock.o)
                0x00001abc                Battery_interlock_Write
 .text.Crank_Signal_Enable
                0x00001ad4       0x28 .\CortexM3\ARM_GCC_541\Debug\Design01.a(Crank_Signal.o)
                0x00001ad4                Crank_Signal_Enable
 .text.Crank_Signal_Wave1Setup
                0x00001afc       0x40 .\CortexM3\ARM_GCC_541\Debug\Design01.a(Crank_Signal.o)
                0x00001afc                Crank_Signal_Wave1Setup
 .text.Crank_Signal_Wave2Setup
                0x00001b3c       0x40 .\CortexM3\ARM_GCC_541\Debug\Design01.a(Crank_Signal.o)
                0x00001b3c                Crank_Signal_Wave2Setup
 .text.Crank_Signal_Init
                0x00001b7c       0x44 .\CortexM3\ARM_GCC_541\Debug\Design01.a(Crank_Signal.o)
                0x00001b7c                Crank_Signal_Init
 .text.Crank_Signal_Start
                0x00001bc0       0x1c .\CortexM3\ARM_GCC_541\Debug\Design01.a(Crank_Signal.o)
                0x00001bc0                Crank_Signal_Start
 .text.Cam_signal_Enable
                0x00001bdc       0x28 .\CortexM3\ARM_GCC_541\Debug\Design01.a(Cam_signal.o)
                0x00001bdc                Cam_signal_Enable
 .text.Cam_signal_Wave1Setup
                0x00001c04       0x40 .\CortexM3\ARM_GCC_541\Debug\Design01.a(Cam_signal.o)
                0x00001c04                Cam_signal_Wave1Setup
 .text.Cam_signal_Wave2Setup
                0x00001c44       0x40 .\CortexM3\ARM_GCC_541\Debug\Design01.a(Cam_signal.o)
                0x00001c44                Cam_signal_Wave2Setup
 .text.Cam_signal_Init
                0x00001c84       0x44 .\CortexM3\ARM_GCC_541\Debug\Design01.a(Cam_signal.o)
                0x00001c84                Cam_signal_Init
 .text.Cam_signal_Start
                0x00001cc8       0x1c .\CortexM3\ARM_GCC_541\Debug\Design01.a(Cam_signal.o)
                0x00001cc8                Cam_signal_Start
 .text.Crank_Signal_Wave1_DMA_DmaInitialize
                0x00001ce4       0x3c .\CortexM3\ARM_GCC_541\Debug\Design01.a(Crank_Signal_Wave1_DMA_dma.o)
                0x00001ce4                Crank_Signal_Wave1_DMA_DmaInitialize
 .text.Crank_Signal_Wave2_DMA_DmaInitialize
                0x00001d20       0x3c .\CortexM3\ARM_GCC_541\Debug\Design01.a(Crank_Signal_Wave2_DMA_dma.o)
                0x00001d20                Crank_Signal_Wave2_DMA_DmaInitialize
 .text.Crank_Signal_VDAC8_Enable
                0x00001d5c       0x1c .\CortexM3\ARM_GCC_541\Debug\Design01.a(Crank_Signal_VDAC8.o)
                0x00001d5c                Crank_Signal_VDAC8_Enable
 .text.Crank_Signal_VDAC8_SetSpeed
                0x00001d78       0x1c .\CortexM3\ARM_GCC_541\Debug\Design01.a(Crank_Signal_VDAC8.o)
                0x00001d78                Crank_Signal_VDAC8_SetSpeed
 .text.Crank_Signal_VDAC8_SetValue
                0x00001d94        0xc .\CortexM3\ARM_GCC_541\Debug\Design01.a(Crank_Signal_VDAC8.o)
                0x00001d94                Crank_Signal_VDAC8_SetValue
 .text.Crank_Signal_VDAC8_DacTrim
                0x00001da0       0x24 .\CortexM3\ARM_GCC_541\Debug\Design01.a(Crank_Signal_VDAC8.o)
                0x00001da0                Crank_Signal_VDAC8_DacTrim
 .text.Crank_Signal_VDAC8_SetRange
                0x00001dc4       0x20 .\CortexM3\ARM_GCC_541\Debug\Design01.a(Crank_Signal_VDAC8.o)
                0x00001dc4                Crank_Signal_VDAC8_SetRange
 .text.Crank_Signal_VDAC8_Init
                0x00001de4       0x2c .\CortexM3\ARM_GCC_541\Debug\Design01.a(Crank_Signal_VDAC8.o)
                0x00001de4                Crank_Signal_VDAC8_Init
 .text.Crank_Signal_BuffAmp_Enable
                0x00001e10       0x28 .\CortexM3\ARM_GCC_541\Debug\Design01.a(Crank_Signal_BuffAmp.o)
                0x00001e10                Crank_Signal_BuffAmp_Enable
 .text.Crank_Signal_BuffAmp_SetPower
                0x00001e38       0x1c .\CortexM3\ARM_GCC_541\Debug\Design01.a(Crank_Signal_BuffAmp.o)
                0x00001e38                Crank_Signal_BuffAmp_SetPower
 .text.Crank_Signal_BuffAmp_Init
                0x00001e54        0xc .\CortexM3\ARM_GCC_541\Debug\Design01.a(Crank_Signal_BuffAmp.o)
                0x00001e54                Crank_Signal_BuffAmp_Init
 .text.Cam_signal_Wave1_DMA_DmaInitialize
                0x00001e60       0x3c .\CortexM3\ARM_GCC_541\Debug\Design01.a(Cam_signal_Wave1_DMA_dma.o)
                0x00001e60                Cam_signal_Wave1_DMA_DmaInitialize
 .text.Cam_signal_Wave2_DMA_DmaInitialize
                0x00001e9c       0x3c .\CortexM3\ARM_GCC_541\Debug\Design01.a(Cam_signal_Wave2_DMA_dma.o)
                0x00001e9c                Cam_signal_Wave2_DMA_DmaInitialize
 .text.Cam_signal_VDAC8_Enable
                0x00001ed8       0x1c .\CortexM3\ARM_GCC_541\Debug\Design01.a(Cam_signal_VDAC8.o)
                0x00001ed8                Cam_signal_VDAC8_Enable
 .text.Cam_signal_VDAC8_SetSpeed
                0x00001ef4       0x1c .\CortexM3\ARM_GCC_541\Debug\Design01.a(Cam_signal_VDAC8.o)
                0x00001ef4                Cam_signal_VDAC8_SetSpeed
 .text.Cam_signal_VDAC8_SetValue
                0x00001f10        0xc .\CortexM3\ARM_GCC_541\Debug\Design01.a(Cam_signal_VDAC8.o)
                0x00001f10                Cam_signal_VDAC8_SetValue
 .text.Cam_signal_VDAC8_DacTrim
                0x00001f1c       0x24 .\CortexM3\ARM_GCC_541\Debug\Design01.a(Cam_signal_VDAC8.o)
                0x00001f1c                Cam_signal_VDAC8_DacTrim
 .text.Cam_signal_VDAC8_SetRange
                0x00001f40       0x20 .\CortexM3\ARM_GCC_541\Debug\Design01.a(Cam_signal_VDAC8.o)
                0x00001f40                Cam_signal_VDAC8_SetRange
 .text.Cam_signal_VDAC8_Init
                0x00001f60       0x2c .\CortexM3\ARM_GCC_541\Debug\Design01.a(Cam_signal_VDAC8.o)
                0x00001f60                Cam_signal_VDAC8_Init
 .text.Cam_signal_BuffAmp_Enable
                0x00001f8c       0x28 .\CortexM3\ARM_GCC_541\Debug\Design01.a(Cam_signal_BuffAmp.o)
                0x00001f8c                Cam_signal_BuffAmp_Enable
 .text.Cam_signal_BuffAmp_SetPower
                0x00001fb4       0x1c .\CortexM3\ARM_GCC_541\Debug\Design01.a(Cam_signal_BuffAmp.o)
                0x00001fb4                Cam_signal_BuffAmp_SetPower
 .text.Cam_signal_BuffAmp_Init
                0x00001fd0        0xc .\CortexM3\ARM_GCC_541\Debug\Design01.a(Cam_signal_BuffAmp.o)
                0x00001fd0                Cam_signal_BuffAmp_Init
 .text.Glow_plug_indicator_Write
                0x00001fdc       0x18 .\CortexM3\ARM_GCC_541\Debug\Design01.a(Glow_plug_indicator.o)
                0x00001fdc                Glow_plug_indicator_Write
 .text.Cold_Advance_Write
                0x00001ff4       0x18 .\CortexM3\ARM_GCC_541\Debug\Design01.a(Cold_Advance.o)
                0x00001ff4                Cold_Advance_Write
 *fill*         0x0000200c        0x4 
 .text          0x00002010       0x20 .\CortexM3\ARM_GCC_541\Debug\Design01.a(CyBootAsmGnu.o)
                0x00002010                CyDelayCycles
                0x00002020                CyEnterCriticalSection
                0x00002028                CyExitCriticalSection
 .text.CySetReg24
                0x00002030       0x14 .\CortexM3\ARM_GCC_541\Debug\Design01.a(cyutils.o)
                0x00002030                CySetReg24
 .text.log      0x00002044      0x100 c:/program files (x86)/cypress/psoc creator/4.1/psoc creator/import/gnu/arm/5.4.1/bin/../lib/gcc/arm-none-eabi/5.4.1/../../../../arm-none-eabi/lib/armv7-m\libm.a(lib_a-w_log.o)
                0x00002044                log
 .text.pow      0x00002144      0x330 c:/program files (x86)/cypress/psoc creator/4.1/psoc creator/import/gnu/arm/5.4.1/bin/../lib/gcc/arm-none-eabi/5.4.1/../../../../arm-none-eabi/lib/armv7-m\libm.a(lib_a-w_pow.o)
                0x00002144                pow
 *fill*         0x00002474        0x4 
 .text.__ieee754_log
                0x00002478      0x3e8 c:/program files (x86)/cypress/psoc creator/4.1/psoc creator/import/gnu/arm/5.4.1/bin/../lib/gcc/arm-none-eabi/5.4.1/../../../../arm-none-eabi/lib/armv7-m\libm.a(lib_a-e_log.o)
                0x00002478                __ieee754_log
 .text.__ieee754_pow
                0x00002860      0xac4 c:/program files (x86)/cypress/psoc creator/4.1/psoc creator/import/gnu/arm/5.4.1/bin/../lib/gcc/arm-none-eabi/5.4.1/../../../../arm-none-eabi/lib/armv7-m\libm.a(lib_a-e_pow.o)
                0x00002860                __ieee754_pow
 .text.__ieee754_sqrt
                0x00003324      0x188 c:/program files (x86)/cypress/psoc creator/4.1/psoc creator/import/gnu/arm/5.4.1/bin/../lib/gcc/arm-none-eabi/5.4.1/../../../../arm-none-eabi/lib/armv7-m\libm.a(lib_a-e_sqrt.o)
                0x00003324                __ieee754_sqrt
 .text.fabs     0x000034ac        0x8 c:/program files (x86)/cypress/psoc creator/4.1/psoc creator/import/gnu/arm/5.4.1/bin/../lib/gcc/arm-none-eabi/5.4.1/../../../../arm-none-eabi/lib/armv7-m\libm.a(lib_a-s_fabs.o)
                0x000034ac                fabs
 .text.finite   0x000034b4        0xc c:/program files (x86)/cypress/psoc creator/4.1/psoc creator/import/gnu/arm/5.4.1/bin/../lib/gcc/arm-none-eabi/5.4.1/../../../../arm-none-eabi/lib/armv7-m\libm.a(lib_a-s_finite.o)
                0x000034b4                finite
 .text.matherr  0x000034c0        0x4 c:/program files (x86)/cypress/psoc creator/4.1/psoc creator/import/gnu/arm/5.4.1/bin/../lib/gcc/arm-none-eabi/5.4.1/../../../../arm-none-eabi/lib/armv7-m\libm.a(lib_a-s_matherr.o)
                0x000034c0                matherr
 .text.nan      0x000034c4        0xc c:/program files (x86)/cypress/psoc creator/4.1/psoc creator/import/gnu/arm/5.4.1/bin/../lib/gcc/arm-none-eabi/5.4.1/../../../../arm-none-eabi/lib/armv7-m\libm.a(lib_a-s_nan.o)
                0x000034c4                nan
 .text.rint     0x000034d0      0x120 c:/program files (x86)/cypress/psoc creator/4.1/psoc creator/import/gnu/arm/5.4.1/bin/../lib/gcc/arm-none-eabi/5.4.1/../../../../arm-none-eabi/lib/armv7-m\libm.a(lib_a-s_rint.o)
                0x000034d0                rint
 .text.scalbn   0x000035f0       0xe4 c:/program files (x86)/cypress/psoc creator/4.1/psoc creator/import/gnu/arm/5.4.1/bin/../lib/gcc/arm-none-eabi/5.4.1/../../../../arm-none-eabi/lib/armv7-m\libm.a(lib_a-s_scalbn.o)
                0x000035f0                scalbn
 .text.copysign
                0x000036d4       0x10 c:/program files (x86)/cypress/psoc creator/4.1/psoc creator/import/gnu/arm/5.4.1/bin/../lib/gcc/arm-none-eabi/5.4.1/../../../../arm-none-eabi/lib/armv7-m\libm.a(lib_a-s_copysign.o)
                0x000036d4                copysign
 .text          0x000036e4      0x370 c:/program files (x86)/cypress/psoc creator/4.1/psoc creator/import/gnu/arm/5.4.1/bin/../lib/gcc/arm-none-eabi/5.4.1/armv7-m\libgcc.a(_arm_addsubdf3.o)
                0x000036e4                __aeabi_drsub
                0x000036ec                __aeabi_dsub
                0x000036ec                __subdf3
                0x000036f0                __aeabi_dadd
                0x000036f0                __adddf3
                0x00003968                __floatunsidf
                0x00003968                __aeabi_ui2d
                0x00003988                __floatsidf
                0x00003988                __aeabi_i2d
                0x000039ac                __aeabi_f2d
                0x000039ac                __extendsfdf2
                0x000039e8                __floatundidf
                0x000039e8                __aeabi_ul2d
                0x000039f8                __floatdidf
                0x000039f8                __aeabi_l2d
 .text          0x00003a54      0x424 c:/program files (x86)/cypress/psoc creator/4.1/psoc creator/import/gnu/arm/5.4.1/bin/../lib/gcc/arm-none-eabi/5.4.1/armv7-m\libgcc.a(_arm_muldivdf3.o)
                0x00003a54                __aeabi_dmul
                0x00003a54                __muldf3
                0x00003ca8                __divdf3
                0x00003ca8                __aeabi_ddiv
 .text          0x00003e78      0x110 c:/program files (x86)/cypress/psoc creator/4.1/psoc creator/import/gnu/arm/5.4.1/bin/../lib/gcc/arm-none-eabi/5.4.1/armv7-m\libgcc.a(_arm_cmpdf2.o)
                0x00003e78                __gtdf2
                0x00003e78                __gedf2
                0x00003e80                __ltdf2
                0x00003e80                __ledf2
                0x00003e88                __nedf2
                0x00003e88                __eqdf2
                0x00003e88                __cmpdf2
                0x00003f04                __aeabi_cdrcmple
                0x00003f14                __aeabi_cdcmpeq
                0x00003f14                __aeabi_cdcmple
                0x00003f24                __aeabi_dcmpeq
                0x00003f38                __aeabi_dcmplt
                0x00003f4c                __aeabi_dcmple
                0x00003f60                __aeabi_dcmpge
                0x00003f74                __aeabi_dcmpgt
 .text          0x00003f88       0x2c c:/program files (x86)/cypress/psoc creator/4.1/psoc creator/import/gnu/arm/5.4.1/bin/../lib/gcc/arm-none-eabi/5.4.1/armv7-m\libgcc.a(_arm_unorddf2.o)
                0x00003f88                __unorddf2
                0x00003f88                __aeabi_dcmpun
 .text          0x00003fb4       0xa0 c:/program files (x86)/cypress/psoc creator/4.1/psoc creator/import/gnu/arm/5.4.1/bin/../lib/gcc/arm-none-eabi/5.4.1/armv7-m\libgcc.a(_arm_truncdfsf2.o)
                0x00003fb4                __truncdfsf2
                0x00003fb4                __aeabi_d2f
 .text          0x00004054      0x21c c:/program files (x86)/cypress/psoc creator/4.1/psoc creator/import/gnu/arm/5.4.1/bin/../lib/gcc/arm-none-eabi/5.4.1/armv7-m\libgcc.a(_arm_addsubsf3.o)
                0x00004054                __aeabi_frsub
                0x0000405c                __subsf3
                0x0000405c                __aeabi_fsub
                0x00004060                __aeabi_fadd
                0x00004060                __addsf3
                0x000041c0                __aeabi_ui2f
                0x000041c0                __floatunsisf
                0x000041c8                __aeabi_i2f
                0x000041c8                __floatsisf
                0x000041e4                __aeabi_ul2f
                0x000041e4                __floatundisf
                0x000041f4                __aeabi_l2f
                0x000041f4                __floatdisf
 .text          0x00004270      0x2a0 c:/program files (x86)/cypress/psoc creator/4.1/psoc creator/import/gnu/arm/5.4.1/bin/../lib/gcc/arm-none-eabi/5.4.1/armv7-m\libgcc.a(_arm_muldivsf3.o)
                0x00004270                __mulsf3
                0x00004270                __aeabi_fmul
                0x000043d8                __aeabi_fdiv
                0x000043d8                __divsf3
 .text          0x00004510       0x4c c:/program files (x86)/cypress/psoc creator/4.1/psoc creator/import/gnu/arm/5.4.1/bin/../lib/gcc/arm-none-eabi/5.4.1/armv7-m\libgcc.a(_arm_fixsfsi.o)
                0x00004510                __aeabi_f2iz
                0x00004510                __fixsfsi
 .text          0x0000455c       0x40 c:/program files (x86)/cypress/psoc creator/4.1/psoc creator/import/gnu/arm/5.4.1/bin/../lib/gcc/arm-none-eabi/5.4.1/armv7-m\libgcc.a(_arm_fixunssfsi.o)
                0x0000455c                __fixunssfsi
                0x0000455c                __aeabi_f2uiz
 .text.__errno  0x0000459c        0xc c:/program files (x86)/cypress/psoc creator/4.1/psoc creator/import/gnu/arm/5.4.1/bin/../lib/gcc/arm-none-eabi/5.4.1/../../../../arm-none-eabi/lib/armv7-m\libg_nano.a(lib_a-errno.o)
                0x0000459c                __errno
 .text.__libc_init_array
                0x000045a8       0x4c c:/program files (x86)/cypress/psoc creator/4.1/psoc creator/import/gnu/arm/5.4.1/bin/../lib/gcc/arm-none-eabi/5.4.1/../../../../arm-none-eabi/lib/armv7-m\libg_nano.a(lib_a-init.o)
                0x000045a8                __libc_init_array
 .text.memcpy   0x000045f4       0x16 c:/program files (x86)/cypress/psoc creator/4.1/psoc creator/import/gnu/arm/5.4.1/bin/../lib/gcc/arm-none-eabi/5.4.1/../../../../arm-none-eabi/lib/armv7-m\libg_nano.a(lib_a-memcpy-stub.o)
                0x000045f4                memcpy
 .text.memset   0x0000460a       0x10 c:/program files (x86)/cypress/psoc creator/4.1/psoc creator/import/gnu/arm/5.4.1/bin/../lib/gcc/arm-none-eabi/5.4.1/../../../../arm-none-eabi/lib/armv7-m\libg_nano.a(lib_a-memset.o)
                0x0000460a                memset
 *(.plt)
 *(.gnu.warning)
 *(.glue_7t)
 .glue_7t       0x0000461a        0x0 linker stubs
 *(.glue_7)
 .glue_7        0x0000461a        0x0 linker stubs
 *(.vfp11_veneer)
 .vfp11_veneer  0x0000461a        0x0 linker stubs
 *(.bootloader)
 *(.ARM.extab* .gnu.linkonce.armextab.*)
 *(.gcc_except_table)

.v4_bx          0x0000461c        0x0
 .v4_bx         0x0000461c        0x0 linker stubs

.iplt           0x0000461c        0x0
 .iplt          0x0000461c        0x0 c:/program files (x86)/cypress/psoc creator/4.1/psoc creator/import/gnu/arm/5.4.1/bin/../lib/gcc/arm-none-eabi/5.4.1/armv7-m/crtbegin.o

.eh_frame_hdr
 *(.eh_frame_hdr)

.eh_frame       0x0000461c        0x4
 *(.eh_frame)
 .eh_frame      0x0000461c        0x0 c:/program files (x86)/cypress/psoc creator/4.1/psoc creator/import/gnu/arm/5.4.1/bin/../lib/gcc/arm-none-eabi/5.4.1/armv7-m/crtbegin.o
 .eh_frame      0x0000461c        0x4 c:/program files (x86)/cypress/psoc creator/4.1/psoc creator/import/gnu/arm/5.4.1/bin/../lib/gcc/arm-none-eabi/5.4.1/armv7-m/crtend.o
                [!provide]                PROVIDE (__exidx_start, .)

.ARM.exidx
 *(.ARM.exidx* .gnu.linkonce.armexidx.*)
                0x00004620                __exidx_end = .

.rodata         0x00004620     0x1ec8
 *(.rodata .rodata.* .gnu.linkonce.r.*)
 .rodata        0x00004620       0x56 .\CortexM3\ARM_GCC_541\Debug\cyfitter_cfg.o
                0x00004620                AMux_1_CYAMUXSIDE_A__addrTable
                0x00004628                AMux_1_CYAMUXSIDE_A__maskTable
                0x0000462c                AMux_1_CYAMUXSIDE_B__addrTable
                0x0000463c                AMux_1_CYAMUXSIDE_B__maskTable
 *fill*         0x00004676        0x2 
 .rodata        0x00004678      0xf0c .\CortexM3\ARM_GCC_541\Debug\Design01.a(Crank_Signal.o)
                0x00004678                Crank_Signal_wave1
                0x00005520                Crank_Signal_wave2
 .rodata        0x00005584      0xf0c .\CortexM3\ARM_GCC_541\Debug\Design01.a(Cam_signal.o)
                0x00005584                Cam_signal_wave1
                0x0000642c                Cam_signal_wave2
 .rodata.str1.4
                0x00006490        0x5 c:/program files (x86)/cypress/psoc creator/4.1/psoc creator/import/gnu/arm/5.4.1/bin/../lib/gcc/arm-none-eabi/5.4.1/../../../../arm-none-eabi/lib/armv7-m\libm.a(lib_a-w_log.o)
 *fill*         0x00006495        0x3 
 .rodata.str1.4
                0x00006498        0x4 c:/program files (x86)/cypress/psoc creator/4.1/psoc creator/import/gnu/arm/5.4.1/bin/../lib/gcc/arm-none-eabi/5.4.1/../../../../arm-none-eabi/lib/armv7-m\libm.a(lib_a-w_pow.o)
 .rodata.str1.4
                0x0000649c        0x1 c:/program files (x86)/cypress/psoc creator/4.1/psoc creator/import/gnu/arm/5.4.1/bin/../lib/gcc/arm-none-eabi/5.4.1/../../../../arm-none-eabi/lib/armv7-m\libm.a(lib_a-e_pow.o)
 *fill*         0x0000649c        0x4 
 .rodata.TWO52  0x000064a0       0x10 c:/program files (x86)/cypress/psoc creator/4.1/psoc creator/import/gnu/arm/5.4.1/bin/../lib/gcc/arm-none-eabi/5.4.1/../../../../arm-none-eabi/lib/armv7-m\libm.a(lib_a-s_rint.o)
 .rodata.str1.1
                0x000064b0        0x2 c:/program files (x86)/cypress/psoc creator/4.1/psoc creator/import/gnu/arm/5.4.1/bin/../lib/gcc/arm-none-eabi/5.4.1/../../../../arm-none-eabi/lib/armv7-m\libg_nano.a(lib_a-impure.o)
                0x000064b4                . = ALIGN (0x4)
 *fill*         0x000064b2        0x2 
 *(.init)
 .init          0x000064b4        0x4 c:/program files (x86)/cypress/psoc creator/4.1/psoc creator/import/gnu/arm/5.4.1/bin/../lib/gcc/arm-none-eabi/5.4.1/armv7-m/crti.o
                0x000064b4                _init
 .init          0x000064b8        0x8 c:/program files (x86)/cypress/psoc creator/4.1/psoc creator/import/gnu/arm/5.4.1/bin/../lib/gcc/arm-none-eabi/5.4.1/armv7-m/crtn.o
                0x000064c0                . = ALIGN (0x4)
                0x000064c0                __preinit_array_start = .
 *(.preinit_array)
                0x000064c0                __preinit_array_end = .
                0x000064c0                . = ALIGN (0x4)
                0x000064c0                __init_array_start = .
 *(SORT(.init_array.*))
 *(.init_array)
 .init_array    0x000064c0        0x4 c:/program files (x86)/cypress/psoc creator/4.1/psoc creator/import/gnu/arm/5.4.1/bin/../lib/gcc/arm-none-eabi/5.4.1/armv7-m/crtbegin.o
 .init_array    0x000064c4        0x4 .\CortexM3\ARM_GCC_541\Debug\Cm3Start.o
                0x000064c8                __init_array_end = .
                0x000064c8                . = ALIGN (0x4)
 *(.fini)
 .fini          0x000064c8        0x4 c:/program files (x86)/cypress/psoc creator/4.1/psoc creator/import/gnu/arm/5.4.1/bin/../lib/gcc/arm-none-eabi/5.4.1/armv7-m/crti.o
                0x000064c8                _fini
 .fini          0x000064cc        0x8 c:/program files (x86)/cypress/psoc creator/4.1/psoc creator/import/gnu/arm/5.4.1/bin/../lib/gcc/arm-none-eabi/5.4.1/armv7-m/crtn.o
                0x000064d4                . = ALIGN (0x4)
                0x000064d4                __fini_array_start = .
 *(.fini_array)
 .fini_array    0x000064d4        0x4 c:/program files (x86)/cypress/psoc creator/4.1/psoc creator/import/gnu/arm/5.4.1/bin/../lib/gcc/arm-none-eabi/5.4.1/armv7-m/crtbegin.o
 *(SORT(.fini_array.*))
                0x000064d8                __fini_array_end = .
                0x000064d8                . = ALIGN (0x4)
 *crtbegin.o(.ctors)
 *(EXCLUDE_FILE(*crtend.o) .ctors)
 *(SORT(.ctors.*))
 *crtend.o(.ctors)
                0x000064d8                . = ALIGN (0x4)
 *crtbegin.o(.dtors)
 *(EXCLUDE_FILE(*crtend.o) .dtors)
 *(SORT(.dtors.*))
 *crtend.o(.dtors)
                0x000064d8                . = ALIGN (0x4)
                0x000064d8                __cy_regions = .
                0x000064d8        0x4 LONG 0x64e8 __cy_region_init_ram
                0x000064dc        0x4 LONG 0x1fff80c8 __cy_region_start_data
                0x000064e0        0x4 LONG 0x90 __cy_region_init_size_ram
                0x000064e4        0x4 LONG 0xa0 __cy_region_zero_size_ram
                0x000064e8                __cy_regions_end = .
                0x000064e8                . = ALIGN (0x8)
                0x000064e8                _etext = .

.cy_checksum_exclude
                0x000064e8        0x0
 *(.cy_checksum_exclude)

.ramvectors     0x1fff8000       0xc0
                0x1fff8000                __cy_region_start_ram = .
 *(.ramvectors)
 .ramvectors    0x1fff8000       0xc0 .\CortexM3\ARM_GCC_541\Debug\Cm3Start.o
                0x1fff8000                CyRamVectors

.noinit         0x1fff80c0        0x1
 *(.noinit)
 .noinit        0x1fff80c0        0x1 .\CortexM3\ARM_GCC_541\Debug\Design01.a(CyLib.o)
                0x1fff80c0                CyResetStatus

.data           0x1fff80c8       0x90 load address 0x000064e8
                0x1fff80c8                __cy_region_start_data = .
 *(.jcr)
 .jcr           0x1fff80c8        0x0 c:/program files (x86)/cypress/psoc creator/4.1/psoc creator/import/gnu/arm/5.4.1/bin/../lib/gcc/arm-none-eabi/5.4.1/armv7-m/crtbegin.o
 .jcr           0x1fff80c8        0x4 c:/program files (x86)/cypress/psoc creator/4.1/psoc creator/import/gnu/arm/5.4.1/bin/../lib/gcc/arm-none-eabi/5.4.1/armv7-m/crtend.o
 *(.got.plt)
 *(.got)
 *(.shdata)
 *(.data .data.* .gnu.linkonce.d.*)
 .data          0x1fff80cc        0x8 .\CortexM3\ARM_GCC_541\Debug\main.o
                0x1fff80cc                Not_runing
                0x1fff80d0                mass_air_variable
 .data          0x1fff80d4        0x8 .\CortexM3\ARM_GCC_541\Debug\Design01.a(CyDmac.o)
 .data          0x1fff80dc       0x10 .\CortexM3\ARM_GCC_541\Debug\Design01.a(CyLib.o)
                0x1fff80dc                cydelay_32k_ms
                0x1fff80e0                cydelay_freq_khz
                0x1fff80e4                cydelay_freq_mhz
                0x1fff80e8                cydelay_freq_hz
 .data          0x1fff80ec        0x1 .\CortexM3\ARM_GCC_541\Debug\Design01.a(ADC_DelSig_1.o)
                0x1fff80ec                ADC_DelSig_1_Config
 .data          0x1fff80ed        0x1 .\CortexM3\ARM_GCC_541\Debug\Design01.a(AMux_1.o)
 .data          0x1fff80ee        0x1 .\CortexM3\ARM_GCC_541\Debug\Design01.a(Crank_Signal_Wave1_DMA_dma.o)
                0x1fff80ee                Crank_Signal_Wave1_DMA_DmaHandle
 .data          0x1fff80ef        0x1 .\CortexM3\ARM_GCC_541\Debug\Design01.a(Crank_Signal_Wave2_DMA_dma.o)
                0x1fff80ef                Crank_Signal_Wave2_DMA_DmaHandle
 .data          0x1fff80f0        0x1 .\CortexM3\ARM_GCC_541\Debug\Design01.a(Cam_signal_Wave1_DMA_dma.o)
                0x1fff80f0                Cam_signal_Wave1_DMA_DmaHandle
 .data          0x1fff80f1        0x1 .\CortexM3\ARM_GCC_541\Debug\Design01.a(Cam_signal_Wave2_DMA_dma.o)
                0x1fff80f1                Cam_signal_Wave2_DMA_DmaHandle
 .data.__fdlib_version
                0x1fff80f2        0x1 c:/program files (x86)/cypress/psoc creator/4.1/psoc creator/import/gnu/arm/5.4.1/bin/../lib/gcc/arm-none-eabi/5.4.1/../../../../arm-none-eabi/lib/armv7-m\libm.a(lib_a-s_lib_ver.o)
                0x1fff80f2                __fdlib_version
 *fill*         0x1fff80f3        0x1 
 .data.impure_data
                0x1fff80f4       0x60 c:/program files (x86)/cypress/psoc creator/4.1/psoc creator/import/gnu/arm/5.4.1/bin/../lib/gcc/arm-none-eabi/5.4.1/../../../../arm-none-eabi/lib/armv7-m\libg_nano.a(lib_a-impure.o)
 .data._impure_ptr
                0x1fff8154        0x4 c:/program files (x86)/cypress/psoc creator/4.1/psoc creator/import/gnu/arm/5.4.1/bin/../lib/gcc/arm-none-eabi/5.4.1/../../../../arm-none-eabi/lib/armv7-m\libg_nano.a(lib_a-impure.o)
                0x1fff8154                _impure_ptr
                0x1fff8158                . = ALIGN (0x8)
 *(.ram)
                0x1fff8158                _edata = .

.igot.plt       0x1fff8158        0x0 load address 0x00006578
 .igot.plt      0x1fff8158        0x0 c:/program files (x86)/cypress/psoc creator/4.1/psoc creator/import/gnu/arm/5.4.1/bin/../lib/gcc/arm-none-eabi/5.4.1/armv7-m/crtbegin.o

.bss            0x1fff8158       0xa0 load address 0x00006578
                0x1fff8158                PROVIDE (__bss_start__, .)
 *(.shbss)
 *(.bss .bss.* .gnu.linkonce.b.*)
 .bss           0x1fff8158       0x1c c:/program files (x86)/cypress/psoc creator/4.1/psoc creator/import/gnu/arm/5.4.1/bin/../lib/gcc/arm-none-eabi/5.4.1/armv7-m/crtbegin.o
 .bss           0x1fff8174       0x10 .\CortexM3\ARM_GCC_541\Debug\main.o
                0x1fff8174                cycles
                0x1fff8178                RPM_Count
                0x1fff817c                counter
                0x1fff8180                cold_advance
 .bss           0x1fff8184        0x8 .\CortexM3\ARM_GCC_541\Debug\removeOffsetNoise.o
 *fill*         0x1fff818c        0x4 
 .bss           0x1fff8190       0x10 .\CortexM3\ARM_GCC_541\Debug\Design01.a(isr_CKP_counter.o)
                0x1fff8190                lastperiod
                0x1fff8198                period
 .bss           0x1fff81a0        0x1 .\CortexM3\ARM_GCC_541\Debug\Design01.a(Timer_Sytem.o)
                0x1fff81a0                Timer_Sytem_initVar
 .bss           0x1fff81a1        0x1 .\CortexM3\ARM_GCC_541\Debug\Design01.a(Timer_1.o)
                0x1fff81a1                Timer_1_initVar
 .bss           0x1fff81a2        0x1 .\CortexM3\ARM_GCC_541\Debug\Design01.a(VDAC8_1.o)
                0x1fff81a2                VDAC8_1_initVar
 *fill*         0x1fff81a3        0x1 
 .bss           0x1fff81a4       0x18 .\CortexM3\ARM_GCC_541\Debug\Design01.a(ADC_DelSig_1.o)
                0x1fff81b4                ADC_DelSig_1_stopConversion
                0x1fff81b5                ADC_DelSig_1_convDone
                0x1fff81b6                ADC_DelSig_1_initVar
                0x1fff81b7                ADC_DelSig_1_started
                0x1fff81b8                ADC_DelSig_1_Offset
 .bss           0x1fff81bc        0x1 .\CortexM3\ARM_GCC_541\Debug\Design01.a(Opamp_1.o)
                0x1fff81bc                Opamp_1_initVar
 .bss           0x1fff81bd        0x1 .\CortexM3\ARM_GCC_541\Debug\Design01.a(PWM_1_FANCONTROLLER.o)
                0x1fff81bd                PWM_1_FANCONTROLLER_initVar
 .bss           0x1fff81be        0x1 .\CortexM3\ARM_GCC_541\Debug\Design01.a(MASS_AIRFLOW.o)
                0x1fff81be                MASS_AIRFLOW_initVar
 .bss           0x1fff81bf        0x5 .\CortexM3\ARM_GCC_541\Debug\Design01.a(Crank_Signal.o)
                0x1fff81c3                Crank_Signal_initVar
 .bss           0x1fff81c4        0x5 .\CortexM3\ARM_GCC_541\Debug\Design01.a(Cam_signal.o)
                0x1fff81c8                Cam_signal_initVar
 *(COMMON)
 *fill*         0x1fff81c9        0x3 
 COMMON         0x1fff81cc       0x28 .\CortexM3\ARM_GCC_541\Debug\main.o
                0x1fff81cc                fan_state
                0x1fff81d0                mass_air_voltage
                0x1fff81d4                freq
                0x1fff81d8                Temp
                0x1fff81dc                RPM
                0x1fff81e0                fanSPEED1
                0x1fff81e4                mass_voltage
                0x1fff81e8                readperiod
                0x1fff81ec                LowTemp
                0x1fff81f0                GlowPlugsCycle
 COMMON         0x1fff81f4        0x4 .\CortexM3\ARM_GCC_541\Debug\Design01.a(ADC_DelSig_1.o)
                0x1fff81f4                ADC_DelSig_1_CountsPerVolt
                0x1fff81f8                . = ALIGN (0x8)
 *(.ram.b)
                0x1fff81f8                _end = .
                0x1fff81f8                __end = .
                0x1fff81f8                PROVIDE (end, .)
                0x1fff81f8                PROVIDE (__bss_end__, .)
                0x000064e8                __cy_region_init_ram = LOADADDR (.data)
                0x00000090                __cy_region_init_size_ram = (_edata - ADDR (.data))
                0x000000a0                __cy_region_zero_size_ram = (_end - _edata)

.heap           0x1fff81f8       0x80 load address 0x00006578
                0x1fff81f8                . = _end
                0x1fff8278                . = (. + 0x80)
 *fill*         0x1fff81f8       0x80 
                0x1fff8278                __cy_heap_limit = .

.stack          0x20007800      0x800
                0x20007800                __cy_stack_limit = .
                0x20008000                . = (. + 0x800)
 *fill*         0x20007800      0x800 
                0x00000001                ASSERT ((__cy_stack_limit >= __cy_heap_limit), region RAM overflowed with stack)
                0x00000000                cy_checksum_exclude_size = (CY_APPL_LOADABLE == 0x1)?SIZEOF (.cy_checksum_exclude):0x0
                0x00000001                ASSERT ((cy_checksum_exclude_size <= CY_CHECKSUM_EXCLUDE_SIZE), CY_BOOT: Section .cy_checksum_exclude size exceedes specified limit.)

.cyloadermeta
 *(.cyloadermeta)

.cyloadablemeta
 *(.cyloadablemeta)

.cyconfigecc    0x80000000      0x330
 *(.cyconfigecc)
 .cyconfigecc   0x80000000      0x330 .\CortexM3\ARM_GCC_541\Debug\cymetadata.o
                0x80000000                cy_meta_configecc

.cycustnvl      0x90000000        0x4
 *(.cycustnvl)
 .cycustnvl     0x90000000        0x4 .\CortexM3\ARM_GCC_541\Debug\cymetadata.o
                0x90000000                cy_meta_custnvl

.cywolatch      0x90100000        0x4
 *(.cywolatch)
 .cywolatch     0x90100000        0x4 .\CortexM3\ARM_GCC_541\Debug\cymetadata.o
                0x90100000                cy_meta_wonvl

.cyeeprom       0x90200000        0x0
 *(.cyeeprom)
                0x00000001                ASSERT ((. <= ((0x90200000 + ee_offset) + ee_size)), .cyeeprom data will not fit in EEPROM)

.cyflashprotect
                0x90400000      0x100
 *(.cyflashprotect)
 .cyflashprotect
                0x90400000      0x100 .\CortexM3\ARM_GCC_541\Debug\cymetadata.o
                0x90400000                cy_meta_flashprotect

.cymeta         0x90500000        0xc
 *(.cymeta)
 .cymeta        0x90500000        0xc .\CortexM3\ARM_GCC_541\Debug\cymetadata.o
                0x90500000                cy_metadata

.rel.dyn        0x00006578        0x0 load address 0x9050000c
 .rel.iplt      0x00006578        0x0 c:/program files (x86)/cypress/psoc creator/4.1/psoc creator/import/gnu/arm/5.4.1/bin/../lib/gcc/arm-none-eabi/5.4.1/armv7-m/crtbegin.o

.stab
 *(.stab)

.stabstr
 *(.stabstr)

.debug
 *(.debug)

.line
 *(.line)

.debug_srcinfo
 *(.debug_srcinfo)

.debug_sfnames
 *(.debug_sfnames)

.debug_aranges  0x00000000     0x1098
 *(.debug_aranges)
 .debug_aranges
                0x00000000       0x20 .\CortexM3\ARM_GCC_541\Debug\main.o
 .debug_aranges
                0x00000020       0x20 .\CortexM3\ARM_GCC_541\Debug\measurement.o
 .debug_aranges
                0x00000040       0x28 .\CortexM3\ARM_GCC_541\Debug\removeOffsetNoise.o
 .debug_aranges
                0x00000068       0x38 .\CortexM3\ARM_GCC_541\Debug\fancontroller.o
 .debug_aranges
                0x000000a0       0x20 .\CortexM3\ARM_GCC_541\Debug\glowplugcontroller.o
 .debug_aranges
                0x000000c0       0x78 .\CortexM3\ARM_GCC_541\Debug\cyfitter_cfg.o
 .debug_aranges
                0x00000138       0x18 .\CortexM3\ARM_GCC_541\Debug\cymetadata.o
 .debug_aranges
                0x00000150       0x48 .\CortexM3\ARM_GCC_541\Debug\Cm3Start.o
 .debug_aranges
                0x00000198       0xd8 .\CortexM3\ARM_GCC_541\Debug\Design01.a(CyDmac.o)
 .debug_aranges
                0x00000270      0x2a0 .\CortexM3\ARM_GCC_541\Debug\Design01.a(CyLib.o)
 .debug_aranges
                0x00000510       0x98 .\CortexM3\ARM_GCC_541\Debug\Design01.a(cyPm.o)
 .debug_aranges
                0x000005a8       0x80 .\CortexM3\ARM_GCC_541\Debug\Design01.a(isr_CKP_counter.o)
 .debug_aranges
                0x00000628       0x90 .\CortexM3\ARM_GCC_541\Debug\Design01.a(Timer_Sytem.o)
 .debug_aranges
                0x000006b8       0x88 .\CortexM3\ARM_GCC_541\Debug\Design01.a(Timer_1.o)
 .debug_aranges
                0x00000740       0x28 .\CortexM3\ARM_GCC_541\Debug\Design01.a(Control_Reg_1.o)
 .debug_aranges
                0x00000768       0x80 .\CortexM3\ARM_GCC_541\Debug\Design01.a(isr_Not_Runing.o)
 .debug_aranges
                0x000007e8       0x28 .\CortexM3\ARM_GCC_541\Debug\Design01.a(Thermistor_1.o)
 .debug_aranges
                0x00000810       0x58 .\CortexM3\ARM_GCC_541\Debug\Design01.a(VDAC8_1.o)
 .debug_aranges
                0x00000868       0xe8 .\CortexM3\ARM_GCC_541\Debug\Design01.a(ADC_DelSig_1.o)
 .debug_aranges
                0x00000950       0x38 .\CortexM3\ARM_GCC_541\Debug\Design01.a(ADC_DelSig_1_INT.o)
 .debug_aranges
                0x00000988       0x40 .\CortexM3\ARM_GCC_541\Debug\Design01.a(Opamp_1.o)
 .debug_aranges
                0x000009c8       0x40 .\CortexM3\ARM_GCC_541\Debug\Design01.a(AMux_1.o)
 .debug_aranges
                0x00000a08       0x70 .\CortexM3\ARM_GCC_541\Debug\Design01.a(ADC_DelSig_1_Ext_CP_Clk.o)
 .debug_aranges
                0x00000a78       0x80 .\CortexM3\ARM_GCC_541\Debug\Design01.a(ADC_DelSig_1_theACLK.o)
 .debug_aranges
                0x00000af8       0x98 .\CortexM3\ARM_GCC_541\Debug\Design01.a(PWM_1_FANCONTROLLER.o)
 .debug_aranges
                0x00000b90       0x28 .\CortexM3\ARM_GCC_541\Debug\Design01.a(Control_Reg_2.o)
 .debug_aranges
                0x00000bb8       0x58 .\CortexM3\ARM_GCC_541\Debug\Design01.a(MASS_AIRFLOW.o)
 .debug_aranges
                0x00000c10       0x38 .\CortexM3\ARM_GCC_541\Debug\Design01.a(Glow_Plug_pin.o)
 .debug_aranges
                0x00000c48       0x38 .\CortexM3\ARM_GCC_541\Debug\Design01.a(Battery_interlock.o)
 .debug_aranges
                0x00000c80       0x50 .\CortexM3\ARM_GCC_541\Debug\Design01.a(Crank_Signal.o)
 .debug_aranges
                0x00000cd0       0x50 .\CortexM3\ARM_GCC_541\Debug\Design01.a(Cam_signal.o)
 .debug_aranges
                0x00000d20       0x28 .\CortexM3\ARM_GCC_541\Debug\Design01.a(Crank_Signal_Wave1_DMA_dma.o)
 .debug_aranges
                0x00000d48       0x28 .\CortexM3\ARM_GCC_541\Debug\Design01.a(Crank_Signal_Wave2_DMA_dma.o)
 .debug_aranges
                0x00000d70       0x58 .\CortexM3\ARM_GCC_541\Debug\Design01.a(Crank_Signal_VDAC8.o)
 .debug_aranges
                0x00000dc8       0x40 .\CortexM3\ARM_GCC_541\Debug\Design01.a(Crank_Signal_BuffAmp.o)
 .debug_aranges
                0x00000e08       0x28 .\CortexM3\ARM_GCC_541\Debug\Design01.a(Cam_signal_Wave1_DMA_dma.o)
 .debug_aranges
                0x00000e30       0x28 .\CortexM3\ARM_GCC_541\Debug\Design01.a(Cam_signal_Wave2_DMA_dma.o)
 .debug_aranges
                0x00000e58       0x58 .\CortexM3\ARM_GCC_541\Debug\Design01.a(Cam_signal_VDAC8.o)
 .debug_aranges
                0x00000eb0       0x40 .\CortexM3\ARM_GCC_541\Debug\Design01.a(Cam_signal_BuffAmp.o)
 .debug_aranges
                0x00000ef0       0x38 .\CortexM3\ARM_GCC_541\Debug\Design01.a(Glow_plug_indicator.o)
 .debug_aranges
                0x00000f28       0x38 .\CortexM3\ARM_GCC_541\Debug\Design01.a(Cold_Advance.o)
 .debug_aranges
                0x00000f60       0x20 .\CortexM3\ARM_GCC_541\Debug\Design01.a(CyBootAsmGnu.o)
 .debug_aranges
                0x00000f80       0x80 .\CortexM3\ARM_GCC_541\Debug\Design01.a(CyFlash.o)
 .debug_aranges
                0x00001000       0x78 .\CortexM3\ARM_GCC_541\Debug\Design01.a(CySpc.o)
 .debug_aranges
                0x00001078       0x20 .\CortexM3\ARM_GCC_541\Debug\Design01.a(cyutils.o)

.debug_pubnames
 *(.debug_pubnames)

.debug_info     0x00000000     0x93f4
 *(.debug_info .gnu.linkonce.wi.*)
 .debug_info    0x00000000      0x470 .\CortexM3\ARM_GCC_541\Debug\main.o
 .debug_info    0x00000470      0x1a9 .\CortexM3\ARM_GCC_541\Debug\measurement.o
 .debug_info    0x00000619      0x1bf .\CortexM3\ARM_GCC_541\Debug\removeOffsetNoise.o
 .debug_info    0x000007d8      0x2cc .\CortexM3\ARM_GCC_541\Debug\fancontroller.o
 .debug_info    0x00000aa4      0x24f .\CortexM3\ARM_GCC_541\Debug\glowplugcontroller.o
 .debug_info    0x00000cf3      0x6dd .\CortexM3\ARM_GCC_541\Debug\cyfitter_cfg.o
 .debug_info    0x000013d0      0x135 .\CortexM3\ARM_GCC_541\Debug\cymetadata.o
 .debug_info    0x00001505      0x3cf .\CortexM3\ARM_GCC_541\Debug\Cm3Start.o
 .debug_info    0x000018d4      0x94e .\CortexM3\ARM_GCC_541\Debug\Design01.a(CyDmac.o)
 .debug_info    0x00002222     0x1374 .\CortexM3\ARM_GCC_541\Debug\Design01.a(CyLib.o)
 .debug_info    0x00003596      0xa2a .\CortexM3\ARM_GCC_541\Debug\Design01.a(cyPm.o)
 .debug_info    0x00003fc0      0x3ff .\CortexM3\ARM_GCC_541\Debug\Design01.a(isr_CKP_counter.o)
 .debug_info    0x000043bf      0x338 .\CortexM3\ARM_GCC_541\Debug\Design01.a(Timer_Sytem.o)
 .debug_info    0x000046f7      0x295 .\CortexM3\ARM_GCC_541\Debug\Design01.a(Timer_1.o)
 .debug_info    0x0000498c       0xd6 .\CortexM3\ARM_GCC_541\Debug\Design01.a(Control_Reg_1.o)
 .debug_info    0x00004a62      0x328 .\CortexM3\ARM_GCC_541\Debug\Design01.a(isr_Not_Runing.o)
 .debug_info    0x00004d8a      0x1a9 .\CortexM3\ARM_GCC_541\Debug\Design01.a(Thermistor_1.o)
 .debug_info    0x00004f33      0x1df .\CortexM3\ARM_GCC_541\Debug\Design01.a(VDAC8_1.o)
 .debug_info    0x00005112      0xb98 .\CortexM3\ARM_GCC_541\Debug\Design01.a(ADC_DelSig_1.o)
 .debug_info    0x00005caa       0xd3 .\CortexM3\ARM_GCC_541\Debug\Design01.a(ADC_DelSig_1_INT.o)
 .debug_info    0x00005d7d      0x151 .\CortexM3\ARM_GCC_541\Debug\Design01.a(Opamp_1.o)
 .debug_info    0x00005ece      0x235 .\CortexM3\ARM_GCC_541\Debug\Design01.a(AMux_1.o)
 .debug_info    0x00006103      0x283 .\CortexM3\ARM_GCC_541\Debug\Design01.a(ADC_DelSig_1_Ext_CP_Clk.o)
 .debug_info    0x00006386      0x2c4 .\CortexM3\ARM_GCC_541\Debug\Design01.a(ADC_DelSig_1_theACLK.o)
 .debug_info    0x0000664a      0x333 .\CortexM3\ARM_GCC_541\Debug\Design01.a(PWM_1_FANCONTROLLER.o)
 .debug_info    0x0000697d       0xd6 .\CortexM3\ARM_GCC_541\Debug\Design01.a(Control_Reg_2.o)
 .debug_info    0x00006a53      0x1de .\CortexM3\ARM_GCC_541\Debug\Design01.a(MASS_AIRFLOW.o)
 .debug_info    0x00006c31      0x11f .\CortexM3\ARM_GCC_541\Debug\Design01.a(Glow_Plug_pin.o)
 .debug_info    0x00006d50      0x11f .\CortexM3\ARM_GCC_541\Debug\Design01.a(Battery_interlock.o)
 .debug_info    0x00006e6f      0x515 .\CortexM3\ARM_GCC_541\Debug\Design01.a(Crank_Signal.o)
 .debug_info    0x00007384      0x515 .\CortexM3\ARM_GCC_541\Debug\Design01.a(Cam_signal.o)
 .debug_info    0x00007899      0x1a8 .\CortexM3\ARM_GCC_541\Debug\Design01.a(Crank_Signal_Wave1_DMA_dma.o)
 .debug_info    0x00007a41      0x1a7 .\CortexM3\ARM_GCC_541\Debug\Design01.a(Crank_Signal_Wave2_DMA_dma.o)
 .debug_info    0x00007be8      0x1de .\CortexM3\ARM_GCC_541\Debug\Design01.a(Crank_Signal_VDAC8.o)
 .debug_info    0x00007dc6      0x151 .\CortexM3\ARM_GCC_541\Debug\Design01.a(Crank_Signal_BuffAmp.o)
 .debug_info    0x00007f17      0x1aa .\CortexM3\ARM_GCC_541\Debug\Design01.a(Cam_signal_Wave1_DMA_dma.o)
 .debug_info    0x000080c1      0x1a7 .\CortexM3\ARM_GCC_541\Debug\Design01.a(Cam_signal_Wave2_DMA_dma.o)
 .debug_info    0x00008268      0x1de .\CortexM3\ARM_GCC_541\Debug\Design01.a(Cam_signal_VDAC8.o)
 .debug_info    0x00008446      0x151 .\CortexM3\ARM_GCC_541\Debug\Design01.a(Cam_signal_BuffAmp.o)
 .debug_info    0x00008597      0x11f .\CortexM3\ARM_GCC_541\Debug\Design01.a(Glow_plug_indicator.o)
 .debug_info    0x000086b6      0x11f .\CortexM3\ARM_GCC_541\Debug\Design01.a(Cold_Advance.o)
 .debug_info    0x000087d5       0x90 .\CortexM3\ARM_GCC_541\Debug\Design01.a(CyBootAsmGnu.o)
 .debug_info    0x00008865      0x5b8 .\CortexM3\ARM_GCC_541\Debug\Design01.a(CyFlash.o)
 .debug_info    0x00008e1d      0x4e9 .\CortexM3\ARM_GCC_541\Debug\Design01.a(CySpc.o)
 .debug_info    0x00009306       0xee .\CortexM3\ARM_GCC_541\Debug\Design01.a(cyutils.o)

.debug_abbrev   0x00000000     0x2df8
 *(.debug_abbrev)
 .debug_abbrev  0x00000000       0xd2 .\CortexM3\ARM_GCC_541\Debug\main.o
 .debug_abbrev  0x000000d2       0xd6 .\CortexM3\ARM_GCC_541\Debug\measurement.o
 .debug_abbrev  0x000001a8       0xfb .\CortexM3\ARM_GCC_541\Debug\removeOffsetNoise.o
 .debug_abbrev  0x000002a3      0x12a .\CortexM3\ARM_GCC_541\Debug\fancontroller.o
 .debug_abbrev  0x000003cd       0xbe .\CortexM3\ARM_GCC_541\Debug\glowplugcontroller.o
 .debug_abbrev  0x0000048b      0x21e .\CortexM3\ARM_GCC_541\Debug\cyfitter_cfg.o
 .debug_abbrev  0x000006a9       0x66 .\CortexM3\ARM_GCC_541\Debug\cymetadata.o
 .debug_abbrev  0x0000070f      0x1e8 .\CortexM3\ARM_GCC_541\Debug\Cm3Start.o
 .debug_abbrev  0x000008f7      0x1b2 .\CortexM3\ARM_GCC_541\Debug\Design01.a(CyDmac.o)
 .debug_abbrev  0x00000aa9      0x254 .\CortexM3\ARM_GCC_541\Debug\Design01.a(CyLib.o)
 .debug_abbrev  0x00000cfd      0x1ab .\CortexM3\ARM_GCC_541\Debug\Design01.a(cyPm.o)
 .debug_abbrev  0x00000ea8      0x1d5 .\CortexM3\ARM_GCC_541\Debug\Design01.a(isr_CKP_counter.o)
 .debug_abbrev  0x0000107d      0x14b .\CortexM3\ARM_GCC_541\Debug\Design01.a(Timer_Sytem.o)
 .debug_abbrev  0x000011c8      0x11a .\CortexM3\ARM_GCC_541\Debug\Design01.a(Timer_1.o)
 .debug_abbrev  0x000012e2       0x81 .\CortexM3\ARM_GCC_541\Debug\Design01.a(Control_Reg_1.o)
 .debug_abbrev  0x00001363      0x1a6 .\CortexM3\ARM_GCC_541\Debug\Design01.a(isr_Not_Runing.o)
 .debug_abbrev  0x00001509       0xb8 .\CortexM3\ARM_GCC_541\Debug\Design01.a(Thermistor_1.o)
 .debug_abbrev  0x000015c1       0xf7 .\CortexM3\ARM_GCC_541\Debug\Design01.a(VDAC8_1.o)
 .debug_abbrev  0x000016b8      0x1cd .\CortexM3\ARM_GCC_541\Debug\Design01.a(ADC_DelSig_1.o)
 .debug_abbrev  0x00001885       0x42 .\CortexM3\ARM_GCC_541\Debug\Design01.a(ADC_DelSig_1_INT.o)
 .debug_abbrev  0x000018c7       0xb2 .\CortexM3\ARM_GCC_541\Debug\Design01.a(Opamp_1.o)
 .debug_abbrev  0x00001979       0xbe .\CortexM3\ARM_GCC_541\Debug\Design01.a(AMux_1.o)
 .debug_abbrev  0x00001a37      0x139 .\CortexM3\ARM_GCC_541\Debug\Design01.a(ADC_DelSig_1_Ext_CP_Clk.o)
 .debug_abbrev  0x00001b70      0x121 .\CortexM3\ARM_GCC_541\Debug\Design01.a(ADC_DelSig_1_theACLK.o)
 .debug_abbrev  0x00001c91      0x133 .\CortexM3\ARM_GCC_541\Debug\Design01.a(PWM_1_FANCONTROLLER.o)
 .debug_abbrev  0x00001dc4       0x81 .\CortexM3\ARM_GCC_541\Debug\Design01.a(Control_Reg_2.o)
 .debug_abbrev  0x00001e45       0xf7 .\CortexM3\ARM_GCC_541\Debug\Design01.a(MASS_AIRFLOW.o)
 .debug_abbrev  0x00001f3c       0x90 .\CortexM3\ARM_GCC_541\Debug\Design01.a(Glow_Plug_pin.o)
 .debug_abbrev  0x00001fcc       0x90 .\CortexM3\ARM_GCC_541\Debug\Design01.a(Battery_interlock.o)
 .debug_abbrev  0x0000205c      0x114 .\CortexM3\ARM_GCC_541\Debug\Design01.a(Crank_Signal.o)
 .debug_abbrev  0x00002170      0x114 .\CortexM3\ARM_GCC_541\Debug\Design01.a(Cam_signal.o)
 .debug_abbrev  0x00002284       0xcd .\CortexM3\ARM_GCC_541\Debug\Design01.a(Crank_Signal_Wave1_DMA_dma.o)
 .debug_abbrev  0x00002351       0xcd .\CortexM3\ARM_GCC_541\Debug\Design01.a(Crank_Signal_Wave2_DMA_dma.o)
 .debug_abbrev  0x0000241e       0xf7 .\CortexM3\ARM_GCC_541\Debug\Design01.a(Crank_Signal_VDAC8.o)
 .debug_abbrev  0x00002515       0xb2 .\CortexM3\ARM_GCC_541\Debug\Design01.a(Crank_Signal_BuffAmp.o)
 .debug_abbrev  0x000025c7       0xcd .\CortexM3\ARM_GCC_541\Debug\Design01.a(Cam_signal_Wave1_DMA_dma.o)
 .debug_abbrev  0x00002694       0xcd .\CortexM3\ARM_GCC_541\Debug\Design01.a(Cam_signal_Wave2_DMA_dma.o)
 .debug_abbrev  0x00002761       0xf7 .\CortexM3\ARM_GCC_541\Debug\Design01.a(Cam_signal_VDAC8.o)
 .debug_abbrev  0x00002858       0xb2 .\CortexM3\ARM_GCC_541\Debug\Design01.a(Cam_signal_BuffAmp.o)
 .debug_abbrev  0x0000290a       0x90 .\CortexM3\ARM_GCC_541\Debug\Design01.a(Glow_plug_indicator.o)
 .debug_abbrev  0x0000299a       0x90 .\CortexM3\ARM_GCC_541\Debug\Design01.a(Cold_Advance.o)
 .debug_abbrev  0x00002a2a       0x14 .\CortexM3\ARM_GCC_541\Debug\Design01.a(CyBootAsmGnu.o)
 .debug_abbrev  0x00002a3e      0x198 .\CortexM3\ARM_GCC_541\Debug\Design01.a(CyFlash.o)
 .debug_abbrev  0x00002bd6      0x194 .\CortexM3\ARM_GCC_541\Debug\Design01.a(CySpc.o)
 .debug_abbrev  0x00002d6a       0x8e .\CortexM3\ARM_GCC_541\Debug\Design01.a(cyutils.o)

.debug_line     0x00000000     0x43f9
 *(.debug_line)
 .debug_line    0x00000000      0x2e5 .\CortexM3\ARM_GCC_541\Debug\main.o
 .debug_line    0x000002e5      0x1aa .\CortexM3\ARM_GCC_541\Debug\measurement.o
 .debug_line    0x0000048f      0x1b1 .\CortexM3\ARM_GCC_541\Debug\removeOffsetNoise.o
 .debug_line    0x00000640      0x1ff .\CortexM3\ARM_GCC_541\Debug\fancontroller.o
 .debug_line    0x0000083f      0x1c8 .\CortexM3\ARM_GCC_541\Debug\glowplugcontroller.o
 .debug_line    0x00000a07      0x246 .\CortexM3\ARM_GCC_541\Debug\cyfitter_cfg.o
 .debug_line    0x00000c4d      0x141 .\CortexM3\ARM_GCC_541\Debug\cymetadata.o
 .debug_line    0x00000d8e      0x241 .\CortexM3\ARM_GCC_541\Debug\Cm3Start.o
 .debug_line    0x00000fcf      0x2e4 .\CortexM3\ARM_GCC_541\Debug\Design01.a(CyDmac.o)
 .debug_line    0x000012b3      0x816 .\CortexM3\ARM_GCC_541\Debug\Design01.a(CyLib.o)
 .debug_line    0x00001ac9      0x367 .\CortexM3\ARM_GCC_541\Debug\Design01.a(cyPm.o)
 .debug_line    0x00001e30      0x29f .\CortexM3\ARM_GCC_541\Debug\Design01.a(isr_CKP_counter.o)
 .debug_line    0x000020cf      0x176 .\CortexM3\ARM_GCC_541\Debug\Design01.a(Timer_Sytem.o)
 .debug_line    0x00002245      0x155 .\CortexM3\ARM_GCC_541\Debug\Design01.a(Timer_1.o)
 .debug_line    0x0000239a       0x75 .\CortexM3\ARM_GCC_541\Debug\Design01.a(Control_Reg_1.o)
 .debug_line    0x0000240f      0x25b .\CortexM3\ARM_GCC_541\Debug\Design01.a(isr_Not_Runing.o)
 .debug_line    0x0000266a       0xf7 .\CortexM3\ARM_GCC_541\Debug\Design01.a(Thermistor_1.o)
 .debug_line    0x00002761       0xe4 .\CortexM3\ARM_GCC_541\Debug\Design01.a(VDAC8_1.o)
 .debug_line    0x00002845      0x3e0 .\CortexM3\ARM_GCC_541\Debug\Design01.a(ADC_DelSig_1.o)
 .debug_line    0x00002c25       0x89 .\CortexM3\ARM_GCC_541\Debug\Design01.a(ADC_DelSig_1_INT.o)
 .debug_line    0x00002cae       0xaa .\CortexM3\ARM_GCC_541\Debug\Design01.a(Opamp_1.o)
 .debug_line    0x00002d58       0xd6 .\CortexM3\ARM_GCC_541\Debug\Design01.a(AMux_1.o)
 .debug_line    0x00002e2e      0x186 .\CortexM3\ARM_GCC_541\Debug\Design01.a(ADC_DelSig_1_Ext_CP_Clk.o)
 .debug_line    0x00002fb4      0x1a6 .\CortexM3\ARM_GCC_541\Debug\Design01.a(ADC_DelSig_1_theACLK.o)
 .debug_line    0x0000315a      0x193 .\CortexM3\ARM_GCC_541\Debug\Design01.a(PWM_1_FANCONTROLLER.o)
 .debug_line    0x000032ed       0x75 .\CortexM3\ARM_GCC_541\Debug\Design01.a(Control_Reg_2.o)
 .debug_line    0x00003362       0xe9 .\CortexM3\ARM_GCC_541\Debug\Design01.a(MASS_AIRFLOW.o)
 .debug_line    0x0000344b       0x9a .\CortexM3\ARM_GCC_541\Debug\Design01.a(Glow_Plug_pin.o)
 .debug_line    0x000034e5       0x9e .\CortexM3\ARM_GCC_541\Debug\Design01.a(Battery_interlock.o)
 .debug_line    0x00003583      0x167 .\CortexM3\ARM_GCC_541\Debug\Design01.a(Crank_Signal.o)
 .debug_line    0x000036ea      0x15d .\CortexM3\ARM_GCC_541\Debug\Design01.a(Cam_signal.o)
 .debug_line    0x00003847       0x93 .\CortexM3\ARM_GCC_541\Debug\Design01.a(Crank_Signal_Wave1_DMA_dma.o)
 .debug_line    0x000038da       0x93 .\CortexM3\ARM_GCC_541\Debug\Design01.a(Crank_Signal_Wave2_DMA_dma.o)
 .debug_line    0x0000396d       0xee .\CortexM3\ARM_GCC_541\Debug\Design01.a(Crank_Signal_VDAC8.o)
 .debug_line    0x00003a5b       0xb7 .\CortexM3\ARM_GCC_541\Debug\Design01.a(Crank_Signal_BuffAmp.o)
 .debug_line    0x00003b12       0x91 .\CortexM3\ARM_GCC_541\Debug\Design01.a(Cam_signal_Wave1_DMA_dma.o)
 .debug_line    0x00003ba3       0x91 .\CortexM3\ARM_GCC_541\Debug\Design01.a(Cam_signal_Wave2_DMA_dma.o)
 .debug_line    0x00003c34       0xec .\CortexM3\ARM_GCC_541\Debug\Design01.a(Cam_signal_VDAC8.o)
 .debug_line    0x00003d20       0xb5 .\CortexM3\ARM_GCC_541\Debug\Design01.a(Cam_signal_BuffAmp.o)
 .debug_line    0x00003dd5       0xa0 .\CortexM3\ARM_GCC_541\Debug\Design01.a(Glow_plug_indicator.o)
 .debug_line    0x00003e75       0x99 .\CortexM3\ARM_GCC_541\Debug\Design01.a(Cold_Advance.o)
 .debug_line    0x00003f0e       0x66 .\CortexM3\ARM_GCC_541\Debug\Design01.a(CyBootAsmGnu.o)
 .debug_line    0x00003f74      0x1e9 .\CortexM3\ARM_GCC_541\Debug\Design01.a(CyFlash.o)
 .debug_line    0x0000415d      0x23c .\CortexM3\ARM_GCC_541\Debug\Design01.a(CySpc.o)
 .debug_line    0x00004399       0x60 .\CortexM3\ARM_GCC_541\Debug\Design01.a(cyutils.o)

.debug_frame    0x00000000     0x28ac
 *(.debug_frame)
 .debug_frame   0x00000000       0x2c .\CortexM3\ARM_GCC_541\Debug\main.o
 .debug_frame   0x0000002c       0x30 .\CortexM3\ARM_GCC_541\Debug\measurement.o
 .debug_frame   0x0000005c       0x3c .\CortexM3\ARM_GCC_541\Debug\removeOffsetNoise.o
 .debug_frame   0x00000098       0x78 .\CortexM3\ARM_GCC_541\Debug\fancontroller.o
 .debug_frame   0x00000110       0x2c .\CortexM3\ARM_GCC_541\Debug\glowplugcontroller.o
 .debug_frame   0x0000013c      0x138 .\CortexM3\ARM_GCC_541\Debug\cyfitter_cfg.o
 .debug_frame   0x00000274       0xb8 .\CortexM3\ARM_GCC_541\Debug\Cm3Start.o
 .debug_frame   0x0000032c      0x1f8 .\CortexM3\ARM_GCC_541\Debug\Design01.a(CyDmac.o)
 .debug_frame   0x00000524      0x738 .\CortexM3\ARM_GCC_541\Debug\Design01.a(CyLib.o)
 .debug_frame   0x00000c5c      0x1f8 .\CortexM3\ARM_GCC_541\Debug\Design01.a(cyPm.o)
 .debug_frame   0x00000e54      0x110 .\CortexM3\ARM_GCC_541\Debug\Design01.a(isr_CKP_counter.o)
 .debug_frame   0x00000f64      0x13c .\CortexM3\ARM_GCC_541\Debug\Design01.a(Timer_Sytem.o)
 .debug_frame   0x000010a0      0x108 .\CortexM3\ARM_GCC_541\Debug\Design01.a(Timer_1.o)
 .debug_frame   0x000011a8       0x30 .\CortexM3\ARM_GCC_541\Debug\Design01.a(Control_Reg_1.o)
 .debug_frame   0x000011d8      0x110 .\CortexM3\ARM_GCC_541\Debug\Design01.a(isr_Not_Runing.o)
 .debug_frame   0x000012e8       0x48 .\CortexM3\ARM_GCC_541\Debug\Design01.a(Thermistor_1.o)
 .debug_frame   0x00001330       0xb4 .\CortexM3\ARM_GCC_541\Debug\Design01.a(VDAC8_1.o)
 .debug_frame   0x000013e4      0x290 .\CortexM3\ARM_GCC_541\Debug\Design01.a(ADC_DelSig_1.o)
 .debug_frame   0x00001674       0x50 .\CortexM3\ARM_GCC_541\Debug\Design01.a(ADC_DelSig_1_INT.o)
 .debug_frame   0x000016c4       0x78 .\CortexM3\ARM_GCC_541\Debug\Design01.a(Opamp_1.o)
 .debug_frame   0x0000173c       0x9c .\CortexM3\ARM_GCC_541\Debug\Design01.a(AMux_1.o)
 .debug_frame   0x000017d8       0xe0 .\CortexM3\ARM_GCC_541\Debug\Design01.a(ADC_DelSig_1_Ext_CP_Clk.o)
 .debug_frame   0x000018b8      0x100 .\CortexM3\ARM_GCC_541\Debug\Design01.a(ADC_DelSig_1_theACLK.o)
 .debug_frame   0x000019b8      0x134 .\CortexM3\ARM_GCC_541\Debug\Design01.a(PWM_1_FANCONTROLLER.o)
 .debug_frame   0x00001aec       0x30 .\CortexM3\ARM_GCC_541\Debug\Design01.a(Control_Reg_2.o)
 .debug_frame   0x00001b1c       0xb4 .\CortexM3\ARM_GCC_541\Debug\Design01.a(MASS_AIRFLOW.o)
 .debug_frame   0x00001bd0       0x50 .\CortexM3\ARM_GCC_541\Debug\Design01.a(Glow_Plug_pin.o)
 .debug_frame   0x00001c20       0x50 .\CortexM3\ARM_GCC_541\Debug\Design01.a(Battery_interlock.o)
 .debug_frame   0x00001c70       0xe0 .\CortexM3\ARM_GCC_541\Debug\Design01.a(Crank_Signal.o)
 .debug_frame   0x00001d50       0xe0 .\CortexM3\ARM_GCC_541\Debug\Design01.a(Cam_signal.o)
 .debug_frame   0x00001e30       0x54 .\CortexM3\ARM_GCC_541\Debug\Design01.a(Crank_Signal_Wave1_DMA_dma.o)
 .debug_frame   0x00001e84       0x54 .\CortexM3\ARM_GCC_541\Debug\Design01.a(Crank_Signal_Wave2_DMA_dma.o)
 .debug_frame   0x00001ed8       0xb4 .\CortexM3\ARM_GCC_541\Debug\Design01.a(Crank_Signal_VDAC8.o)
 .debug_frame   0x00001f8c       0x78 .\CortexM3\ARM_GCC_541\Debug\Design01.a(Crank_Signal_BuffAmp.o)
 .debug_frame   0x00002004       0x54 .\CortexM3\ARM_GCC_541\Debug\Design01.a(Cam_signal_Wave1_DMA_dma.o)
 .debug_frame   0x00002058       0x54 .\CortexM3\ARM_GCC_541\Debug\Design01.a(Cam_signal_Wave2_DMA_dma.o)
 .debug_frame   0x000020ac       0xb4 .\CortexM3\ARM_GCC_541\Debug\Design01.a(Cam_signal_VDAC8.o)
 .debug_frame   0x00002160       0x78 .\CortexM3\ARM_GCC_541\Debug\Design01.a(Cam_signal_BuffAmp.o)
 .debug_frame   0x000021d8       0x50 .\CortexM3\ARM_GCC_541\Debug\Design01.a(Glow_plug_indicator.o)
 .debug_frame   0x00002228       0x50 .\CortexM3\ARM_GCC_541\Debug\Design01.a(Cold_Advance.o)
 .debug_frame   0x00002278      0x174 .\CortexM3\ARM_GCC_541\Debug\Design01.a(CyFlash.o)
 .debug_frame   0x000023ec      0x160 .\CortexM3\ARM_GCC_541\Debug\Design01.a(CySpc.o)
 .debug_frame   0x0000254c       0x20 .\CortexM3\ARM_GCC_541\Debug\Design01.a(cyutils.o)
 .debug_frame   0x0000256c       0x40 c:/program files (x86)/cypress/psoc creator/4.1/psoc creator/import/gnu/arm/5.4.1/bin/../lib/gcc/arm-none-eabi/5.4.1/../../../../arm-none-eabi/lib/armv7-m\libm.a(lib_a-w_log.o)
 .debug_frame   0x000025ac       0x4c c:/program files (x86)/cypress/psoc creator/4.1/psoc creator/import/gnu/arm/5.4.1/bin/../lib/gcc/arm-none-eabi/5.4.1/../../../../arm-none-eabi/lib/armv7-m\libm.a(lib_a-w_pow.o)
 .debug_frame   0x000025f8       0x54 c:/program files (x86)/cypress/psoc creator/4.1/psoc creator/import/gnu/arm/5.4.1/bin/../lib/gcc/arm-none-eabi/5.4.1/../../../../arm-none-eabi/lib/armv7-m\libm.a(lib_a-e_log.o)
 .debug_frame   0x0000264c       0x68 c:/program files (x86)/cypress/psoc creator/4.1/psoc creator/import/gnu/arm/5.4.1/bin/../lib/gcc/arm-none-eabi/5.4.1/../../../../arm-none-eabi/lib/armv7-m\libm.a(lib_a-e_pow.o)
 .debug_frame   0x000026b4       0x30 c:/program files (x86)/cypress/psoc creator/4.1/psoc creator/import/gnu/arm/5.4.1/bin/../lib/gcc/arm-none-eabi/5.4.1/../../../../arm-none-eabi/lib/armv7-m\libm.a(lib_a-e_sqrt.o)
 .debug_frame   0x000026e4       0x20 c:/program files (x86)/cypress/psoc creator/4.1/psoc creator/import/gnu/arm/5.4.1/bin/../lib/gcc/arm-none-eabi/5.4.1/../../../../arm-none-eabi/lib/armv7-m\libm.a(lib_a-s_fabs.o)
 .debug_frame   0x00002704       0x20 c:/program files (x86)/cypress/psoc creator/4.1/psoc creator/import/gnu/arm/5.4.1/bin/../lib/gcc/arm-none-eabi/5.4.1/../../../../arm-none-eabi/lib/armv7-m\libm.a(lib_a-s_finite.o)
 .debug_frame   0x00002724       0x20 c:/program files (x86)/cypress/psoc creator/4.1/psoc creator/import/gnu/arm/5.4.1/bin/../lib/gcc/arm-none-eabi/5.4.1/../../../../arm-none-eabi/lib/armv7-m\libm.a(lib_a-s_matherr.o)
 .debug_frame   0x00002744       0x20 c:/program files (x86)/cypress/psoc creator/4.1/psoc creator/import/gnu/arm/5.4.1/bin/../lib/gcc/arm-none-eabi/5.4.1/../../../../arm-none-eabi/lib/armv7-m\libm.a(lib_a-s_nan.o)
 .debug_frame   0x00002764       0x3c c:/program files (x86)/cypress/psoc creator/4.1/psoc creator/import/gnu/arm/5.4.1/bin/../lib/gcc/arm-none-eabi/5.4.1/../../../../arm-none-eabi/lib/armv7-m\libm.a(lib_a-s_rint.o)
 .debug_frame   0x000027a0       0x30 c:/program files (x86)/cypress/psoc creator/4.1/psoc creator/import/gnu/arm/5.4.1/bin/../lib/gcc/arm-none-eabi/5.4.1/../../../../arm-none-eabi/lib/armv7-m\libm.a(lib_a-s_scalbn.o)
 .debug_frame   0x000027d0       0x20 c:/program files (x86)/cypress/psoc creator/4.1/psoc creator/import/gnu/arm/5.4.1/bin/../lib/gcc/arm-none-eabi/5.4.1/../../../../arm-none-eabi/lib/armv7-m\libm.a(lib_a-s_copysign.o)
 .debug_frame   0x000027f0       0x20 c:/program files (x86)/cypress/psoc creator/4.1/psoc creator/import/gnu/arm/5.4.1/bin/../lib/gcc/arm-none-eabi/5.4.1/../../../../arm-none-eabi/lib/armv7-m\libg_nano.a(lib_a-errno.o)
 .debug_frame   0x00002810       0x28 c:/program files (x86)/cypress/psoc creator/4.1/psoc creator/import/gnu/arm/5.4.1/bin/../lib/gcc/arm-none-eabi/5.4.1/../../../../arm-none-eabi/lib/armv7-m\libg_nano.a(lib_a-exit.o)
 .debug_frame   0x00002838       0x2c c:/program files (x86)/cypress/psoc creator/4.1/psoc creator/import/gnu/arm/5.4.1/bin/../lib/gcc/arm-none-eabi/5.4.1/../../../../arm-none-eabi/lib/armv7-m\libg_nano.a(lib_a-init.o)
 .debug_frame   0x00002864       0x28 c:/program files (x86)/cypress/psoc creator/4.1/psoc creator/import/gnu/arm/5.4.1/bin/../lib/gcc/arm-none-eabi/5.4.1/../../../../arm-none-eabi/lib/armv7-m\libg_nano.a(lib_a-memcpy-stub.o)
 .debug_frame   0x0000288c       0x20 c:/program files (x86)/cypress/psoc creator/4.1/psoc creator/import/gnu/arm/5.4.1/bin/../lib/gcc/arm-none-eabi/5.4.1/../../../../arm-none-eabi/lib/armv7-m\libg_nano.a(lib_a-memset.o)

.debug_str      0x00000000     0x391b
 *(.debug_str)
 .debug_str     0x00000000      0x394 .\CortexM3\ARM_GCC_541\Debug\main.o
                                0x3e9 (size before relaxing)
 .debug_str     0x00000394       0xa0 .\CortexM3\ARM_GCC_541\Debug\measurement.o
                                0x25a (size before relaxing)
 .debug_str     0x00000434       0x43 .\CortexM3\ARM_GCC_541\Debug\removeOffsetNoise.o
                                0x269 (size before relaxing)
 .debug_str     0x00000477       0xa7 .\CortexM3\ARM_GCC_541\Debug\fancontroller.o
                                0x2c5 (size before relaxing)
 .debug_str     0x0000051e       0x21 .\CortexM3\ARM_GCC_541\Debug\glowplugcontroller.o
                                0x233 (size before relaxing)
 .debug_str     0x0000053f      0x252 .\CortexM3\ARM_GCC_541\Debug\cyfitter_cfg.o
                                0x3fd (size before relaxing)
 .debug_str     0x00000791       0x7f .\CortexM3\ARM_GCC_541\Debug\cymetadata.o
                                0x1e4 (size before relaxing)
 .debug_str     0x00000810      0x14e .\CortexM3\ARM_GCC_541\Debug\Cm3Start.o
                                0x31a (size before relaxing)
 .debug_str     0x0000095e      0x375 .\CortexM3\ARM_GCC_541\Debug\Design01.a(CyDmac.o)
                                0x54a (size before relaxing)
 .debug_str     0x00000cd3      0x7ec .\CortexM3\ARM_GCC_541\Debug\Design01.a(CyLib.o)
                                0xa47 (size before relaxing)
 .debug_str     0x000014bf      0x365 .\CortexM3\ARM_GCC_541\Debug\Design01.a(cyPm.o)
                                0x733 (size before relaxing)
 .debug_str     0x00001824      0x1ae .\CortexM3\ARM_GCC_541\Debug\Design01.a(isr_CKP_counter.o)
                                0x3f2 (size before relaxing)
 .debug_str     0x000019d2      0x1b9 .\CortexM3\ARM_GCC_541\Debug\Design01.a(Timer_Sytem.o)
                                0x3b2 (size before relaxing)
 .debug_str     0x00001b8b      0x13b .\CortexM3\ARM_GCC_541\Debug\Design01.a(Timer_1.o)
                                0x315 (size before relaxing)
 .debug_str     0x00001cc6       0x3a .\CortexM3\ARM_GCC_541\Debug\Design01.a(Control_Reg_1.o)
                                0x1c7 (size before relaxing)
 .debug_str     0x00001d00      0x14f .\CortexM3\ARM_GCC_541\Debug\Design01.a(isr_Not_Runing.o)
                                0x362 (size before relaxing)
 .debug_str     0x00001e4f       0x80 .\CortexM3\ARM_GCC_541\Debug\Design01.a(Thermistor_1.o)
                                0x236 (size before relaxing)
 .debug_str     0x00001ecf       0xa9 .\CortexM3\ARM_GCC_541\Debug\Design01.a(VDAC8_1.o)
                                0x233 (size before relaxing)
 .debug_str     0x00001f78      0x46c .\CortexM3\ARM_GCC_541\Debug\Design01.a(ADC_DelSig_1.o)
                                0x721 (size before relaxing)
 .debug_str     0x000023e4       0x72 .\CortexM3\ARM_GCC_541\Debug\Design01.a(ADC_DelSig_1_INT.o)
                                0x1ed (size before relaxing)
 .debug_str     0x00002456       0x71 .\CortexM3\ARM_GCC_541\Debug\Design01.a(Opamp_1.o)
                                0x205 (size before relaxing)
 .debug_str     0x000024c7       0x67 .\CortexM3\ARM_GCC_541\Debug\Design01.a(AMux_1.o)
                                0x25e (size before relaxing)
 .debug_str     0x0000252e      0x1c7 .\CortexM3\ARM_GCC_541\Debug\Design01.a(ADC_DelSig_1_Ext_CP_Clk.o)
                                0x3ae (size before relaxing)
 .debug_str     0x000026f5      0x1bb .\CortexM3\ARM_GCC_541\Debug\Design01.a(ADC_DelSig_1_theACLK.o)
                                0x3df (size before relaxing)
 .debug_str     0x000028b0      0x226 .\CortexM3\ARM_GCC_541\Debug\Design01.a(PWM_1_FANCONTROLLER.o)
                                0x45b (size before relaxing)
 .debug_str     0x00002ad6       0x3a .\CortexM3\ARM_GCC_541\Debug\Design01.a(Control_Reg_2.o)
                                0x1c7 (size before relaxing)
 .debug_str     0x00002b10       0xca .\CortexM3\ARM_GCC_541\Debug\Design01.a(MASS_AIRFLOW.o)
                                0x265 (size before relaxing)
 .debug_str     0x00002bda       0x7a .\CortexM3\ARM_GCC_541\Debug\Design01.a(Glow_Plug_pin.o)
                                0x20a (size before relaxing)
 .debug_str     0x00002c54       0x7f .\CortexM3\ARM_GCC_541\Debug\Design01.a(Battery_interlock.o)
                                0x21e (size before relaxing)
 .debug_str     0x00002cd3      0x291 .\CortexM3\ARM_GCC_541\Debug\Design01.a(Crank_Signal.o)
                                0x49e (size before relaxing)
 .debug_str     0x00002f64      0x224 .\CortexM3\ARM_GCC_541\Debug\Design01.a(Cam_signal.o)
                                0x46c (size before relaxing)
 .debug_str     0x00003188       0xb2 .\CortexM3\ARM_GCC_541\Debug\Design01.a(Crank_Signal_Wave1_DMA_dma.o)
                                0x2b0 (size before relaxing)
 .debug_str     0x0000323a       0x77 .\CortexM3\ARM_GCC_541\Debug\Design01.a(Crank_Signal_Wave2_DMA_dma.o)
                                0x2b0 (size before relaxing)
 .debug_str     0x000032b1       0x7b .\CortexM3\ARM_GCC_541\Debug\Design01.a(Crank_Signal_VDAC8.o)
                                0x2a1 (size before relaxing)
 .debug_str     0x0000332c       0x9e .\CortexM3\ARM_GCC_541\Debug\Design01.a(Crank_Signal_BuffAmp.o)
                                0x260 (size before relaxing)
 .debug_str     0x000033ca       0x71 .\CortexM3\ARM_GCC_541\Debug\Design01.a(Cam_signal_Wave1_DMA_dma.o)
                                0x2a8 (size before relaxing)
 .debug_str     0x0000343b       0x71 .\CortexM3\ARM_GCC_541\Debug\Design01.a(Cam_signal_Wave2_DMA_dma.o)
                                0x2a8 (size before relaxing)
 .debug_str     0x000034ac       0x73 .\CortexM3\ARM_GCC_541\Debug\Design01.a(Cam_signal_VDAC8.o)
                                0x28d (size before relaxing)
 .debug_str     0x0000351f       0x94 .\CortexM3\ARM_GCC_541\Debug\Design01.a(Cam_signal_BuffAmp.o)
                                0x252 (size before relaxing)
 .debug_str     0x000035b3       0x87 .\CortexM3\ARM_GCC_541\Debug\Design01.a(Glow_plug_indicator.o)
                                0x228 (size before relaxing)
 .debug_str     0x0000363a       0x6b .\CortexM3\ARM_GCC_541\Debug\Design01.a(Cold_Advance.o)
                                0x205 (size before relaxing)
 .debug_str     0x000036a5      0x19c .\CortexM3\ARM_GCC_541\Debug\Design01.a(CyFlash.o)
                                0x3a1 (size before relaxing)
 .debug_str     0x00003841       0xac .\CortexM3\ARM_GCC_541\Debug\Design01.a(CySpc.o)
                                0x32a (size before relaxing)
 .debug_str     0x000038ed       0x2e .\CortexM3\ARM_GCC_541\Debug\Design01.a(cyutils.o)
                                0x1b2 (size before relaxing)

.debug_loc      0x00000000     0x3aa2
 *(.debug_loc)
 .debug_loc     0x00000000       0x78 .\CortexM3\ARM_GCC_541\Debug\measurement.o
 .debug_loc     0x00000078       0x53 .\CortexM3\ARM_GCC_541\Debug\removeOffsetNoise.o
 .debug_loc     0x000000cb       0xf9 .\CortexM3\ARM_GCC_541\Debug\fancontroller.o
 .debug_loc     0x000001c4       0x53 .\CortexM3\ARM_GCC_541\Debug\glowplugcontroller.o
 .debug_loc     0x00000217      0x2c7 .\CortexM3\ARM_GCC_541\Debug\cyfitter_cfg.o
 .debug_loc     0x000004de      0x144 .\CortexM3\ARM_GCC_541\Debug\Cm3Start.o
 .debug_loc     0x00000622      0xb8e .\CortexM3\ARM_GCC_541\Debug\Design01.a(CyDmac.o)
 .debug_loc     0x000011b0      0xa11 .\CortexM3\ARM_GCC_541\Debug\Design01.a(CyLib.o)
 .debug_loc     0x00001bc1      0x1e4 .\CortexM3\ARM_GCC_541\Debug\Design01.a(cyPm.o)
 .debug_loc     0x00001da5       0x56 .\CortexM3\ARM_GCC_541\Debug\Design01.a(isr_CKP_counter.o)
 .debug_loc     0x00001dfb       0x6b .\CortexM3\ARM_GCC_541\Debug\Design01.a(Timer_Sytem.o)
 .debug_loc     0x00001e66       0x56 .\CortexM3\ARM_GCC_541\Debug\Design01.a(isr_Not_Runing.o)