ARM GAS  C:\Users\Joshua\AppData\Local\Temp\ccg1QVqJ.s 			page 1


   1              		.syntax unified
   2              		.cpu cortex-m3
   3              		.fpu softvfp
   4              		.eabi_attribute 20, 1
   5              		.eabi_attribute 21, 1
   6              		.eabi_attribute 23, 3
   7              		.eabi_attribute 24, 1
   8              		.eabi_attribute 25, 1
   9              		.eabi_attribute 26, 1
  10              		.eabi_attribute 30, 1
  11              		.eabi_attribute 34, 1
  12              		.eabi_attribute 18, 4
  13              		.thumb
  14              		.syntax unified
  15              		.file	"mass_air.c"
  16              		.text
  17              	.Ltext0:
  18              		.cfi_sections	.debug_frame
  19              		.global	__aeabi_f2uiz
  20              		.global	__aeabi_fdiv
  21              		.global	__aeabi_fmul
  22              		.global	__aeabi_fadd
  23              		.global	__aeabi_fcmpgt
  24              		.section	.text.mass_air_Interrupt,"ax",%progbits
  25              		.align	2
  26              		.global	mass_air_Interrupt
  27              		.thumb
  28              		.thumb_func
  29              		.type	mass_air_Interrupt, %function
  30              	mass_air_Interrupt:
  31              	.LFB67:
  32              		.file 1 "Generated_Source\\PSoC5\\mass_air.c"
   1:Generated_Source\PSoC5/mass_air.c **** /*******************************************************************************
   2:Generated_Source\PSoC5/mass_air.c **** * File Name: mass_air.c  
   3:Generated_Source\PSoC5/mass_air.c **** * Version 1.70
   4:Generated_Source\PSoC5/mass_air.c **** *
   5:Generated_Source\PSoC5/mass_air.c **** *  Description:
   6:Generated_Source\PSoC5/mass_air.c **** *   API for controlling the state of an interrupt.
   7:Generated_Source\PSoC5/mass_air.c **** *
   8:Generated_Source\PSoC5/mass_air.c **** *
   9:Generated_Source\PSoC5/mass_air.c **** *  Note:
  10:Generated_Source\PSoC5/mass_air.c **** *
  11:Generated_Source\PSoC5/mass_air.c **** ********************************************************************************
  12:Generated_Source\PSoC5/mass_air.c **** * Copyright 2008-2015, Cypress Semiconductor Corporation.  All rights reserved.
  13:Generated_Source\PSoC5/mass_air.c **** * You may use this file only in accordance with the license, terms, conditions, 
  14:Generated_Source\PSoC5/mass_air.c **** * disclaimers, and limitations in the end user license agreement accompanying 
  15:Generated_Source\PSoC5/mass_air.c **** * the software package with which this file was provided.
  16:Generated_Source\PSoC5/mass_air.c **** *******************************************************************************/
  17:Generated_Source\PSoC5/mass_air.c **** 
  18:Generated_Source\PSoC5/mass_air.c **** 
  19:Generated_Source\PSoC5/mass_air.c **** #include <cydevice_trm.h>
  20:Generated_Source\PSoC5/mass_air.c **** #include <CyLib.h>
  21:Generated_Source\PSoC5/mass_air.c **** #include <mass_air.h>
  22:Generated_Source\PSoC5/mass_air.c **** #include "cyapicallbacks.h"
  23:Generated_Source\PSoC5/mass_air.c **** 
  24:Generated_Source\PSoC5/mass_air.c **** #if !defined(mass_air__REMOVED) /* Check for removal by optimization */
  25:Generated_Source\PSoC5/mass_air.c **** 
ARM GAS  C:\Users\Joshua\AppData\Local\Temp\ccg1QVqJ.s 			page 2


  26:Generated_Source\PSoC5/mass_air.c **** /*******************************************************************************
  27:Generated_Source\PSoC5/mass_air.c **** *  Place your includes, defines and code here 
  28:Generated_Source\PSoC5/mass_air.c **** ********************************************************************************/
  29:Generated_Source\PSoC5/mass_air.c **** /* `#START mass_air_intc` */
  30:Generated_Source\PSoC5/mass_air.c **** #include <macros.h>
  31:Generated_Source\PSoC5/mass_air.c **** extern volatile float RPM;
  32:Generated_Source\PSoC5/mass_air.c **** extern volatile float mass_air_voltage;
  33:Generated_Source\PSoC5/mass_air.c **** extern volatile float mass_air_variable;
  34:Generated_Source\PSoC5/mass_air.c **** extern volatile int Not_runing;    
  35:Generated_Source\PSoC5/mass_air.c **** extern volatile int RPM_Count;    
  36:Generated_Source\PSoC5/mass_air.c **** /* `#END` */
  37:Generated_Source\PSoC5/mass_air.c **** 
  38:Generated_Source\PSoC5/mass_air.c **** #ifndef CYINT_IRQ_BASE
  39:Generated_Source\PSoC5/mass_air.c **** #define CYINT_IRQ_BASE      16
  40:Generated_Source\PSoC5/mass_air.c **** #endif /* CYINT_IRQ_BASE */
  41:Generated_Source\PSoC5/mass_air.c **** #ifndef CYINT_VECT_TABLE
  42:Generated_Source\PSoC5/mass_air.c **** #define CYINT_VECT_TABLE    ((cyisraddress **) CYREG_NVIC_VECT_OFFSET)
  43:Generated_Source\PSoC5/mass_air.c **** #endif /* CYINT_VECT_TABLE */
  44:Generated_Source\PSoC5/mass_air.c **** 
  45:Generated_Source\PSoC5/mass_air.c **** /* Declared in startup, used to set unused interrupts to. */
  46:Generated_Source\PSoC5/mass_air.c **** CY_ISR_PROTO(IntDefaultHandler);
  47:Generated_Source\PSoC5/mass_air.c **** 
  48:Generated_Source\PSoC5/mass_air.c **** 
  49:Generated_Source\PSoC5/mass_air.c **** /*******************************************************************************
  50:Generated_Source\PSoC5/mass_air.c **** * Function Name: mass_air_Start
  51:Generated_Source\PSoC5/mass_air.c **** ********************************************************************************
  52:Generated_Source\PSoC5/mass_air.c **** *
  53:Generated_Source\PSoC5/mass_air.c **** * Summary:
  54:Generated_Source\PSoC5/mass_air.c **** *  Set up the interrupt and enable it. This function disables the interrupt, 
  55:Generated_Source\PSoC5/mass_air.c **** *  sets the default interrupt vector, sets the priority from the value in the
  56:Generated_Source\PSoC5/mass_air.c **** *  Design Wide Resources Interrupt Editor, then enables the interrupt to the 
  57:Generated_Source\PSoC5/mass_air.c **** *  interrupt controller.
  58:Generated_Source\PSoC5/mass_air.c **** *
  59:Generated_Source\PSoC5/mass_air.c **** * Parameters:  
  60:Generated_Source\PSoC5/mass_air.c **** *   None
  61:Generated_Source\PSoC5/mass_air.c **** *
  62:Generated_Source\PSoC5/mass_air.c **** * Return:
  63:Generated_Source\PSoC5/mass_air.c **** *   None
  64:Generated_Source\PSoC5/mass_air.c **** *
  65:Generated_Source\PSoC5/mass_air.c **** *******************************************************************************/
  66:Generated_Source\PSoC5/mass_air.c **** void mass_air_Start(void)
  67:Generated_Source\PSoC5/mass_air.c **** {
  68:Generated_Source\PSoC5/mass_air.c ****     /* For all we know the interrupt is active. */
  69:Generated_Source\PSoC5/mass_air.c ****     mass_air_Disable();
  70:Generated_Source\PSoC5/mass_air.c **** 
  71:Generated_Source\PSoC5/mass_air.c ****     /* Set the ISR to point to the mass_air Interrupt. */
  72:Generated_Source\PSoC5/mass_air.c ****     mass_air_SetVector(&mass_air_Interrupt);
  73:Generated_Source\PSoC5/mass_air.c **** 
  74:Generated_Source\PSoC5/mass_air.c ****     /* Set the priority. */
  75:Generated_Source\PSoC5/mass_air.c ****     mass_air_SetPriority((uint8)mass_air_INTC_PRIOR_NUMBER);
  76:Generated_Source\PSoC5/mass_air.c **** 
  77:Generated_Source\PSoC5/mass_air.c ****     /* Enable it. */
  78:Generated_Source\PSoC5/mass_air.c ****     mass_air_Enable();
  79:Generated_Source\PSoC5/mass_air.c **** }
  80:Generated_Source\PSoC5/mass_air.c **** 
  81:Generated_Source\PSoC5/mass_air.c **** 
  82:Generated_Source\PSoC5/mass_air.c **** /*******************************************************************************
ARM GAS  C:\Users\Joshua\AppData\Local\Temp\ccg1QVqJ.s 			page 3


  83:Generated_Source\PSoC5/mass_air.c **** * Function Name: mass_air_StartEx
  84:Generated_Source\PSoC5/mass_air.c **** ********************************************************************************
  85:Generated_Source\PSoC5/mass_air.c **** *
  86:Generated_Source\PSoC5/mass_air.c **** * Summary:
  87:Generated_Source\PSoC5/mass_air.c **** *  Sets up the interrupt and enables it. This function disables the interrupt,
  88:Generated_Source\PSoC5/mass_air.c **** *  sets the interrupt vector based on the address passed in, sets the priority 
  89:Generated_Source\PSoC5/mass_air.c **** *  from the value in the Design Wide Resources Interrupt Editor, then enables 
  90:Generated_Source\PSoC5/mass_air.c **** *  the interrupt to the interrupt controller.
  91:Generated_Source\PSoC5/mass_air.c **** *  
  92:Generated_Source\PSoC5/mass_air.c **** *  When defining ISR functions, the CY_ISR and CY_ISR_PROTO macros should be 
  93:Generated_Source\PSoC5/mass_air.c **** *  used to provide consistent definition across compilers:
  94:Generated_Source\PSoC5/mass_air.c **** *  
  95:Generated_Source\PSoC5/mass_air.c **** *  Function definition example:
  96:Generated_Source\PSoC5/mass_air.c **** *   CY_ISR(MyISR)
  97:Generated_Source\PSoC5/mass_air.c **** *   {
  98:Generated_Source\PSoC5/mass_air.c **** *   }
  99:Generated_Source\PSoC5/mass_air.c **** *   Function prototype example:
 100:Generated_Source\PSoC5/mass_air.c **** *   CY_ISR_PROTO(MyISR);
 101:Generated_Source\PSoC5/mass_air.c **** *
 102:Generated_Source\PSoC5/mass_air.c **** * Parameters:  
 103:Generated_Source\PSoC5/mass_air.c **** *   address: Address of the ISR to set in the interrupt vector table.
 104:Generated_Source\PSoC5/mass_air.c **** *
 105:Generated_Source\PSoC5/mass_air.c **** * Return:
 106:Generated_Source\PSoC5/mass_air.c **** *   None
 107:Generated_Source\PSoC5/mass_air.c **** *
 108:Generated_Source\PSoC5/mass_air.c **** *******************************************************************************/
 109:Generated_Source\PSoC5/mass_air.c **** void mass_air_StartEx(cyisraddress address)
 110:Generated_Source\PSoC5/mass_air.c **** {
 111:Generated_Source\PSoC5/mass_air.c ****     /* For all we know the interrupt is active. */
 112:Generated_Source\PSoC5/mass_air.c ****     mass_air_Disable();
 113:Generated_Source\PSoC5/mass_air.c **** 
 114:Generated_Source\PSoC5/mass_air.c ****     /* Set the ISR to point to the mass_air Interrupt. */
 115:Generated_Source\PSoC5/mass_air.c ****     mass_air_SetVector(address);
 116:Generated_Source\PSoC5/mass_air.c **** 
 117:Generated_Source\PSoC5/mass_air.c ****     /* Set the priority. */
 118:Generated_Source\PSoC5/mass_air.c ****     mass_air_SetPriority((uint8)mass_air_INTC_PRIOR_NUMBER);
 119:Generated_Source\PSoC5/mass_air.c **** 
 120:Generated_Source\PSoC5/mass_air.c ****     /* Enable it. */
 121:Generated_Source\PSoC5/mass_air.c ****     mass_air_Enable();
 122:Generated_Source\PSoC5/mass_air.c **** }
 123:Generated_Source\PSoC5/mass_air.c **** 
 124:Generated_Source\PSoC5/mass_air.c **** 
 125:Generated_Source\PSoC5/mass_air.c **** /*******************************************************************************
 126:Generated_Source\PSoC5/mass_air.c **** * Function Name: mass_air_Stop
 127:Generated_Source\PSoC5/mass_air.c **** ********************************************************************************
 128:Generated_Source\PSoC5/mass_air.c **** *
 129:Generated_Source\PSoC5/mass_air.c **** * Summary:
 130:Generated_Source\PSoC5/mass_air.c **** *   Disables and removes the interrupt.
 131:Generated_Source\PSoC5/mass_air.c **** *
 132:Generated_Source\PSoC5/mass_air.c **** * Parameters:  
 133:Generated_Source\PSoC5/mass_air.c **** *   None
 134:Generated_Source\PSoC5/mass_air.c **** *
 135:Generated_Source\PSoC5/mass_air.c **** * Return:
 136:Generated_Source\PSoC5/mass_air.c **** *   None
 137:Generated_Source\PSoC5/mass_air.c **** *
 138:Generated_Source\PSoC5/mass_air.c **** *******************************************************************************/
 139:Generated_Source\PSoC5/mass_air.c **** void mass_air_Stop(void)
ARM GAS  C:\Users\Joshua\AppData\Local\Temp\ccg1QVqJ.s 			page 4


 140:Generated_Source\PSoC5/mass_air.c **** {
 141:Generated_Source\PSoC5/mass_air.c ****     /* Disable this interrupt. */
 142:Generated_Source\PSoC5/mass_air.c ****     mass_air_Disable();
 143:Generated_Source\PSoC5/mass_air.c **** 
 144:Generated_Source\PSoC5/mass_air.c ****     /* Set the ISR to point to the passive one. */
 145:Generated_Source\PSoC5/mass_air.c ****     mass_air_SetVector(&IntDefaultHandler);
 146:Generated_Source\PSoC5/mass_air.c **** }
 147:Generated_Source\PSoC5/mass_air.c **** 
 148:Generated_Source\PSoC5/mass_air.c **** 
 149:Generated_Source\PSoC5/mass_air.c **** /*******************************************************************************
 150:Generated_Source\PSoC5/mass_air.c **** * Function Name: mass_air_Interrupt
 151:Generated_Source\PSoC5/mass_air.c **** ********************************************************************************
 152:Generated_Source\PSoC5/mass_air.c **** *
 153:Generated_Source\PSoC5/mass_air.c **** * Summary:
 154:Generated_Source\PSoC5/mass_air.c **** *   The default Interrupt Service Routine for mass_air.
 155:Generated_Source\PSoC5/mass_air.c **** *
 156:Generated_Source\PSoC5/mass_air.c **** *   Add custom code between the coments to keep the next version of this file
 157:Generated_Source\PSoC5/mass_air.c **** *   from over writting your code.
 158:Generated_Source\PSoC5/mass_air.c **** *
 159:Generated_Source\PSoC5/mass_air.c **** * Parameters:  
 160:Generated_Source\PSoC5/mass_air.c **** *
 161:Generated_Source\PSoC5/mass_air.c **** * Return:
 162:Generated_Source\PSoC5/mass_air.c **** *   None
 163:Generated_Source\PSoC5/mass_air.c **** *
 164:Generated_Source\PSoC5/mass_air.c **** *******************************************************************************/
 165:Generated_Source\PSoC5/mass_air.c **** CY_ISR(mass_air_Interrupt)
 166:Generated_Source\PSoC5/mass_air.c **** {
  33              		.loc 1 166 0
  34              		.cfi_startproc
  35              		@ args = 0, pretend = 0, frame = 0
  36              		@ frame_needed = 0, uses_anonymous_args = 0
  37 0000 10B5     		push	{r4, lr}
  38              		.cfi_def_cfa_offset 8
  39              		.cfi_offset 4, -8
  40              		.cfi_offset 14, -4
 167:Generated_Source\PSoC5/mass_air.c ****     #ifdef mass_air_INTERRUPT_INTERRUPT_CALLBACK
 168:Generated_Source\PSoC5/mass_air.c ****         mass_air_Interrupt_InterruptCallback();
 169:Generated_Source\PSoC5/mass_air.c ****     #endif /* mass_air_INTERRUPT_INTERRUPT_CALLBACK */ 
 170:Generated_Source\PSoC5/mass_air.c **** 
 171:Generated_Source\PSoC5/mass_air.c ****     /*  Place your Interrupt code here. */
 172:Generated_Source\PSoC5/mass_air.c ****     /* `#START mass_air_Interrupt` */
 173:Generated_Source\PSoC5/mass_air.c **** float mass_voltage;
 174:Generated_Source\PSoC5/mass_air.c ****     
 175:Generated_Source\PSoC5/mass_air.c ****     
 176:Generated_Source\PSoC5/mass_air.c ****     if (RPM_Count<=3){// was 10 checking to see if it gets rid of the check engine code for mass ai
  41              		.loc 1 176 0
  42 0002 1A4B     		ldr	r3, .L8
  43 0004 1B68     		ldr	r3, [r3]
  44 0006 032B     		cmp	r3, #3
  45 0008 09DC     		bgt	.L2
  46              	.LVL0:
 177:Generated_Source\PSoC5/mass_air.c **** 				mass_voltage=63;// this is the default value of the mass air flow sensor if it is not running
 178:Generated_Source\PSoC5/mass_air.c **** 				mass_air_voltage=mass_voltage;
  47              		.loc 1 178 0
  48 000a 194B     		ldr	r3, .L8+4
  49 000c 194A     		ldr	r2, .L8+8
  50 000e 1A60     		str	r2, [r3]	@ float
ARM GAS  C:\Users\Joshua\AppData\Local\Temp\ccg1QVqJ.s 			page 5


 179:Generated_Source\PSoC5/mass_air.c **** 				MASS_AIRFLOW_SetValue(mass_air_voltage);
  51              		.loc 1 179 0
  52 0010 1868     		ldr	r0, [r3]	@ float
  53 0012 FFF7FEFF 		bl	__aeabi_f2uiz
  54              	.LVL1:
  55 0016 C0B2     		uxtb	r0, r0
  56 0018 FFF7FEFF 		bl	MASS_AIRFLOW_SetValue
  57              	.LVL2:
  58 001c 10BD     		pop	{r4, pc}
  59              	.LVL3:
  60              	.L2:
 180:Generated_Source\PSoC5/mass_air.c **** 		 }
 181:Generated_Source\PSoC5/mass_air.c **** 	    else{
 182:Generated_Source\PSoC5/mass_air.c **** 	        //mass_voltage=(.000532683*RPM)+1.1913668;// 120/RPM is the actual RPM of the engine!!!
 183:Generated_Source\PSoC5/mass_air.c **** 	        mass_air_voltage=(( mass_air_variable*(120/RPM)+744400)/10000);//
  61              		.loc 1 183 0
  62 001e 164C     		ldr	r4, .L8+12
  63 0020 2168     		ldr	r1, [r4]	@ float
  64 0022 1648     		ldr	r0, .L8+16
  65 0024 FFF7FEFF 		bl	__aeabi_fdiv
  66              	.LVL4:
  67 0028 154B     		ldr	r3, .L8+20
  68 002a 1968     		ldr	r1, [r3]	@ float
  69 002c FFF7FEFF 		bl	__aeabi_fmul
  70              	.LVL5:
  71 0030 1449     		ldr	r1, .L8+24
  72 0032 FFF7FEFF 		bl	__aeabi_fadd
  73              	.LVL6:
  74 0036 1449     		ldr	r1, .L8+28
  75 0038 FFF7FEFF 		bl	__aeabi_fdiv
  76              	.LVL7:
  77 003c 0C4B     		ldr	r3, .L8+4
  78 003e 1860     		str	r0, [r3]	@ float
 184:Generated_Source\PSoC5/mass_air.c ****             if ((120/RPM)> 2500){
  79              		.loc 1 184 0
  80 0040 2168     		ldr	r1, [r4]	@ float
  81 0042 0E48     		ldr	r0, .L8+16
  82 0044 FFF7FEFF 		bl	__aeabi_fdiv
  83              	.LVL8:
  84 0048 1049     		ldr	r1, .L8+32
  85 004a FFF7FEFF 		bl	__aeabi_fcmpgt
  86              	.LVL9:
  87 004e 28B1     		cbz	r0, .L4
 185:Generated_Source\PSoC5/mass_air.c ****                 mass_air_voltage=mass_air_voltage+50;
  88              		.loc 1 185 0
  89 0050 074C     		ldr	r4, .L8+4
  90 0052 2068     		ldr	r0, [r4]	@ float
  91 0054 0E49     		ldr	r1, .L8+36
  92 0056 FFF7FEFF 		bl	__aeabi_fadd
  93              	.LVL10:
  94 005a 2060     		str	r0, [r4]	@ float
  95              	.L4:
 186:Generated_Source\PSoC5/mass_air.c ****             }
 187:Generated_Source\PSoC5/mass_air.c **** 	        MASS_AIRFLOW_SetValue((uint8)mass_air_voltage);
  96              		.loc 1 187 0
  97 005c 044B     		ldr	r3, .L8+4
  98 005e 1868     		ldr	r0, [r3]	@ float
ARM GAS  C:\Users\Joshua\AppData\Local\Temp\ccg1QVqJ.s 			page 6


  99 0060 FFF7FEFF 		bl	__aeabi_f2uiz
 100              	.LVL11:
 101 0064 C0B2     		uxtb	r0, r0
 102 0066 FFF7FEFF 		bl	MASS_AIRFLOW_SetValue
 103              	.LVL12:
 104 006a 10BD     		pop	{r4, pc}
 105              	.L9:
 106              		.align	2
 107              	.L8:
 108 006c 00000000 		.word	RPM_Count
 109 0070 00000000 		.word	mass_air_voltage
 110 0074 00007C42 		.word	1115422720
 111 0078 00000000 		.word	RPM
 112 007c 0000F042 		.word	1123024896
 113 0080 00000000 		.word	mass_air_variable
 114 0084 00BD3549 		.word	1228258560
 115 0088 00401C46 		.word	1176256512
 116 008c 00401C45 		.word	1159479296
 117 0090 00004842 		.word	1112014848
 118              		.cfi_endproc
 119              	.LFE67:
 120              		.size	mass_air_Interrupt, .-mass_air_Interrupt
 121              		.section	.text.mass_air_SetVector,"ax",%progbits
 122              		.align	2
 123              		.global	mass_air_SetVector
 124              		.thumb
 125              		.thumb_func
 126              		.type	mass_air_SetVector, %function
 127              	mass_air_SetVector:
 128              	.LFB68:
 188:Generated_Source\PSoC5/mass_air.c ****         }
 189:Generated_Source\PSoC5/mass_air.c ****     
 190:Generated_Source\PSoC5/mass_air.c ****     
 191:Generated_Source\PSoC5/mass_air.c ****     
 192:Generated_Source\PSoC5/mass_air.c ****     
 193:Generated_Source\PSoC5/mass_air.c ****     
 194:Generated_Source\PSoC5/mass_air.c ****     /* `#END` */
 195:Generated_Source\PSoC5/mass_air.c **** }
 196:Generated_Source\PSoC5/mass_air.c **** 
 197:Generated_Source\PSoC5/mass_air.c **** 
 198:Generated_Source\PSoC5/mass_air.c **** /*******************************************************************************
 199:Generated_Source\PSoC5/mass_air.c **** * Function Name: mass_air_SetVector
 200:Generated_Source\PSoC5/mass_air.c **** ********************************************************************************
 201:Generated_Source\PSoC5/mass_air.c **** *
 202:Generated_Source\PSoC5/mass_air.c **** * Summary:
 203:Generated_Source\PSoC5/mass_air.c **** *   Change the ISR vector for the Interrupt. Note calling mass_air_Start
 204:Generated_Source\PSoC5/mass_air.c **** *   will override any effect this method would have had. To set the vector 
 205:Generated_Source\PSoC5/mass_air.c **** *   before the component has been started use mass_air_StartEx instead.
 206:Generated_Source\PSoC5/mass_air.c **** * 
 207:Generated_Source\PSoC5/mass_air.c **** *   When defining ISR functions, the CY_ISR and CY_ISR_PROTO macros should be 
 208:Generated_Source\PSoC5/mass_air.c **** *   used to provide consistent definition across compilers:
 209:Generated_Source\PSoC5/mass_air.c **** *
 210:Generated_Source\PSoC5/mass_air.c **** *   Function definition example:
 211:Generated_Source\PSoC5/mass_air.c **** *   CY_ISR(MyISR)
 212:Generated_Source\PSoC5/mass_air.c **** *   {
 213:Generated_Source\PSoC5/mass_air.c **** *   }
 214:Generated_Source\PSoC5/mass_air.c **** *
ARM GAS  C:\Users\Joshua\AppData\Local\Temp\ccg1QVqJ.s 			page 7


 215:Generated_Source\PSoC5/mass_air.c **** *   Function prototype example:
 216:Generated_Source\PSoC5/mass_air.c **** *     CY_ISR_PROTO(MyISR);
 217:Generated_Source\PSoC5/mass_air.c **** *
 218:Generated_Source\PSoC5/mass_air.c **** * Parameters:
 219:Generated_Source\PSoC5/mass_air.c **** *   address: Address of the ISR to set in the interrupt vector table.
 220:Generated_Source\PSoC5/mass_air.c **** *
 221:Generated_Source\PSoC5/mass_air.c **** * Return:
 222:Generated_Source\PSoC5/mass_air.c **** *   None
 223:Generated_Source\PSoC5/mass_air.c **** *
 224:Generated_Source\PSoC5/mass_air.c **** *******************************************************************************/
 225:Generated_Source\PSoC5/mass_air.c **** void mass_air_SetVector(cyisraddress address)
 226:Generated_Source\PSoC5/mass_air.c **** {
 129              		.loc 1 226 0
 130              		.cfi_startproc
 131              		@ args = 0, pretend = 0, frame = 0
 132              		@ frame_needed = 0, uses_anonymous_args = 0
 133              		@ link register save eliminated.
 134              	.LVL13:
 227:Generated_Source\PSoC5/mass_air.c ****     cyisraddress * ramVectorTable;
 228:Generated_Source\PSoC5/mass_air.c **** 
 229:Generated_Source\PSoC5/mass_air.c ****     ramVectorTable = (cyisraddress *) *CYINT_VECT_TABLE;
 135              		.loc 1 229 0
 136 0000 014B     		ldr	r3, .L11
 137 0002 1B68     		ldr	r3, [r3]
 138              	.LVL14:
 230:Generated_Source\PSoC5/mass_air.c **** 
 231:Generated_Source\PSoC5/mass_air.c ****     ramVectorTable[CYINT_IRQ_BASE + (uint32)mass_air__INTC_NUMBER] = address;
 139              		.loc 1 231 0
 140 0004 D864     		str	r0, [r3, #76]
 141 0006 7047     		bx	lr
 142              	.L12:
 143              		.align	2
 144              	.L11:
 145 0008 08ED00E0 		.word	-536810232
 146              		.cfi_endproc
 147              	.LFE68:
 148              		.size	mass_air_SetVector, .-mass_air_SetVector
 149              		.section	.text.mass_air_GetVector,"ax",%progbits
 150              		.align	2
 151              		.global	mass_air_GetVector
 152              		.thumb
 153              		.thumb_func
 154              		.type	mass_air_GetVector, %function
 155              	mass_air_GetVector:
 156              	.LFB69:
 232:Generated_Source\PSoC5/mass_air.c **** }
 233:Generated_Source\PSoC5/mass_air.c **** 
 234:Generated_Source\PSoC5/mass_air.c **** 
 235:Generated_Source\PSoC5/mass_air.c **** /*******************************************************************************
 236:Generated_Source\PSoC5/mass_air.c **** * Function Name: mass_air_GetVector
 237:Generated_Source\PSoC5/mass_air.c **** ********************************************************************************
 238:Generated_Source\PSoC5/mass_air.c **** *
 239:Generated_Source\PSoC5/mass_air.c **** * Summary:
 240:Generated_Source\PSoC5/mass_air.c **** *   Gets the "address" of the current ISR vector for the Interrupt.
 241:Generated_Source\PSoC5/mass_air.c **** *
 242:Generated_Source\PSoC5/mass_air.c **** * Parameters:
 243:Generated_Source\PSoC5/mass_air.c **** *   None
ARM GAS  C:\Users\Joshua\AppData\Local\Temp\ccg1QVqJ.s 			page 8


 244:Generated_Source\PSoC5/mass_air.c **** *
 245:Generated_Source\PSoC5/mass_air.c **** * Return:
 246:Generated_Source\PSoC5/mass_air.c **** *   Address of the ISR in the interrupt vector table.
 247:Generated_Source\PSoC5/mass_air.c **** *
 248:Generated_Source\PSoC5/mass_air.c **** *******************************************************************************/
 249:Generated_Source\PSoC5/mass_air.c **** cyisraddress mass_air_GetVector(void)
 250:Generated_Source\PSoC5/mass_air.c **** {
 157              		.loc 1 250 0
 158              		.cfi_startproc
 159              		@ args = 0, pretend = 0, frame = 0
 160              		@ frame_needed = 0, uses_anonymous_args = 0
 161              		@ link register save eliminated.
 251:Generated_Source\PSoC5/mass_air.c ****     cyisraddress * ramVectorTable;
 252:Generated_Source\PSoC5/mass_air.c **** 
 253:Generated_Source\PSoC5/mass_air.c ****     ramVectorTable = (cyisraddress *) *CYINT_VECT_TABLE;
 162              		.loc 1 253 0
 163 0000 014B     		ldr	r3, .L14
 164 0002 1B68     		ldr	r3, [r3]
 165              	.LVL15:
 254:Generated_Source\PSoC5/mass_air.c **** 
 255:Generated_Source\PSoC5/mass_air.c ****     return ramVectorTable[CYINT_IRQ_BASE + (uint32)mass_air__INTC_NUMBER];
 256:Generated_Source\PSoC5/mass_air.c **** }
 166              		.loc 1 256 0
 167 0004 D86C     		ldr	r0, [r3, #76]
 168 0006 7047     		bx	lr
 169              	.L15:
 170              		.align	2
 171              	.L14:
 172 0008 08ED00E0 		.word	-536810232
 173              		.cfi_endproc
 174              	.LFE69:
 175              		.size	mass_air_GetVector, .-mass_air_GetVector
 176              		.section	.text.mass_air_SetPriority,"ax",%progbits
 177              		.align	2
 178              		.global	mass_air_SetPriority
 179              		.thumb
 180              		.thumb_func
 181              		.type	mass_air_SetPriority, %function
 182              	mass_air_SetPriority:
 183              	.LFB70:
 257:Generated_Source\PSoC5/mass_air.c **** 
 258:Generated_Source\PSoC5/mass_air.c **** 
 259:Generated_Source\PSoC5/mass_air.c **** /*******************************************************************************
 260:Generated_Source\PSoC5/mass_air.c **** * Function Name: mass_air_SetPriority
 261:Generated_Source\PSoC5/mass_air.c **** ********************************************************************************
 262:Generated_Source\PSoC5/mass_air.c **** *
 263:Generated_Source\PSoC5/mass_air.c **** * Summary:
 264:Generated_Source\PSoC5/mass_air.c **** *   Sets the Priority of the Interrupt. 
 265:Generated_Source\PSoC5/mass_air.c **** *
 266:Generated_Source\PSoC5/mass_air.c **** *   Note calling mass_air_Start or mass_air_StartEx will 
 267:Generated_Source\PSoC5/mass_air.c **** *   override any effect this API would have had. This API should only be called
 268:Generated_Source\PSoC5/mass_air.c **** *   after mass_air_Start or mass_air_StartEx has been called. 
 269:Generated_Source\PSoC5/mass_air.c **** *   To set the initial priority for the component, use the Design-Wide Resources
 270:Generated_Source\PSoC5/mass_air.c **** *   Interrupt Editor.
 271:Generated_Source\PSoC5/mass_air.c **** *
 272:Generated_Source\PSoC5/mass_air.c **** *   Note This API has no effect on Non-maskable interrupt NMI).
 273:Generated_Source\PSoC5/mass_air.c **** *
ARM GAS  C:\Users\Joshua\AppData\Local\Temp\ccg1QVqJ.s 			page 9


 274:Generated_Source\PSoC5/mass_air.c **** * Parameters:
 275:Generated_Source\PSoC5/mass_air.c **** *   priority: Priority of the interrupt, 0 being the highest priority
 276:Generated_Source\PSoC5/mass_air.c **** *             PSoC 3 and PSoC 5LP: Priority is from 0 to 7.
 277:Generated_Source\PSoC5/mass_air.c **** *             PSoC 4: Priority is from 0 to 3.
 278:Generated_Source\PSoC5/mass_air.c **** *
 279:Generated_Source\PSoC5/mass_air.c **** * Return:
 280:Generated_Source\PSoC5/mass_air.c **** *   None
 281:Generated_Source\PSoC5/mass_air.c **** *
 282:Generated_Source\PSoC5/mass_air.c **** *******************************************************************************/
 283:Generated_Source\PSoC5/mass_air.c **** void mass_air_SetPriority(uint8 priority)
 284:Generated_Source\PSoC5/mass_air.c **** {
 184              		.loc 1 284 0
 185              		.cfi_startproc
 186              		@ args = 0, pretend = 0, frame = 0
 187              		@ frame_needed = 0, uses_anonymous_args = 0
 188              		@ link register save eliminated.
 189              	.LVL16:
 285:Generated_Source\PSoC5/mass_air.c ****     *mass_air_INTC_PRIOR = priority << 5;
 190              		.loc 1 285 0
 191 0000 4001     		lsls	r0, r0, #5
 192              	.LVL17:
 193 0002 C0B2     		uxtb	r0, r0
 194 0004 014B     		ldr	r3, .L17
 195 0006 1870     		strb	r0, [r3]
 196 0008 7047     		bx	lr
 197              	.L18:
 198 000a 00BF     		.align	2
 199              	.L17:
 200 000c 03E400E0 		.word	-536812541
 201              		.cfi_endproc
 202              	.LFE70:
 203              		.size	mass_air_SetPriority, .-mass_air_SetPriority
 204              		.section	.text.mass_air_GetPriority,"ax",%progbits
 205              		.align	2
 206              		.global	mass_air_GetPriority
 207              		.thumb
 208              		.thumb_func
 209              		.type	mass_air_GetPriority, %function
 210              	mass_air_GetPriority:
 211              	.LFB71:
 286:Generated_Source\PSoC5/mass_air.c **** }
 287:Generated_Source\PSoC5/mass_air.c **** 
 288:Generated_Source\PSoC5/mass_air.c **** 
 289:Generated_Source\PSoC5/mass_air.c **** /*******************************************************************************
 290:Generated_Source\PSoC5/mass_air.c **** * Function Name: mass_air_GetPriority
 291:Generated_Source\PSoC5/mass_air.c **** ********************************************************************************
 292:Generated_Source\PSoC5/mass_air.c **** *
 293:Generated_Source\PSoC5/mass_air.c **** * Summary:
 294:Generated_Source\PSoC5/mass_air.c **** *   Gets the Priority of the Interrupt.
 295:Generated_Source\PSoC5/mass_air.c **** *
 296:Generated_Source\PSoC5/mass_air.c **** * Parameters:
 297:Generated_Source\PSoC5/mass_air.c **** *   None
 298:Generated_Source\PSoC5/mass_air.c **** *
 299:Generated_Source\PSoC5/mass_air.c **** * Return:
 300:Generated_Source\PSoC5/mass_air.c **** *   Priority of the interrupt, 0 being the highest priority
 301:Generated_Source\PSoC5/mass_air.c **** *    PSoC 3 and PSoC 5LP: Priority is from 0 to 7.
 302:Generated_Source\PSoC5/mass_air.c **** *    PSoC 4: Priority is from 0 to 3.
ARM GAS  C:\Users\Joshua\AppData\Local\Temp\ccg1QVqJ.s 			page 10


 303:Generated_Source\PSoC5/mass_air.c **** *
 304:Generated_Source\PSoC5/mass_air.c **** *******************************************************************************/
 305:Generated_Source\PSoC5/mass_air.c **** uint8 mass_air_GetPriority(void)
 306:Generated_Source\PSoC5/mass_air.c **** {
 212              		.loc 1 306 0
 213              		.cfi_startproc
 214              		@ args = 0, pretend = 0, frame = 0
 215              		@ frame_needed = 0, uses_anonymous_args = 0
 216              		@ link register save eliminated.
 307:Generated_Source\PSoC5/mass_air.c ****     uint8 priority;
 308:Generated_Source\PSoC5/mass_air.c **** 
 309:Generated_Source\PSoC5/mass_air.c **** 
 310:Generated_Source\PSoC5/mass_air.c ****     priority = *mass_air_INTC_PRIOR >> 5;
 217              		.loc 1 310 0
 218 0000 014B     		ldr	r3, .L20
 219 0002 1878     		ldrb	r0, [r3]	@ zero_extendqisi2
 220              	.LVL18:
 311:Generated_Source\PSoC5/mass_air.c **** 
 312:Generated_Source\PSoC5/mass_air.c ****     return priority;
 313:Generated_Source\PSoC5/mass_air.c **** }
 221              		.loc 1 313 0
 222 0004 4009     		lsrs	r0, r0, #5
 223              	.LVL19:
 224 0006 7047     		bx	lr
 225              	.L21:
 226              		.align	2
 227              	.L20:
 228 0008 03E400E0 		.word	-536812541
 229              		.cfi_endproc
 230              	.LFE71:
 231              		.size	mass_air_GetPriority, .-mass_air_GetPriority
 232              		.section	.text.mass_air_Enable,"ax",%progbits
 233              		.align	2
 234              		.global	mass_air_Enable
 235              		.thumb
 236              		.thumb_func
 237              		.type	mass_air_Enable, %function
 238              	mass_air_Enable:
 239              	.LFB72:
 314:Generated_Source\PSoC5/mass_air.c **** 
 315:Generated_Source\PSoC5/mass_air.c **** 
 316:Generated_Source\PSoC5/mass_air.c **** /*******************************************************************************
 317:Generated_Source\PSoC5/mass_air.c **** * Function Name: mass_air_Enable
 318:Generated_Source\PSoC5/mass_air.c **** ********************************************************************************
 319:Generated_Source\PSoC5/mass_air.c **** *
 320:Generated_Source\PSoC5/mass_air.c **** * Summary:
 321:Generated_Source\PSoC5/mass_air.c **** *   Enables the interrupt to the interrupt controller. Do not call this function
 322:Generated_Source\PSoC5/mass_air.c **** *   unless ISR_Start() has been called or the functionality of the ISR_Start() 
 323:Generated_Source\PSoC5/mass_air.c **** *   function, which sets the vector and the priority, has been called.
 324:Generated_Source\PSoC5/mass_air.c **** *
 325:Generated_Source\PSoC5/mass_air.c **** * Parameters:
 326:Generated_Source\PSoC5/mass_air.c **** *   None
 327:Generated_Source\PSoC5/mass_air.c **** *
 328:Generated_Source\PSoC5/mass_air.c **** * Return:
 329:Generated_Source\PSoC5/mass_air.c **** *   None
 330:Generated_Source\PSoC5/mass_air.c **** *
 331:Generated_Source\PSoC5/mass_air.c **** *******************************************************************************/
ARM GAS  C:\Users\Joshua\AppData\Local\Temp\ccg1QVqJ.s 			page 11


 332:Generated_Source\PSoC5/mass_air.c **** void mass_air_Enable(void)
 333:Generated_Source\PSoC5/mass_air.c **** {
 240              		.loc 1 333 0
 241              		.cfi_startproc
 242              		@ args = 0, pretend = 0, frame = 0
 243              		@ frame_needed = 0, uses_anonymous_args = 0
 244              		@ link register save eliminated.
 334:Generated_Source\PSoC5/mass_air.c ****     /* Enable the general interrupt. */
 335:Generated_Source\PSoC5/mass_air.c ****     *mass_air_INTC_SET_EN = mass_air__INTC_MASK;
 245              		.loc 1 335 0
 246 0000 0822     		movs	r2, #8
 247 0002 014B     		ldr	r3, .L23
 248 0004 1A60     		str	r2, [r3]
 249 0006 7047     		bx	lr
 250              	.L24:
 251              		.align	2
 252              	.L23:
 253 0008 00E100E0 		.word	-536813312
 254              		.cfi_endproc
 255              	.LFE72:
 256              		.size	mass_air_Enable, .-mass_air_Enable
 257              		.section	.text.mass_air_GetState,"ax",%progbits
 258              		.align	2
 259              		.global	mass_air_GetState
 260              		.thumb
 261              		.thumb_func
 262              		.type	mass_air_GetState, %function
 263              	mass_air_GetState:
 264              	.LFB73:
 336:Generated_Source\PSoC5/mass_air.c **** }
 337:Generated_Source\PSoC5/mass_air.c **** 
 338:Generated_Source\PSoC5/mass_air.c **** 
 339:Generated_Source\PSoC5/mass_air.c **** /*******************************************************************************
 340:Generated_Source\PSoC5/mass_air.c **** * Function Name: mass_air_GetState
 341:Generated_Source\PSoC5/mass_air.c **** ********************************************************************************
 342:Generated_Source\PSoC5/mass_air.c **** *
 343:Generated_Source\PSoC5/mass_air.c **** * Summary:
 344:Generated_Source\PSoC5/mass_air.c **** *   Gets the state (enabled, disabled) of the Interrupt.
 345:Generated_Source\PSoC5/mass_air.c **** *
 346:Generated_Source\PSoC5/mass_air.c **** * Parameters:
 347:Generated_Source\PSoC5/mass_air.c **** *   None
 348:Generated_Source\PSoC5/mass_air.c **** *
 349:Generated_Source\PSoC5/mass_air.c **** * Return:
 350:Generated_Source\PSoC5/mass_air.c **** *   1 if enabled, 0 if disabled.
 351:Generated_Source\PSoC5/mass_air.c **** *
 352:Generated_Source\PSoC5/mass_air.c **** *******************************************************************************/
 353:Generated_Source\PSoC5/mass_air.c **** uint8 mass_air_GetState(void)
 354:Generated_Source\PSoC5/mass_air.c **** {
 265              		.loc 1 354 0
 266              		.cfi_startproc
 267              		@ args = 0, pretend = 0, frame = 0
 268              		@ frame_needed = 0, uses_anonymous_args = 0
 269              		@ link register save eliminated.
 355:Generated_Source\PSoC5/mass_air.c ****     /* Get the state of the general interrupt. */
 356:Generated_Source\PSoC5/mass_air.c ****     return ((*mass_air_INTC_SET_EN & (uint32)mass_air__INTC_MASK) != 0u) ? 1u:0u;
 270              		.loc 1 356 0
 271 0000 044B     		ldr	r3, .L28
ARM GAS  C:\Users\Joshua\AppData\Local\Temp\ccg1QVqJ.s 			page 12


 272 0002 1B68     		ldr	r3, [r3]
 273 0004 13F0080F 		tst	r3, #8
 274 0008 01D0     		beq	.L27
 275 000a 0120     		movs	r0, #1
 276 000c 7047     		bx	lr
 277              	.L27:
 278 000e 0020     		movs	r0, #0
 357:Generated_Source\PSoC5/mass_air.c **** }
 279              		.loc 1 357 0
 280 0010 7047     		bx	lr
 281              	.L29:
 282 0012 00BF     		.align	2
 283              	.L28:
 284 0014 00E100E0 		.word	-536813312
 285              		.cfi_endproc
 286              	.LFE73:
 287              		.size	mass_air_GetState, .-mass_air_GetState
 288              		.section	.text.mass_air_Disable,"ax",%progbits
 289              		.align	2
 290              		.global	mass_air_Disable
 291              		.thumb
 292              		.thumb_func
 293              		.type	mass_air_Disable, %function
 294              	mass_air_Disable:
 295              	.LFB74:
 358:Generated_Source\PSoC5/mass_air.c **** 
 359:Generated_Source\PSoC5/mass_air.c **** 
 360:Generated_Source\PSoC5/mass_air.c **** /*******************************************************************************
 361:Generated_Source\PSoC5/mass_air.c **** * Function Name: mass_air_Disable
 362:Generated_Source\PSoC5/mass_air.c **** ********************************************************************************
 363:Generated_Source\PSoC5/mass_air.c **** *
 364:Generated_Source\PSoC5/mass_air.c **** * Summary:
 365:Generated_Source\PSoC5/mass_air.c **** *   Disables the Interrupt in the interrupt controller.
 366:Generated_Source\PSoC5/mass_air.c **** *
 367:Generated_Source\PSoC5/mass_air.c **** * Parameters:
 368:Generated_Source\PSoC5/mass_air.c **** *   None
 369:Generated_Source\PSoC5/mass_air.c **** *
 370:Generated_Source\PSoC5/mass_air.c **** * Return:
 371:Generated_Source\PSoC5/mass_air.c **** *   None
 372:Generated_Source\PSoC5/mass_air.c **** *
 373:Generated_Source\PSoC5/mass_air.c **** *******************************************************************************/
 374:Generated_Source\PSoC5/mass_air.c **** void mass_air_Disable(void)
 375:Generated_Source\PSoC5/mass_air.c **** {
 296              		.loc 1 375 0
 297              		.cfi_startproc
 298              		@ args = 0, pretend = 0, frame = 0
 299              		@ frame_needed = 0, uses_anonymous_args = 0
 300              		@ link register save eliminated.
 376:Generated_Source\PSoC5/mass_air.c ****     /* Disable the general interrupt. */
 377:Generated_Source\PSoC5/mass_air.c ****     *mass_air_INTC_CLR_EN = mass_air__INTC_MASK;
 301              		.loc 1 377 0
 302 0000 0822     		movs	r2, #8
 303 0002 014B     		ldr	r3, .L31
 304 0004 1A60     		str	r2, [r3]
 305 0006 7047     		bx	lr
 306              	.L32:
 307              		.align	2
ARM GAS  C:\Users\Joshua\AppData\Local\Temp\ccg1QVqJ.s 			page 13


 308              	.L31:
 309 0008 80E100E0 		.word	-536813184
 310              		.cfi_endproc
 311              	.LFE74:
 312              		.size	mass_air_Disable, .-mass_air_Disable
 313              		.section	.text.mass_air_Start,"ax",%progbits
 314              		.align	2
 315              		.global	mass_air_Start
 316              		.thumb
 317              		.thumb_func
 318              		.type	mass_air_Start, %function
 319              	mass_air_Start:
 320              	.LFB64:
  67:Generated_Source\PSoC5/mass_air.c ****     /* For all we know the interrupt is active. */
 321              		.loc 1 67 0
 322              		.cfi_startproc
 323              		@ args = 0, pretend = 0, frame = 0
 324              		@ frame_needed = 0, uses_anonymous_args = 0
 325 0000 08B5     		push	{r3, lr}
 326              		.cfi_def_cfa_offset 8
 327              		.cfi_offset 3, -8
 328              		.cfi_offset 14, -4
  69:Generated_Source\PSoC5/mass_air.c **** 
 329              		.loc 1 69 0
 330 0002 FFF7FEFF 		bl	mass_air_Disable
 331              	.LVL20:
  72:Generated_Source\PSoC5/mass_air.c **** 
 332              		.loc 1 72 0
 333 0006 0448     		ldr	r0, .L35
 334 0008 FFF7FEFF 		bl	mass_air_SetVector
 335              	.LVL21:
  75:Generated_Source\PSoC5/mass_air.c **** 
 336              		.loc 1 75 0
 337 000c 0720     		movs	r0, #7
 338 000e FFF7FEFF 		bl	mass_air_SetPriority
 339              	.LVL22:
  78:Generated_Source\PSoC5/mass_air.c **** }
 340              		.loc 1 78 0
 341 0012 FFF7FEFF 		bl	mass_air_Enable
 342              	.LVL23:
 343 0016 08BD     		pop	{r3, pc}
 344              	.L36:
 345              		.align	2
 346              	.L35:
 347 0018 00000000 		.word	mass_air_Interrupt
 348              		.cfi_endproc
 349              	.LFE64:
 350              		.size	mass_air_Start, .-mass_air_Start
 351              		.section	.text.mass_air_StartEx,"ax",%progbits
 352              		.align	2
 353              		.global	mass_air_StartEx
 354              		.thumb
 355              		.thumb_func
 356              		.type	mass_air_StartEx, %function
 357              	mass_air_StartEx:
 358              	.LFB65:
 110:Generated_Source\PSoC5/mass_air.c ****     /* For all we know the interrupt is active. */
ARM GAS  C:\Users\Joshua\AppData\Local\Temp\ccg1QVqJ.s 			page 14


 359              		.loc 1 110 0
 360              		.cfi_startproc
 361              		@ args = 0, pretend = 0, frame = 0
 362              		@ frame_needed = 0, uses_anonymous_args = 0
 363              	.LVL24:
 364 0000 10B5     		push	{r4, lr}
 365              		.cfi_def_cfa_offset 8
 366              		.cfi_offset 4, -8
 367              		.cfi_offset 14, -4
 368 0002 0446     		mov	r4, r0
 112:Generated_Source\PSoC5/mass_air.c **** 
 369              		.loc 1 112 0
 370 0004 FFF7FEFF 		bl	mass_air_Disable
 371              	.LVL25:
 115:Generated_Source\PSoC5/mass_air.c **** 
 372              		.loc 1 115 0
 373 0008 2046     		mov	r0, r4
 374 000a FFF7FEFF 		bl	mass_air_SetVector
 375              	.LVL26:
 118:Generated_Source\PSoC5/mass_air.c **** 
 376              		.loc 1 118 0
 377 000e 0720     		movs	r0, #7
 378 0010 FFF7FEFF 		bl	mass_air_SetPriority
 379              	.LVL27:
 121:Generated_Source\PSoC5/mass_air.c **** }
 380              		.loc 1 121 0
 381 0014 FFF7FEFF 		bl	mass_air_Enable
 382              	.LVL28:
 383 0018 10BD     		pop	{r4, pc}
 384              		.cfi_endproc
 385              	.LFE65:
 386              		.size	mass_air_StartEx, .-mass_air_StartEx
 387 001a 00BF     		.section	.text.mass_air_Stop,"ax",%progbits
 388              		.align	2
 389              		.global	mass_air_Stop
 390              		.thumb
 391              		.thumb_func
 392              		.type	mass_air_Stop, %function
 393              	mass_air_Stop:
 394              	.LFB66:
 140:Generated_Source\PSoC5/mass_air.c ****     /* Disable this interrupt. */
 395              		.loc 1 140 0
 396              		.cfi_startproc
 397              		@ args = 0, pretend = 0, frame = 0
 398              		@ frame_needed = 0, uses_anonymous_args = 0
 399 0000 08B5     		push	{r3, lr}
 400              		.cfi_def_cfa_offset 8
 401              		.cfi_offset 3, -8
 402              		.cfi_offset 14, -4
 142:Generated_Source\PSoC5/mass_air.c **** 
 403              		.loc 1 142 0
 404 0002 FFF7FEFF 		bl	mass_air_Disable
 405              	.LVL29:
 145:Generated_Source\PSoC5/mass_air.c **** }
 406              		.loc 1 145 0
 407 0006 0248     		ldr	r0, .L41
 408 0008 FFF7FEFF 		bl	mass_air_SetVector
ARM GAS  C:\Users\Joshua\AppData\Local\Temp\ccg1QVqJ.s 			page 15


 409              	.LVL30:
 410 000c 08BD     		pop	{r3, pc}
 411              	.L42:
 412 000e 00BF     		.align	2
 413              	.L41:
 414 0010 00000000 		.word	IntDefaultHandler
 415              		.cfi_endproc
 416              	.LFE66:
 417              		.size	mass_air_Stop, .-mass_air_Stop
 418              		.section	.text.mass_air_SetPending,"ax",%progbits
 419              		.align	2
 420              		.global	mass_air_SetPending
 421              		.thumb
 422              		.thumb_func
 423              		.type	mass_air_SetPending, %function
 424              	mass_air_SetPending:
 425              	.LFB75:
 378:Generated_Source\PSoC5/mass_air.c **** }
 379:Generated_Source\PSoC5/mass_air.c **** 
 380:Generated_Source\PSoC5/mass_air.c **** 
 381:Generated_Source\PSoC5/mass_air.c **** /*******************************************************************************
 382:Generated_Source\PSoC5/mass_air.c **** * Function Name: mass_air_SetPending
 383:Generated_Source\PSoC5/mass_air.c **** ********************************************************************************
 384:Generated_Source\PSoC5/mass_air.c **** *
 385:Generated_Source\PSoC5/mass_air.c **** * Summary:
 386:Generated_Source\PSoC5/mass_air.c **** *   Causes the Interrupt to enter the pending state, a software method of
 387:Generated_Source\PSoC5/mass_air.c **** *   generating the interrupt.
 388:Generated_Source\PSoC5/mass_air.c **** *
 389:Generated_Source\PSoC5/mass_air.c **** * Parameters:
 390:Generated_Source\PSoC5/mass_air.c **** *   None
 391:Generated_Source\PSoC5/mass_air.c **** *
 392:Generated_Source\PSoC5/mass_air.c **** * Return:
 393:Generated_Source\PSoC5/mass_air.c **** *   None
 394:Generated_Source\PSoC5/mass_air.c **** *
 395:Generated_Source\PSoC5/mass_air.c **** * Side Effects:
 396:Generated_Source\PSoC5/mass_air.c **** *   If interrupts are enabled and the interrupt is set up properly, the ISR is
 397:Generated_Source\PSoC5/mass_air.c **** *   entered (depending on the priority of this interrupt and other pending 
 398:Generated_Source\PSoC5/mass_air.c **** *   interrupts).
 399:Generated_Source\PSoC5/mass_air.c **** *
 400:Generated_Source\PSoC5/mass_air.c **** *******************************************************************************/
 401:Generated_Source\PSoC5/mass_air.c **** void mass_air_SetPending(void)
 402:Generated_Source\PSoC5/mass_air.c **** {
 426              		.loc 1 402 0
 427              		.cfi_startproc
 428              		@ args = 0, pretend = 0, frame = 0
 429              		@ frame_needed = 0, uses_anonymous_args = 0
 430              		@ link register save eliminated.
 403:Generated_Source\PSoC5/mass_air.c ****     *mass_air_INTC_SET_PD = mass_air__INTC_MASK;
 431              		.loc 1 403 0
 432 0000 0822     		movs	r2, #8
 433 0002 014B     		ldr	r3, .L44
 434 0004 1A60     		str	r2, [r3]
 435 0006 7047     		bx	lr
 436              	.L45:
 437              		.align	2
 438              	.L44:
 439 0008 00E200E0 		.word	-536813056
ARM GAS  C:\Users\Joshua\AppData\Local\Temp\ccg1QVqJ.s 			page 16


 440              		.cfi_endproc
 441              	.LFE75:
 442              		.size	mass_air_SetPending, .-mass_air_SetPending
 443              		.section	.text.mass_air_ClearPending,"ax",%progbits
 444              		.align	2
 445              		.global	mass_air_ClearPending
 446              		.thumb
 447              		.thumb_func
 448              		.type	mass_air_ClearPending, %function
 449              	mass_air_ClearPending:
 450              	.LFB76:
 404:Generated_Source\PSoC5/mass_air.c **** }
 405:Generated_Source\PSoC5/mass_air.c **** 
 406:Generated_Source\PSoC5/mass_air.c **** 
 407:Generated_Source\PSoC5/mass_air.c **** /*******************************************************************************
 408:Generated_Source\PSoC5/mass_air.c **** * Function Name: mass_air_ClearPending
 409:Generated_Source\PSoC5/mass_air.c **** ********************************************************************************
 410:Generated_Source\PSoC5/mass_air.c **** *
 411:Generated_Source\PSoC5/mass_air.c **** * Summary:
 412:Generated_Source\PSoC5/mass_air.c **** *   Clears a pending interrupt in the interrupt controller.
 413:Generated_Source\PSoC5/mass_air.c **** *
 414:Generated_Source\PSoC5/mass_air.c **** *   Note Some interrupt sources are clear-on-read and require the block 
 415:Generated_Source\PSoC5/mass_air.c **** *   interrupt/status register to be read/cleared with the appropriate block API 
 416:Generated_Source\PSoC5/mass_air.c **** *   (GPIO, UART, and so on). Otherwise the ISR will continue to remain in 
 417:Generated_Source\PSoC5/mass_air.c **** *   pending state even though the interrupt itself is cleared using this API.
 418:Generated_Source\PSoC5/mass_air.c **** *
 419:Generated_Source\PSoC5/mass_air.c **** * Parameters:
 420:Generated_Source\PSoC5/mass_air.c **** *   None
 421:Generated_Source\PSoC5/mass_air.c **** *
 422:Generated_Source\PSoC5/mass_air.c **** * Return:
 423:Generated_Source\PSoC5/mass_air.c **** *   None
 424:Generated_Source\PSoC5/mass_air.c **** *
 425:Generated_Source\PSoC5/mass_air.c **** *******************************************************************************/
 426:Generated_Source\PSoC5/mass_air.c **** void mass_air_ClearPending(void)
 427:Generated_Source\PSoC5/mass_air.c **** {
 451              		.loc 1 427 0
 452              		.cfi_startproc
 453              		@ args = 0, pretend = 0, frame = 0
 454              		@ frame_needed = 0, uses_anonymous_args = 0
 455              		@ link register save eliminated.
 428:Generated_Source\PSoC5/mass_air.c ****     *mass_air_INTC_CLR_PD = mass_air__INTC_MASK;
 456              		.loc 1 428 0
 457 0000 0822     		movs	r2, #8
 458 0002 014B     		ldr	r3, .L47
 459 0004 1A60     		str	r2, [r3]
 460 0006 7047     		bx	lr
 461              	.L48:
 462              		.align	2
 463              	.L47:
 464 0008 80E200E0 		.word	-536812928
 465              		.cfi_endproc
 466              	.LFE76:
 467              		.size	mass_air_ClearPending, .-mass_air_ClearPending
 468              		.text
 469              	.Letext0:
 470              		.file 2 "c:\\program files (x86)\\cypress\\psoc creator\\4.1\\psoc creator\\import\\gnu\\arm\\5.4.
 471              		.file 3 "c:\\program files (x86)\\cypress\\psoc creator\\4.1\\psoc creator\\import\\gnu\\arm\\5.4.
ARM GAS  C:\Users\Joshua\AppData\Local\Temp\ccg1QVqJ.s 			page 17


 472              		.file 4 "Generated_Source\\PSoC5/cytypes.h"
 473              		.file 5 "Generated_Source\\PSoC5/core_cm3.h"
 474              		.file 6 "Generated_Source\\PSoC5/MASS_AIRFLOW.h"
 475              		.section	.debug_info,"",%progbits
 476              	.Ldebug_info0:
 477 0000 5C030000 		.4byte	0x35c
 478 0004 0400     		.2byte	0x4
 479 0006 00000000 		.4byte	.Ldebug_abbrev0
 480 000a 04       		.byte	0x4
 481 000b 01       		.uleb128 0x1
 482 000c 80000000 		.4byte	.LASF41
 483 0010 0C       		.byte	0xc
 484 0011 37000000 		.4byte	.LASF42
 485 0015 5E010000 		.4byte	.LASF43
 486 0019 00000000 		.4byte	.Ldebug_ranges0+0
 487 001d 00000000 		.4byte	0
 488 0021 00000000 		.4byte	.Ldebug_line0
 489 0025 02       		.uleb128 0x2
 490 0026 04       		.byte	0x4
 491 0027 05       		.byte	0x5
 492 0028 696E7400 		.ascii	"int\000"
 493 002c 03       		.uleb128 0x3
 494 002d 04       		.byte	0x4
 495 002e 07       		.byte	0x7
 496 002f F3010000 		.4byte	.LASF0
 497 0033 03       		.uleb128 0x3
 498 0034 08       		.byte	0x8
 499 0035 05       		.byte	0x5
 500 0036 7D020000 		.4byte	.LASF1
 501 003a 03       		.uleb128 0x3
 502 003b 08       		.byte	0x8
 503 003c 04       		.byte	0x4
 504 003d 15030000 		.4byte	.LASF2
 505 0041 03       		.uleb128 0x3
 506 0042 01       		.byte	0x1
 507 0043 06       		.byte	0x6
 508 0044 21030000 		.4byte	.LASF3
 509 0048 03       		.uleb128 0x3
 510 0049 01       		.byte	0x1
 511 004a 08       		.byte	0x8
 512 004b 72000000 		.4byte	.LASF4
 513 004f 03       		.uleb128 0x3
 514 0050 02       		.byte	0x2
 515 0051 05       		.byte	0x5
 516 0052 AF020000 		.4byte	.LASF5
 517 0056 03       		.uleb128 0x3
 518 0057 02       		.byte	0x2
 519 0058 07       		.byte	0x7
 520 0059 4B010000 		.4byte	.LASF6
 521 005d 04       		.uleb128 0x4
 522 005e 1A000000 		.4byte	.LASF12
 523 0062 02       		.byte	0x2
 524 0063 3F       		.byte	0x3f
 525 0064 68000000 		.4byte	0x68
 526 0068 03       		.uleb128 0x3
 527 0069 04       		.byte	0x4
 528 006a 05       		.byte	0x5
ARM GAS  C:\Users\Joshua\AppData\Local\Temp\ccg1QVqJ.s 			page 18


 529 006b FE020000 		.4byte	.LASF7
 530 006f 03       		.uleb128 0x3
 531 0070 04       		.byte	0x4
 532 0071 07       		.byte	0x7
 533 0072 24010000 		.4byte	.LASF8
 534 0076 03       		.uleb128 0x3
 535 0077 08       		.byte	0x8
 536 0078 07       		.byte	0x7
 537 0079 08020000 		.4byte	.LASF9
 538 007d 03       		.uleb128 0x3
 539 007e 04       		.byte	0x4
 540 007f 07       		.byte	0x7
 541 0080 74020000 		.4byte	.LASF10
 542 0084 03       		.uleb128 0x3
 543 0085 01       		.byte	0x1
 544 0086 08       		.byte	0x8
 545 0087 8B020000 		.4byte	.LASF11
 546 008b 05       		.uleb128 0x5
 547 008c 04       		.byte	0x4
 548 008d 91000000 		.4byte	0x91
 549 0091 06       		.uleb128 0x6
 550 0092 04       		.uleb128 0x4
 551 0093 5C020000 		.4byte	.LASF13
 552 0097 03       		.byte	0x3
 553 0098 2C       		.byte	0x2c
 554 0099 5D000000 		.4byte	0x5d
 555 009d 07       		.uleb128 0x7
 556 009e 6C000000 		.4byte	.LASF14
 557 00a2 04       		.byte	0x4
 558 00a3 9201     		.2byte	0x192
 559 00a5 48000000 		.4byte	0x48
 560 00a9 07       		.uleb128 0x7
 561 00aa DA010000 		.4byte	.LASF15
 562 00ae 04       		.byte	0x4
 563 00af 9401     		.2byte	0x194
 564 00b1 6F000000 		.4byte	0x6f
 565 00b5 03       		.uleb128 0x3
 566 00b6 04       		.byte	0x4
 567 00b7 04       		.byte	0x4
 568 00b8 66000000 		.4byte	.LASF16
 569 00bc 03       		.uleb128 0x3
 570 00bd 08       		.byte	0x8
 571 00be 04       		.byte	0x4
 572 00bf AD010000 		.4byte	.LASF17
 573 00c3 07       		.uleb128 0x7
 574 00c4 0E010000 		.4byte	.LASF18
 575 00c8 04       		.byte	0x4
 576 00c9 3C02     		.2byte	0x23c
 577 00cb CF000000 		.4byte	0xcf
 578 00cf 08       		.uleb128 0x8
 579 00d0 9D000000 		.4byte	0x9d
 580 00d4 07       		.uleb128 0x7
 581 00d5 14000000 		.4byte	.LASF19
 582 00d9 04       		.byte	0x4
 583 00da 3E02     		.2byte	0x23e
 584 00dc E0000000 		.4byte	0xe0
 585 00e0 08       		.uleb128 0x8
ARM GAS  C:\Users\Joshua\AppData\Local\Temp\ccg1QVqJ.s 			page 19


 586 00e1 A9000000 		.4byte	0xa9
 587 00e5 07       		.uleb128 0x7
 588 00e6 1F020000 		.4byte	.LASF20
 589 00ea 04       		.byte	0x4
 590 00eb 4E02     		.2byte	0x24e
 591 00ed 8B000000 		.4byte	0x8b
 592 00f1 09       		.uleb128 0x9
 593 00f2 C7010000 		.4byte	.LASF21
 594 00f6 01       		.byte	0x1
 595 00f7 A5       		.byte	0xa5
 596 00f8 00000000 		.4byte	.LFB67
 597 00fc 94000000 		.4byte	.LFE67-.LFB67
 598 0100 01       		.uleb128 0x1
 599 0101 9C       		.byte	0x9c
 600 0102 28010000 		.4byte	0x128
 601 0106 0A       		.uleb128 0xa
 602 0107 59000000 		.4byte	.LASF23
 603 010b 01       		.byte	0x1
 604 010c AD       		.byte	0xad
 605 010d B5000000 		.4byte	0xb5
 606 0111 00000000 		.4byte	.LLST0
 607 0115 0B       		.uleb128 0xb
 608 0116 1C000000 		.4byte	.LVL2
 609 011a 54030000 		.4byte	0x354
 610 011e 0B       		.uleb128 0xb
 611 011f 6A000000 		.4byte	.LVL12
 612 0123 54030000 		.4byte	0x354
 613 0127 00       		.byte	0
 614 0128 0C       		.uleb128 0xc
 615 0129 24000000 		.4byte	.LASF22
 616 012d 01       		.byte	0x1
 617 012e E1       		.byte	0xe1
 618 012f 00000000 		.4byte	.LFB68
 619 0133 0C000000 		.4byte	.LFE68-.LFB68
 620 0137 01       		.uleb128 0x1
 621 0138 9C       		.byte	0x9c
 622 0139 58010000 		.4byte	0x158
 623 013d 0D       		.uleb128 0xd
 624 013e 00020000 		.4byte	.LASF26
 625 0142 01       		.byte	0x1
 626 0143 E1       		.byte	0xe1
 627 0144 E5000000 		.4byte	0xe5
 628 0148 01       		.uleb128 0x1
 629 0149 50       		.byte	0x50
 630 014a 0E       		.uleb128 0xe
 631 014b CA020000 		.4byte	.LASF24
 632 014f 01       		.byte	0x1
 633 0150 E3       		.byte	0xe3
 634 0151 58010000 		.4byte	0x158
 635 0155 01       		.uleb128 0x1
 636 0156 53       		.byte	0x53
 637 0157 00       		.byte	0
 638 0158 05       		.uleb128 0x5
 639 0159 04       		.byte	0x4
 640 015a E5000000 		.4byte	0xe5
 641 015e 0F       		.uleb128 0xf
 642 015f B4010000 		.4byte	.LASF28
ARM GAS  C:\Users\Joshua\AppData\Local\Temp\ccg1QVqJ.s 			page 20


 643 0163 01       		.byte	0x1
 644 0164 F9       		.byte	0xf9
 645 0165 E5000000 		.4byte	0xe5
 646 0169 00000000 		.4byte	.LFB69
 647 016d 0C000000 		.4byte	.LFE69-.LFB69
 648 0171 01       		.uleb128 0x1
 649 0172 9C       		.byte	0x9c
 650 0173 85010000 		.4byte	0x185
 651 0177 0E       		.uleb128 0xe
 652 0178 CA020000 		.4byte	.LASF24
 653 017c 01       		.byte	0x1
 654 017d FB       		.byte	0xfb
 655 017e 58010000 		.4byte	0x158
 656 0182 01       		.uleb128 0x1
 657 0183 53       		.byte	0x53
 658 0184 00       		.byte	0
 659 0185 10       		.uleb128 0x10
 660 0186 2C020000 		.4byte	.LASF25
 661 018a 01       		.byte	0x1
 662 018b 1B01     		.2byte	0x11b
 663 018d 00000000 		.4byte	.LFB70
 664 0191 10000000 		.4byte	.LFE70-.LFB70
 665 0195 01       		.uleb128 0x1
 666 0196 9C       		.byte	0x9c
 667 0197 AC010000 		.4byte	0x1ac
 668 019b 11       		.uleb128 0x11
 669 019c A6020000 		.4byte	.LASF27
 670 01a0 01       		.byte	0x1
 671 01a1 1B01     		.2byte	0x11b
 672 01a3 9D000000 		.4byte	0x9d
 673 01a7 18000000 		.4byte	.LLST1
 674 01ab 00       		.byte	0
 675 01ac 12       		.uleb128 0x12
 676 01ad 36010000 		.4byte	.LASF29
 677 01b1 01       		.byte	0x1
 678 01b2 3101     		.2byte	0x131
 679 01b4 9D000000 		.4byte	0x9d
 680 01b8 00000000 		.4byte	.LFB71
 681 01bc 0C000000 		.4byte	.LFE71-.LFB71
 682 01c0 01       		.uleb128 0x1
 683 01c1 9C       		.byte	0x9c
 684 01c2 D7010000 		.4byte	0x1d7
 685 01c6 13       		.uleb128 0x13
 686 01c7 A6020000 		.4byte	.LASF27
 687 01cb 01       		.byte	0x1
 688 01cc 3301     		.2byte	0x133
 689 01ce 9D000000 		.4byte	0x9d
 690 01d2 39000000 		.4byte	.LLST2
 691 01d6 00       		.byte	0
 692 01d7 14       		.uleb128 0x14
 693 01d8 64020000 		.4byte	.LASF30
 694 01dc 01       		.byte	0x1
 695 01dd 4C01     		.2byte	0x14c
 696 01df 00000000 		.4byte	.LFB72
 697 01e3 0C000000 		.4byte	.LFE72-.LFB72
 698 01e7 01       		.uleb128 0x1
 699 01e8 9C       		.byte	0x9c
ARM GAS  C:\Users\Joshua\AppData\Local\Temp\ccg1QVqJ.s 			page 21


 700 01e9 15       		.uleb128 0x15
 701 01ea 2D030000 		.4byte	.LASF44
 702 01ee 01       		.byte	0x1
 703 01ef 6101     		.2byte	0x161
 704 01f1 9D000000 		.4byte	0x9d
 705 01f5 00000000 		.4byte	.LFB73
 706 01f9 18000000 		.4byte	.LFE73-.LFB73
 707 01fd 01       		.uleb128 0x1
 708 01fe 9C       		.byte	0x9c
 709 01ff 14       		.uleb128 0x14
 710 0200 4B020000 		.4byte	.LASF31
 711 0204 01       		.byte	0x1
 712 0205 7601     		.2byte	0x176
 713 0207 00000000 		.4byte	.LFB74
 714 020b 0C000000 		.4byte	.LFE74-.LFB74
 715 020f 01       		.uleb128 0x1
 716 0210 9C       		.byte	0x9c
 717 0211 0C       		.uleb128 0xc
 718 0212 EF020000 		.4byte	.LASF32
 719 0216 01       		.byte	0x1
 720 0217 42       		.byte	0x42
 721 0218 00000000 		.4byte	.LFB64
 722 021c 1C000000 		.4byte	.LFE64-.LFB64
 723 0220 01       		.uleb128 0x1
 724 0221 9C       		.byte	0x9c
 725 0222 63020000 		.4byte	0x263
 726 0226 0B       		.uleb128 0xb
 727 0227 06000000 		.4byte	.LVL20
 728 022b FF010000 		.4byte	0x1ff
 729 022f 16       		.uleb128 0x16
 730 0230 0C000000 		.4byte	.LVL21
 731 0234 28010000 		.4byte	0x128
 732 0238 46020000 		.4byte	0x246
 733 023c 17       		.uleb128 0x17
 734 023d 01       		.uleb128 0x1
 735 023e 50       		.byte	0x50
 736 023f 05       		.uleb128 0x5
 737 0240 03       		.byte	0x3
 738 0241 00000000 		.4byte	mass_air_Interrupt
 739 0245 00       		.byte	0
 740 0246 16       		.uleb128 0x16
 741 0247 12000000 		.4byte	.LVL22
 742 024b 85010000 		.4byte	0x185
 743 024f 59020000 		.4byte	0x259
 744 0253 17       		.uleb128 0x17
 745 0254 01       		.uleb128 0x1
 746 0255 50       		.byte	0x50
 747 0256 01       		.uleb128 0x1
 748 0257 37       		.byte	0x37
 749 0258 00       		.byte	0
 750 0259 0B       		.uleb128 0xb
 751 025a 16000000 		.4byte	.LVL23
 752 025e D7010000 		.4byte	0x1d7
 753 0262 00       		.byte	0
 754 0263 0C       		.uleb128 0xc
 755 0264 B9020000 		.4byte	.LASF33
 756 0268 01       		.byte	0x1
ARM GAS  C:\Users\Joshua\AppData\Local\Temp\ccg1QVqJ.s 			page 22


 757 0269 6D       		.byte	0x6d
 758 026a 00000000 		.4byte	.LFB65
 759 026e 1A000000 		.4byte	.LFE65-.LFB65
 760 0272 01       		.uleb128 0x1
 761 0273 9C       		.byte	0x9c
 762 0274 C1020000 		.4byte	0x2c1
 763 0278 18       		.uleb128 0x18
 764 0279 00020000 		.4byte	.LASF26
 765 027d 01       		.byte	0x1
 766 027e 6D       		.byte	0x6d
 767 027f E5000000 		.4byte	0xe5
 768 0283 50000000 		.4byte	.LLST3
 769 0287 0B       		.uleb128 0xb
 770 0288 08000000 		.4byte	.LVL25
 771 028c FF010000 		.4byte	0x1ff
 772 0290 16       		.uleb128 0x16
 773 0291 0E000000 		.4byte	.LVL26
 774 0295 28010000 		.4byte	0x128
 775 0299 A4020000 		.4byte	0x2a4
 776 029d 17       		.uleb128 0x17
 777 029e 01       		.uleb128 0x1
 778 029f 50       		.byte	0x50
 779 02a0 02       		.uleb128 0x2
 780 02a1 74       		.byte	0x74
 781 02a2 00       		.sleb128 0
 782 02a3 00       		.byte	0
 783 02a4 16       		.uleb128 0x16
 784 02a5 14000000 		.4byte	.LVL27
 785 02a9 85010000 		.4byte	0x185
 786 02ad B7020000 		.4byte	0x2b7
 787 02b1 17       		.uleb128 0x17
 788 02b2 01       		.uleb128 0x1
 789 02b3 50       		.byte	0x50
 790 02b4 01       		.uleb128 0x1
 791 02b5 37       		.byte	0x37
 792 02b6 00       		.byte	0
 793 02b7 0B       		.uleb128 0xb
 794 02b8 18000000 		.4byte	.LVL28
 795 02bc D7010000 		.4byte	0x1d7
 796 02c0 00       		.byte	0
 797 02c1 0C       		.uleb128 0xc
 798 02c2 07030000 		.4byte	.LASF34
 799 02c6 01       		.byte	0x1
 800 02c7 8B       		.byte	0x8b
 801 02c8 00000000 		.4byte	.LFB66
 802 02cc 14000000 		.4byte	.LFE66-.LFB66
 803 02d0 01       		.uleb128 0x1
 804 02d1 9C       		.byte	0x9c
 805 02d2 E9020000 		.4byte	0x2e9
 806 02d6 0B       		.uleb128 0xb
 807 02d7 06000000 		.4byte	.LVL29
 808 02db FF010000 		.4byte	0x1ff
 809 02df 0B       		.uleb128 0xb
 810 02e0 0C000000 		.4byte	.LVL30
 811 02e4 28010000 		.4byte	0x128
 812 02e8 00       		.byte	0
 813 02e9 14       		.uleb128 0x14
ARM GAS  C:\Users\Joshua\AppData\Local\Temp\ccg1QVqJ.s 			page 23


 814 02ea 00000000 		.4byte	.LASF35
 815 02ee 01       		.byte	0x1
 816 02ef 9101     		.2byte	0x191
 817 02f1 00000000 		.4byte	.LFB75
 818 02f5 0C000000 		.4byte	.LFE75-.LFB75
 819 02f9 01       		.uleb128 0x1
 820 02fa 9C       		.byte	0x9c
 821 02fb 14       		.uleb128 0x14
 822 02fc D9020000 		.4byte	.LASF36
 823 0300 01       		.byte	0x1
 824 0301 AA01     		.2byte	0x1aa
 825 0303 00000000 		.4byte	.LFB76
 826 0307 0C000000 		.4byte	.LFE76-.LFB76
 827 030b 01       		.uleb128 0x1
 828 030c 9C       		.byte	0x9c
 829 030d 19       		.uleb128 0x19
 830 030e A0010000 		.4byte	.LASF37
 831 0312 05       		.byte	0x5
 832 0313 1207     		.2byte	0x712
 833 0315 19030000 		.4byte	0x319
 834 0319 08       		.uleb128 0x8
 835 031a 92000000 		.4byte	0x92
 836 031e 1A       		.uleb128 0x1a
 837 031f 52504D00 		.ascii	"RPM\000"
 838 0323 01       		.byte	0x1
 839 0324 1F       		.byte	0x1f
 840 0325 29030000 		.4byte	0x329
 841 0329 08       		.uleb128 0x8
 842 032a B5000000 		.4byte	0xb5
 843 032e 1B       		.uleb128 0x1b
 844 032f 13010000 		.4byte	.LASF38
 845 0333 01       		.byte	0x1
 846 0334 20       		.byte	0x20
 847 0335 29030000 		.4byte	0x329
 848 0339 1B       		.uleb128 0x1b
 849 033a E1010000 		.4byte	.LASF39
 850 033e 01       		.byte	0x1
 851 033f 21       		.byte	0x21
 852 0340 29030000 		.4byte	0x329
 853 0344 1B       		.uleb128 0x1b
 854 0345 41020000 		.4byte	.LASF40
 855 0349 01       		.byte	0x1
 856 034a 23       		.byte	0x23
 857 034b 4F030000 		.4byte	0x34f
 858 034f 08       		.uleb128 0x8
 859 0350 25000000 		.4byte	0x25
 860 0354 1C       		.uleb128 0x1c
 861 0355 90020000 		.4byte	.LASF45
 862 0359 90020000 		.4byte	.LASF45
 863 035d 06       		.byte	0x6
 864 035e 37       		.byte	0x37
 865 035f 00       		.byte	0
 866              		.section	.debug_abbrev,"",%progbits
 867              	.Ldebug_abbrev0:
 868 0000 01       		.uleb128 0x1
 869 0001 11       		.uleb128 0x11
 870 0002 01       		.byte	0x1
ARM GAS  C:\Users\Joshua\AppData\Local\Temp\ccg1QVqJ.s 			page 24


 871 0003 25       		.uleb128 0x25
 872 0004 0E       		.uleb128 0xe
 873 0005 13       		.uleb128 0x13
 874 0006 0B       		.uleb128 0xb
 875 0007 03       		.uleb128 0x3
 876 0008 0E       		.uleb128 0xe
 877 0009 1B       		.uleb128 0x1b
 878 000a 0E       		.uleb128 0xe
 879 000b 55       		.uleb128 0x55
 880 000c 17       		.uleb128 0x17
 881 000d 11       		.uleb128 0x11
 882 000e 01       		.uleb128 0x1
 883 000f 10       		.uleb128 0x10
 884 0010 17       		.uleb128 0x17
 885 0011 00       		.byte	0
 886 0012 00       		.byte	0
 887 0013 02       		.uleb128 0x2
 888 0014 24       		.uleb128 0x24
 889 0015 00       		.byte	0
 890 0016 0B       		.uleb128 0xb
 891 0017 0B       		.uleb128 0xb
 892 0018 3E       		.uleb128 0x3e
 893 0019 0B       		.uleb128 0xb
 894 001a 03       		.uleb128 0x3
 895 001b 08       		.uleb128 0x8
 896 001c 00       		.byte	0
 897 001d 00       		.byte	0
 898 001e 03       		.uleb128 0x3
 899 001f 24       		.uleb128 0x24
 900 0020 00       		.byte	0
 901 0021 0B       		.uleb128 0xb
 902 0022 0B       		.uleb128 0xb
 903 0023 3E       		.uleb128 0x3e
 904 0024 0B       		.uleb128 0xb
 905 0025 03       		.uleb128 0x3
 906 0026 0E       		.uleb128 0xe
 907 0027 00       		.byte	0
 908 0028 00       		.byte	0
 909 0029 04       		.uleb128 0x4
 910 002a 16       		.uleb128 0x16
 911 002b 00       		.byte	0
 912 002c 03       		.uleb128 0x3
 913 002d 0E       		.uleb128 0xe
 914 002e 3A       		.uleb128 0x3a
 915 002f 0B       		.uleb128 0xb
 916 0030 3B       		.uleb128 0x3b
 917 0031 0B       		.uleb128 0xb
 918 0032 49       		.uleb128 0x49
 919 0033 13       		.uleb128 0x13
 920 0034 00       		.byte	0
 921 0035 00       		.byte	0
 922 0036 05       		.uleb128 0x5
 923 0037 0F       		.uleb128 0xf
 924 0038 00       		.byte	0
 925 0039 0B       		.uleb128 0xb
 926 003a 0B       		.uleb128 0xb
 927 003b 49       		.uleb128 0x49
ARM GAS  C:\Users\Joshua\AppData\Local\Temp\ccg1QVqJ.s 			page 25


 928 003c 13       		.uleb128 0x13
 929 003d 00       		.byte	0
 930 003e 00       		.byte	0
 931 003f 06       		.uleb128 0x6
 932 0040 15       		.uleb128 0x15
 933 0041 00       		.byte	0
 934 0042 27       		.uleb128 0x27
 935 0043 19       		.uleb128 0x19
 936 0044 00       		.byte	0
 937 0045 00       		.byte	0
 938 0046 07       		.uleb128 0x7
 939 0047 16       		.uleb128 0x16
 940 0048 00       		.byte	0
 941 0049 03       		.uleb128 0x3
 942 004a 0E       		.uleb128 0xe
 943 004b 3A       		.uleb128 0x3a
 944 004c 0B       		.uleb128 0xb
 945 004d 3B       		.uleb128 0x3b
 946 004e 05       		.uleb128 0x5
 947 004f 49       		.uleb128 0x49
 948 0050 13       		.uleb128 0x13
 949 0051 00       		.byte	0
 950 0052 00       		.byte	0
 951 0053 08       		.uleb128 0x8
 952 0054 35       		.uleb128 0x35
 953 0055 00       		.byte	0
 954 0056 49       		.uleb128 0x49
 955 0057 13       		.uleb128 0x13
 956 0058 00       		.byte	0
 957 0059 00       		.byte	0
 958 005a 09       		.uleb128 0x9
 959 005b 2E       		.uleb128 0x2e
 960 005c 01       		.byte	0x1
 961 005d 3F       		.uleb128 0x3f
 962 005e 19       		.uleb128 0x19
 963 005f 03       		.uleb128 0x3
 964 0060 0E       		.uleb128 0xe
 965 0061 3A       		.uleb128 0x3a
 966 0062 0B       		.uleb128 0xb
 967 0063 3B       		.uleb128 0x3b
 968 0064 0B       		.uleb128 0xb
 969 0065 27       		.uleb128 0x27
 970 0066 19       		.uleb128 0x19
 971 0067 11       		.uleb128 0x11
 972 0068 01       		.uleb128 0x1
 973 0069 12       		.uleb128 0x12
 974 006a 06       		.uleb128 0x6
 975 006b 40       		.uleb128 0x40
 976 006c 18       		.uleb128 0x18
 977 006d 9642     		.uleb128 0x2116
 978 006f 19       		.uleb128 0x19
 979 0070 01       		.uleb128 0x1
 980 0071 13       		.uleb128 0x13
 981 0072 00       		.byte	0
 982 0073 00       		.byte	0
 983 0074 0A       		.uleb128 0xa
 984 0075 34       		.uleb128 0x34
ARM GAS  C:\Users\Joshua\AppData\Local\Temp\ccg1QVqJ.s 			page 26


 985 0076 00       		.byte	0
 986 0077 03       		.uleb128 0x3
 987 0078 0E       		.uleb128 0xe
 988 0079 3A       		.uleb128 0x3a
 989 007a 0B       		.uleb128 0xb
 990 007b 3B       		.uleb128 0x3b
 991 007c 0B       		.uleb128 0xb
 992 007d 49       		.uleb128 0x49
 993 007e 13       		.uleb128 0x13
 994 007f 02       		.uleb128 0x2
 995 0080 17       		.uleb128 0x17
 996 0081 00       		.byte	0
 997 0082 00       		.byte	0
 998 0083 0B       		.uleb128 0xb
 999 0084 898201   		.uleb128 0x4109
 1000 0087 00       		.byte	0
 1001 0088 11       		.uleb128 0x11
 1002 0089 01       		.uleb128 0x1
 1003 008a 31       		.uleb128 0x31
 1004 008b 13       		.uleb128 0x13
 1005 008c 00       		.byte	0
 1006 008d 00       		.byte	0
 1007 008e 0C       		.uleb128 0xc
 1008 008f 2E       		.uleb128 0x2e
 1009 0090 01       		.byte	0x1
 1010 0091 3F       		.uleb128 0x3f
 1011 0092 19       		.uleb128 0x19
 1012 0093 03       		.uleb128 0x3
 1013 0094 0E       		.uleb128 0xe
 1014 0095 3A       		.uleb128 0x3a
 1015 0096 0B       		.uleb128 0xb
 1016 0097 3B       		.uleb128 0x3b
 1017 0098 0B       		.uleb128 0xb
 1018 0099 27       		.uleb128 0x27
 1019 009a 19       		.uleb128 0x19
 1020 009b 11       		.uleb128 0x11
 1021 009c 01       		.uleb128 0x1
 1022 009d 12       		.uleb128 0x12
 1023 009e 06       		.uleb128 0x6
 1024 009f 40       		.uleb128 0x40
 1025 00a0 18       		.uleb128 0x18
 1026 00a1 9742     		.uleb128 0x2117
 1027 00a3 19       		.uleb128 0x19
 1028 00a4 01       		.uleb128 0x1
 1029 00a5 13       		.uleb128 0x13
 1030 00a6 00       		.byte	0
 1031 00a7 00       		.byte	0
 1032 00a8 0D       		.uleb128 0xd
 1033 00a9 05       		.uleb128 0x5
 1034 00aa 00       		.byte	0
 1035 00ab 03       		.uleb128 0x3
 1036 00ac 0E       		.uleb128 0xe
 1037 00ad 3A       		.uleb128 0x3a
 1038 00ae 0B       		.uleb128 0xb
 1039 00af 3B       		.uleb128 0x3b
 1040 00b0 0B       		.uleb128 0xb
 1041 00b1 49       		.uleb128 0x49
ARM GAS  C:\Users\Joshua\AppData\Local\Temp\ccg1QVqJ.s 			page 27


 1042 00b2 13       		.uleb128 0x13
 1043 00b3 02       		.uleb128 0x2
 1044 00b4 18       		.uleb128 0x18
 1045 00b5 00       		.byte	0
 1046 00b6 00       		.byte	0
 1047 00b7 0E       		.uleb128 0xe
 1048 00b8 34       		.uleb128 0x34
 1049 00b9 00       		.byte	0
 1050 00ba 03       		.uleb128 0x3
 1051 00bb 0E       		.uleb128 0xe
 1052 00bc 3A       		.uleb128 0x3a
 1053 00bd 0B       		.uleb128 0xb
 1054 00be 3B       		.uleb128 0x3b
 1055 00bf 0B       		.uleb128 0xb
 1056 00c0 49       		.uleb128 0x49
 1057 00c1 13       		.uleb128 0x13
 1058 00c2 02       		.uleb128 0x2
 1059 00c3 18       		.uleb128 0x18
 1060 00c4 00       		.byte	0
 1061 00c5 00       		.byte	0
 1062 00c6 0F       		.uleb128 0xf
 1063 00c7 2E       		.uleb128 0x2e
 1064 00c8 01       		.byte	0x1
 1065 00c9 3F       		.uleb128 0x3f
 1066 00ca 19       		.uleb128 0x19
 1067 00cb 03       		.uleb128 0x3
 1068 00cc 0E       		.uleb128 0xe
 1069 00cd 3A       		.uleb128 0x3a
 1070 00ce 0B       		.uleb128 0xb
 1071 00cf 3B       		.uleb128 0x3b
 1072 00d0 0B       		.uleb128 0xb
 1073 00d1 27       		.uleb128 0x27
 1074 00d2 19       		.uleb128 0x19
 1075 00d3 49       		.uleb128 0x49
 1076 00d4 13       		.uleb128 0x13
 1077 00d5 11       		.uleb128 0x11
 1078 00d6 01       		.uleb128 0x1
 1079 00d7 12       		.uleb128 0x12
 1080 00d8 06       		.uleb128 0x6
 1081 00d9 40       		.uleb128 0x40
 1082 00da 18       		.uleb128 0x18
 1083 00db 9742     		.uleb128 0x2117
 1084 00dd 19       		.uleb128 0x19
 1085 00de 01       		.uleb128 0x1
 1086 00df 13       		.uleb128 0x13
 1087 00e0 00       		.byte	0
 1088 00e1 00       		.byte	0
 1089 00e2 10       		.uleb128 0x10
 1090 00e3 2E       		.uleb128 0x2e
 1091 00e4 01       		.byte	0x1
 1092 00e5 3F       		.uleb128 0x3f
 1093 00e6 19       		.uleb128 0x19
 1094 00e7 03       		.uleb128 0x3
 1095 00e8 0E       		.uleb128 0xe
 1096 00e9 3A       		.uleb128 0x3a
 1097 00ea 0B       		.uleb128 0xb
 1098 00eb 3B       		.uleb128 0x3b
ARM GAS  C:\Users\Joshua\AppData\Local\Temp\ccg1QVqJ.s 			page 28


 1099 00ec 05       		.uleb128 0x5
 1100 00ed 27       		.uleb128 0x27
 1101 00ee 19       		.uleb128 0x19
 1102 00ef 11       		.uleb128 0x11
 1103 00f0 01       		.uleb128 0x1
 1104 00f1 12       		.uleb128 0x12
 1105 00f2 06       		.uleb128 0x6
 1106 00f3 40       		.uleb128 0x40
 1107 00f4 18       		.uleb128 0x18
 1108 00f5 9742     		.uleb128 0x2117
 1109 00f7 19       		.uleb128 0x19
 1110 00f8 01       		.uleb128 0x1
 1111 00f9 13       		.uleb128 0x13
 1112 00fa 00       		.byte	0
 1113 00fb 00       		.byte	0
 1114 00fc 11       		.uleb128 0x11
 1115 00fd 05       		.uleb128 0x5
 1116 00fe 00       		.byte	0
 1117 00ff 03       		.uleb128 0x3
 1118 0100 0E       		.uleb128 0xe
 1119 0101 3A       		.uleb128 0x3a
 1120 0102 0B       		.uleb128 0xb
 1121 0103 3B       		.uleb128 0x3b
 1122 0104 05       		.uleb128 0x5
 1123 0105 49       		.uleb128 0x49
 1124 0106 13       		.uleb128 0x13
 1125 0107 02       		.uleb128 0x2
 1126 0108 17       		.uleb128 0x17
 1127 0109 00       		.byte	0
 1128 010a 00       		.byte	0
 1129 010b 12       		.uleb128 0x12
 1130 010c 2E       		.uleb128 0x2e
 1131 010d 01       		.byte	0x1
 1132 010e 3F       		.uleb128 0x3f
 1133 010f 19       		.uleb128 0x19
 1134 0110 03       		.uleb128 0x3
 1135 0111 0E       		.uleb128 0xe
 1136 0112 3A       		.uleb128 0x3a
 1137 0113 0B       		.uleb128 0xb
 1138 0114 3B       		.uleb128 0x3b
 1139 0115 05       		.uleb128 0x5
 1140 0116 27       		.uleb128 0x27
 1141 0117 19       		.uleb128 0x19
 1142 0118 49       		.uleb128 0x49
 1143 0119 13       		.uleb128 0x13
 1144 011a 11       		.uleb128 0x11
 1145 011b 01       		.uleb128 0x1
 1146 011c 12       		.uleb128 0x12
 1147 011d 06       		.uleb128 0x6
 1148 011e 40       		.uleb128 0x40
 1149 011f 18       		.uleb128 0x18
 1150 0120 9742     		.uleb128 0x2117
 1151 0122 19       		.uleb128 0x19
 1152 0123 01       		.uleb128 0x1
 1153 0124 13       		.uleb128 0x13
 1154 0125 00       		.byte	0
 1155 0126 00       		.byte	0
ARM GAS  C:\Users\Joshua\AppData\Local\Temp\ccg1QVqJ.s 			page 29


 1156 0127 13       		.uleb128 0x13
 1157 0128 34       		.uleb128 0x34
 1158 0129 00       		.byte	0
 1159 012a 03       		.uleb128 0x3
 1160 012b 0E       		.uleb128 0xe
 1161 012c 3A       		.uleb128 0x3a
 1162 012d 0B       		.uleb128 0xb
 1163 012e 3B       		.uleb128 0x3b
 1164 012f 05       		.uleb128 0x5
 1165 0130 49       		.uleb128 0x49
 1166 0131 13       		.uleb128 0x13
 1167 0132 02       		.uleb128 0x2
 1168 0133 17       		.uleb128 0x17
 1169 0134 00       		.byte	0
 1170 0135 00       		.byte	0
 1171 0136 14       		.uleb128 0x14
 1172 0137 2E       		.uleb128 0x2e
 1173 0138 00       		.byte	0
 1174 0139 3F       		.uleb128 0x3f
 1175 013a 19       		.uleb128 0x19
 1176 013b 03       		.uleb128 0x3
 1177 013c 0E       		.uleb128 0xe
 1178 013d 3A       		.uleb128 0x3a
 1179 013e 0B       		.uleb128 0xb
 1180 013f 3B       		.uleb128 0x3b
 1181 0140 05       		.uleb128 0x5
 1182 0141 27       		.uleb128 0x27
 1183 0142 19       		.uleb128 0x19
 1184 0143 11       		.uleb128 0x11
 1185 0144 01       		.uleb128 0x1
 1186 0145 12       		.uleb128 0x12
 1187 0146 06       		.uleb128 0x6
 1188 0147 40       		.uleb128 0x40
 1189 0148 18       		.uleb128 0x18
 1190 0149 9742     		.uleb128 0x2117
 1191 014b 19       		.uleb128 0x19
 1192 014c 00       		.byte	0
 1193 014d 00       		.byte	0
 1194 014e 15       		.uleb128 0x15
 1195 014f 2E       		.uleb128 0x2e
 1196 0150 00       		.byte	0
 1197 0151 3F       		.uleb128 0x3f
 1198 0152 19       		.uleb128 0x19
 1199 0153 03       		.uleb128 0x3
 1200 0154 0E       		.uleb128 0xe
 1201 0155 3A       		.uleb128 0x3a
 1202 0156 0B       		.uleb128 0xb
 1203 0157 3B       		.uleb128 0x3b
 1204 0158 05       		.uleb128 0x5
 1205 0159 27       		.uleb128 0x27
 1206 015a 19       		.uleb128 0x19
 1207 015b 49       		.uleb128 0x49
 1208 015c 13       		.uleb128 0x13
 1209 015d 11       		.uleb128 0x11
 1210 015e 01       		.uleb128 0x1
 1211 015f 12       		.uleb128 0x12
 1212 0160 06       		.uleb128 0x6
ARM GAS  C:\Users\Joshua\AppData\Local\Temp\ccg1QVqJ.s 			page 30


 1213 0161 40       		.uleb128 0x40
 1214 0162 18       		.uleb128 0x18
 1215 0163 9742     		.uleb128 0x2117
 1216 0165 19       		.uleb128 0x19
 1217 0166 00       		.byte	0
 1218 0167 00       		.byte	0
 1219 0168 16       		.uleb128 0x16
 1220 0169 898201   		.uleb128 0x4109
 1221 016c 01       		.byte	0x1
 1222 016d 11       		.uleb128 0x11
 1223 016e 01       		.uleb128 0x1
 1224 016f 31       		.uleb128 0x31
 1225 0170 13       		.uleb128 0x13
 1226 0171 01       		.uleb128 0x1
 1227 0172 13       		.uleb128 0x13
 1228 0173 00       		.byte	0
 1229 0174 00       		.byte	0
 1230 0175 17       		.uleb128 0x17
 1231 0176 8A8201   		.uleb128 0x410a
 1232 0179 00       		.byte	0
 1233 017a 02       		.uleb128 0x2
 1234 017b 18       		.uleb128 0x18
 1235 017c 9142     		.uleb128 0x2111
 1236 017e 18       		.uleb128 0x18
 1237 017f 00       		.byte	0
 1238 0180 00       		.byte	0
 1239 0181 18       		.uleb128 0x18
 1240 0182 05       		.uleb128 0x5
 1241 0183 00       		.byte	0
 1242 0184 03       		.uleb128 0x3
 1243 0185 0E       		.uleb128 0xe
 1244 0186 3A       		.uleb128 0x3a
 1245 0187 0B       		.uleb128 0xb
 1246 0188 3B       		.uleb128 0x3b
 1247 0189 0B       		.uleb128 0xb
 1248 018a 49       		.uleb128 0x49
 1249 018b 13       		.uleb128 0x13
 1250 018c 02       		.uleb128 0x2
 1251 018d 17       		.uleb128 0x17
 1252 018e 00       		.byte	0
 1253 018f 00       		.byte	0
 1254 0190 19       		.uleb128 0x19
 1255 0191 34       		.uleb128 0x34
 1256 0192 00       		.byte	0
 1257 0193 03       		.uleb128 0x3
 1258 0194 0E       		.uleb128 0xe
 1259 0195 3A       		.uleb128 0x3a
 1260 0196 0B       		.uleb128 0xb
 1261 0197 3B       		.uleb128 0x3b
 1262 0198 05       		.uleb128 0x5
 1263 0199 49       		.uleb128 0x49
 1264 019a 13       		.uleb128 0x13
 1265 019b 3F       		.uleb128 0x3f
 1266 019c 19       		.uleb128 0x19
 1267 019d 3C       		.uleb128 0x3c
 1268 019e 19       		.uleb128 0x19
 1269 019f 00       		.byte	0
ARM GAS  C:\Users\Joshua\AppData\Local\Temp\ccg1QVqJ.s 			page 31


 1270 01a0 00       		.byte	0
 1271 01a1 1A       		.uleb128 0x1a
 1272 01a2 34       		.uleb128 0x34
 1273 01a3 00       		.byte	0
 1274 01a4 03       		.uleb128 0x3
 1275 01a5 08       		.uleb128 0x8
 1276 01a6 3A       		.uleb128 0x3a
 1277 01a7 0B       		.uleb128 0xb
 1278 01a8 3B       		.uleb128 0x3b
 1279 01a9 0B       		.uleb128 0xb
 1280 01aa 49       		.uleb128 0x49
 1281 01ab 13       		.uleb128 0x13
 1282 01ac 3F       		.uleb128 0x3f
 1283 01ad 19       		.uleb128 0x19
 1284 01ae 3C       		.uleb128 0x3c
 1285 01af 19       		.uleb128 0x19
 1286 01b0 00       		.byte	0
 1287 01b1 00       		.byte	0
 1288 01b2 1B       		.uleb128 0x1b
 1289 01b3 34       		.uleb128 0x34
 1290 01b4 00       		.byte	0
 1291 01b5 03       		.uleb128 0x3
 1292 01b6 0E       		.uleb128 0xe
 1293 01b7 3A       		.uleb128 0x3a
 1294 01b8 0B       		.uleb128 0xb
 1295 01b9 3B       		.uleb128 0x3b
 1296 01ba 0B       		.uleb128 0xb
 1297 01bb 49       		.uleb128 0x49
 1298 01bc 13       		.uleb128 0x13
 1299 01bd 3F       		.uleb128 0x3f
 1300 01be 19       		.uleb128 0x19
 1301 01bf 3C       		.uleb128 0x3c
 1302 01c0 19       		.uleb128 0x19
 1303 01c1 00       		.byte	0
 1304 01c2 00       		.byte	0
 1305 01c3 1C       		.uleb128 0x1c
 1306 01c4 2E       		.uleb128 0x2e
 1307 01c5 00       		.byte	0
 1308 01c6 3F       		.uleb128 0x3f
 1309 01c7 19       		.uleb128 0x19
 1310 01c8 3C       		.uleb128 0x3c
 1311 01c9 19       		.uleb128 0x19
 1312 01ca 6E       		.uleb128 0x6e
 1313 01cb 0E       		.uleb128 0xe
 1314 01cc 03       		.uleb128 0x3
 1315 01cd 0E       		.uleb128 0xe
 1316 01ce 3A       		.uleb128 0x3a
 1317 01cf 0B       		.uleb128 0xb
 1318 01d0 3B       		.uleb128 0x3b
 1319 01d1 0B       		.uleb128 0xb
 1320 01d2 00       		.byte	0
 1321 01d3 00       		.byte	0
 1322 01d4 00       		.byte	0
 1323              		.section	.debug_loc,"",%progbits
 1324              	.Ldebug_loc0:
 1325              	.LLST0:
 1326 0000 0A000000 		.4byte	.LVL0
ARM GAS  C:\Users\Joshua\AppData\Local\Temp\ccg1QVqJ.s 			page 32


 1327 0004 1E000000 		.4byte	.LVL3
 1328 0008 0600     		.2byte	0x6
 1329 000a 9E       		.byte	0x9e
 1330 000b 04       		.uleb128 0x4
 1331 000c 00007C42 		.4byte	0x427c0000
 1332 0010 00000000 		.4byte	0
 1333 0014 00000000 		.4byte	0
 1334              	.LLST1:
 1335 0018 00000000 		.4byte	.LVL16
 1336 001c 02000000 		.4byte	.LVL17
 1337 0020 0100     		.2byte	0x1
 1338 0022 50       		.byte	0x50
 1339 0023 02000000 		.4byte	.LVL17
 1340 0027 10000000 		.4byte	.LFE70
 1341 002b 0400     		.2byte	0x4
 1342 002d F3       		.byte	0xf3
 1343 002e 01       		.uleb128 0x1
 1344 002f 50       		.byte	0x50
 1345 0030 9F       		.byte	0x9f
 1346 0031 00000000 		.4byte	0
 1347 0035 00000000 		.4byte	0
 1348              	.LLST2:
 1349 0039 04000000 		.4byte	.LVL18
 1350 003d 06000000 		.4byte	.LVL19
 1351 0041 0500     		.2byte	0x5
 1352 0043 70       		.byte	0x70
 1353 0044 00       		.sleb128 0
 1354 0045 35       		.byte	0x35
 1355 0046 25       		.byte	0x25
 1356 0047 9F       		.byte	0x9f
 1357 0048 00000000 		.4byte	0
 1358 004c 00000000 		.4byte	0
 1359              	.LLST3:
 1360 0050 00000000 		.4byte	.LVL24
 1361 0054 07000000 		.4byte	.LVL25-1
 1362 0058 0100     		.2byte	0x1
 1363 005a 50       		.byte	0x50
 1364 005b 07000000 		.4byte	.LVL25-1
 1365 005f 1A000000 		.4byte	.LFE65
 1366 0063 0100     		.2byte	0x1
 1367 0065 54       		.byte	0x54
 1368 0066 00000000 		.4byte	0
 1369 006a 00000000 		.4byte	0
 1370              		.section	.debug_aranges,"",%progbits
 1371 0000 7C000000 		.4byte	0x7c
 1372 0004 0200     		.2byte	0x2
 1373 0006 00000000 		.4byte	.Ldebug_info0
 1374 000a 04       		.byte	0x4
 1375 000b 00       		.byte	0
 1376 000c 0000     		.2byte	0
 1377 000e 0000     		.2byte	0
 1378 0010 00000000 		.4byte	.LFB67
 1379 0014 94000000 		.4byte	.LFE67-.LFB67
 1380 0018 00000000 		.4byte	.LFB68
 1381 001c 0C000000 		.4byte	.LFE68-.LFB68
 1382 0020 00000000 		.4byte	.LFB69
 1383 0024 0C000000 		.4byte	.LFE69-.LFB69
ARM GAS  C:\Users\Joshua\AppData\Local\Temp\ccg1QVqJ.s 			page 33


 1384 0028 00000000 		.4byte	.LFB70
 1385 002c 10000000 		.4byte	.LFE70-.LFB70
 1386 0030 00000000 		.4byte	.LFB71
 1387 0034 0C000000 		.4byte	.LFE71-.LFB71
 1388 0038 00000000 		.4byte	.LFB72
 1389 003c 0C000000 		.4byte	.LFE72-.LFB72
 1390 0040 00000000 		.4byte	.LFB73
 1391 0044 18000000 		.4byte	.LFE73-.LFB73
 1392 0048 00000000 		.4byte	.LFB74
 1393 004c 0C000000 		.4byte	.LFE74-.LFB74
 1394 0050 00000000 		.4byte	.LFB64
 1395 0054 1C000000 		.4byte	.LFE64-.LFB64
 1396 0058 00000000 		.4byte	.LFB65
 1397 005c 1A000000 		.4byte	.LFE65-.LFB65
 1398 0060 00000000 		.4byte	.LFB66
 1399 0064 14000000 		.4byte	.LFE66-.LFB66
 1400 0068 00000000 		.4byte	.LFB75
 1401 006c 0C000000 		.4byte	.LFE75-.LFB75
 1402 0070 00000000 		.4byte	.LFB76
 1403 0074 0C000000 		.4byte	.LFE76-.LFB76
 1404 0078 00000000 		.4byte	0
 1405 007c 00000000 		.4byte	0
 1406              		.section	.debug_ranges,"",%progbits
 1407              	.Ldebug_ranges0:
 1408 0000 00000000 		.4byte	.LFB67
 1409 0004 94000000 		.4byte	.LFE67
 1410 0008 00000000 		.4byte	.LFB68
 1411 000c 0C000000 		.4byte	.LFE68
 1412 0010 00000000 		.4byte	.LFB69
 1413 0014 0C000000 		.4byte	.LFE69
 1414 0018 00000000 		.4byte	.LFB70
 1415 001c 10000000 		.4byte	.LFE70
 1416 0020 00000000 		.4byte	.LFB71
 1417 0024 0C000000 		.4byte	.LFE71
 1418 0028 00000000 		.4byte	.LFB72
 1419 002c 0C000000 		.4byte	.LFE72
 1420 0030 00000000 		.4byte	.LFB73
 1421 0034 18000000 		.4byte	.LFE73
 1422 0038 00000000 		.4byte	.LFB74
 1423 003c 0C000000 		.4byte	.LFE74
 1424 0040 00000000 		.4byte	.LFB64
 1425 0044 1C000000 		.4byte	.LFE64
 1426 0048 00000000 		.4byte	.LFB65
 1427 004c 1A000000 		.4byte	.LFE65
 1428 0050 00000000 		.4byte	.LFB66
 1429 0054 14000000 		.4byte	.LFE66
 1430 0058 00000000 		.4byte	.LFB75
 1431 005c 0C000000 		.4byte	.LFE75
 1432 0060 00000000 		.4byte	.LFB76
 1433 0064 0C000000 		.4byte	.LFE76
 1434 0068 00000000 		.4byte	0
 1435 006c 00000000 		.4byte	0
 1436              		.section	.debug_line,"",%progbits
 1437              	.Ldebug_line0:
 1438 0000 59020000 		.section	.debug_str,"MS",%progbits,1
 1438      02006201 
 1438      00000201 
ARM GAS  C:\Users\Joshua\AppData\Local\Temp\ccg1QVqJ.s 			page 34


 1438      FB0E0D00 
 1438      01010101 
 1439              	.LASF35:
 1440 0000 6D617373 		.ascii	"mass_air_SetPending\000"
 1440      5F616972 
 1440      5F536574 
 1440      50656E64 
 1440      696E6700 
 1441              	.LASF19:
 1442 0014 72656733 		.ascii	"reg32\000"
 1442      3200
 1443              	.LASF12:
 1444 001a 5F5F696E 		.ascii	"__int32_t\000"
 1444      7433325F 
 1444      7400
 1445              	.LASF22:
 1446 0024 6D617373 		.ascii	"mass_air_SetVector\000"
 1446      5F616972 
 1446      5F536574 
 1446      56656374 
 1446      6F7200
 1447              	.LASF42:
 1448 0037 47656E65 		.ascii	"Generated_Source\\PSoC5\\mass_air.c\000"
 1448      72617465 
 1448      645F536F 
 1448      75726365 
 1448      5C50536F 
 1449              	.LASF23:
 1450 0059 6D617373 		.ascii	"mass_voltage\000"
 1450      5F766F6C 
 1450      74616765 
 1450      00
 1451              	.LASF16:
 1452 0066 666C6F61 		.ascii	"float\000"
 1452      7400
 1453              	.LASF14:
 1454 006c 75696E74 		.ascii	"uint8\000"
 1454      3800
 1455              	.LASF4:
 1456 0072 756E7369 		.ascii	"unsigned char\000"
 1456      676E6564 
 1456      20636861 
 1456      7200
 1457              	.LASF41:
 1458 0080 474E5520 		.ascii	"GNU C11 5.4.1 20160609 (release) [ARM/embedded-5-br"
 1458      43313120 
 1458      352E342E 
 1458      31203230 
 1458      31363036 
 1459 00b3 616E6368 		.ascii	"anch revision 237715] -mcpu=cortex-m3 -mthumb -g -O"
 1459      20726576 
 1459      6973696F 
 1459      6E203233 
 1459      37373135 
 1460 00e6 67202D66 		.ascii	"g -ffunction-sections -ffat-lto-objects\000"
 1460      66756E63 
 1460      74696F6E 
ARM GAS  C:\Users\Joshua\AppData\Local\Temp\ccg1QVqJ.s 			page 35


 1460      2D736563 
 1460      74696F6E 
 1461              	.LASF18:
 1462 010e 72656738 		.ascii	"reg8\000"
 1462      00
 1463              	.LASF38:
 1464 0113 6D617373 		.ascii	"mass_air_voltage\000"
 1464      5F616972 
 1464      5F766F6C 
 1464      74616765 
 1464      00
 1465              	.LASF8:
 1466 0124 6C6F6E67 		.ascii	"long unsigned int\000"
 1466      20756E73 
 1466      69676E65 
 1466      6420696E 
 1466      7400
 1467              	.LASF29:
 1468 0136 6D617373 		.ascii	"mass_air_GetPriority\000"
 1468      5F616972 
 1468      5F476574 
 1468      5072696F 
 1468      72697479 
 1469              	.LASF6:
 1470 014b 73686F72 		.ascii	"short unsigned int\000"
 1470      7420756E 
 1470      7369676E 
 1470      65642069 
 1470      6E7400
 1471              	.LASF43:
 1472 015e 433A5C55 		.ascii	"C:\\Users\\Joshua\\Documents\\PSoC Creator\\Workspa"
 1472      73657273 
 1472      5C4A6F73 
 1472      6875615C 
 1472      446F6375 
 1473 018c 63653031 		.ascii	"ce01\\Design01.cydsn\000"
 1473      5C446573 
 1473      69676E30 
 1473      312E6379 
 1473      64736E00 
 1474              	.LASF37:
 1475 01a0 49544D5F 		.ascii	"ITM_RxBuffer\000"
 1475      52784275 
 1475      66666572 
 1475      00
 1476              	.LASF17:
 1477 01ad 646F7562 		.ascii	"double\000"
 1477      6C6500
 1478              	.LASF28:
 1479 01b4 6D617373 		.ascii	"mass_air_GetVector\000"
 1479      5F616972 
 1479      5F476574 
 1479      56656374 
 1479      6F7200
 1480              	.LASF21:
 1481 01c7 6D617373 		.ascii	"mass_air_Interrupt\000"
 1481      5F616972 
ARM GAS  C:\Users\Joshua\AppData\Local\Temp\ccg1QVqJ.s 			page 36


 1481      5F496E74 
 1481      65727275 
 1481      707400
 1482              	.LASF15:
 1483 01da 75696E74 		.ascii	"uint32\000"
 1483      333200
 1484              	.LASF39:
 1485 01e1 6D617373 		.ascii	"mass_air_variable\000"
 1485      5F616972 
 1485      5F766172 
 1485      6961626C 
 1485      6500
 1486              	.LASF0:
 1487 01f3 756E7369 		.ascii	"unsigned int\000"
 1487      676E6564 
 1487      20696E74 
 1487      00
 1488              	.LASF26:
 1489 0200 61646472 		.ascii	"address\000"
 1489      65737300 
 1490              	.LASF9:
 1491 0208 6C6F6E67 		.ascii	"long long unsigned int\000"
 1491      206C6F6E 
 1491      6720756E 
 1491      7369676E 
 1491      65642069 
 1492              	.LASF20:
 1493 021f 63796973 		.ascii	"cyisraddress\000"
 1493      72616464 
 1493      72657373 
 1493      00
 1494              	.LASF25:
 1495 022c 6D617373 		.ascii	"mass_air_SetPriority\000"
 1495      5F616972 
 1495      5F536574 
 1495      5072696F 
 1495      72697479 
 1496              	.LASF40:
 1497 0241 52504D5F 		.ascii	"RPM_Count\000"
 1497      436F756E 
 1497      7400
 1498              	.LASF31:
 1499 024b 6D617373 		.ascii	"mass_air_Disable\000"
 1499      5F616972 
 1499      5F446973 
 1499      61626C65 
 1499      00
 1500              	.LASF13:
 1501 025c 696E7433 		.ascii	"int32_t\000"
 1501      325F7400 
 1502              	.LASF30:
 1503 0264 6D617373 		.ascii	"mass_air_Enable\000"
 1503      5F616972 
 1503      5F456E61 
 1503      626C6500 
 1504              	.LASF10:
 1505 0274 73697A65 		.ascii	"sizetype\000"
ARM GAS  C:\Users\Joshua\AppData\Local\Temp\ccg1QVqJ.s 			page 37


 1505      74797065 
 1505      00
 1506              	.LASF1:
 1507 027d 6C6F6E67 		.ascii	"long long int\000"
 1507      206C6F6E 
 1507      6720696E 
 1507      7400
 1508              	.LASF11:
 1509 028b 63686172 		.ascii	"char\000"
 1509      00
 1510              	.LASF45:
 1511 0290 4D415353 		.ascii	"MASS_AIRFLOW_SetValue\000"
 1511      5F414952 
 1511      464C4F57 
 1511      5F536574 
 1511      56616C75 
 1512              	.LASF27:
 1513 02a6 7072696F 		.ascii	"priority\000"
 1513      72697479 
 1513      00
 1514              	.LASF5:
 1515 02af 73686F72 		.ascii	"short int\000"
 1515      7420696E 
 1515      7400
 1516              	.LASF33:
 1517 02b9 6D617373 		.ascii	"mass_air_StartEx\000"
 1517      5F616972 
 1517      5F537461 
 1517      72744578 
 1517      00
 1518              	.LASF24:
 1519 02ca 72616D56 		.ascii	"ramVectorTable\000"
 1519      6563746F 
 1519      72546162 
 1519      6C6500
 1520              	.LASF36:
 1521 02d9 6D617373 		.ascii	"mass_air_ClearPending\000"
 1521      5F616972 
 1521      5F436C65 
 1521      61725065 
 1521      6E64696E 
 1522              	.LASF32:
 1523 02ef 6D617373 		.ascii	"mass_air_Start\000"
 1523      5F616972 
 1523      5F537461 
 1523      727400
 1524              	.LASF7:
 1525 02fe 6C6F6E67 		.ascii	"long int\000"
 1525      20696E74 
 1525      00
 1526              	.LASF34:
 1527 0307 6D617373 		.ascii	"mass_air_Stop\000"
 1527      5F616972 
 1527      5F53746F 
 1527      7000
 1528              	.LASF2:
 1529 0315 6C6F6E67 		.ascii	"long double\000"
ARM GAS  C:\Users\Joshua\AppData\Local\Temp\ccg1QVqJ.s 			page 38


 1529      20646F75 
 1529      626C6500 
 1530              	.LASF3:
 1531 0321 7369676E 		.ascii	"signed char\000"
 1531      65642063 
 1531      68617200 
 1532              	.LASF44:
 1533 032d 6D617373 		.ascii	"mass_air_GetState\000"
 1533      5F616972 
 1533      5F476574 
 1533      53746174 
 1533      6500
 1534              		.ident	"GCC: (GNU Tools for ARM Embedded Processors) 5.4.1 20160609 (release) [ARM/embedded-5-bran
